D/AudioFlinger_Threads(  240): not enough to resample: have 2 frames in but need 83971 in to produce 27990 out given in/out ratio of 3
D/AudioALSACaptureDataProviderNormal(  240): readThread, latency_in_us,0.000017,0.039752,0.001338
D/AudioFlinger_Threads(  240): need 83971 frames in to produce 27990 out given in/out ratio of 3
D/AudioFlinger_Threads(  240): not enough to resample: have 1026 frames in but need 83971 in to produce 27990 out given in/out ratio of 3
D/AudioFlinger_Threads(  240): now need 1024 frames in to produce 341 out given out/in ratio of 0.3333
D/AudioFlinger_Threads(  240): success 2: have 1026 frames in and need 1024 in to produce 341 out given in/out ratio of 3
D/AudioTrackShared(  240): front(0x640c80), mIsOut(0), mAvailToClient=1578 stepCount=341 minimum=342, FUTEX_WAKE
D/AudioFlinger_Threads(  240): need 82948 frames in to produce 27649 out given in/out ratio of 3
D/AudioFlinger_Threads(  240): not enough to resample: have 3 frames in but need 82948 in to produce 27649 out given in/out ratio of 3
D/AudioALSACaptureDataProviderNormal(  240): readThread, latency_in_us,0.000021,0.000155,0.001326
D/AudioALSACaptureDataProviderNormal(  240): readThread, latency_in_us,0.000017,0.039861,0.005937
D/AudioFlinger_Threads(  240): need 82948 frames in to produce 27649 out given in/out ratio of 3
D/AudioFlinger_Threads(  240): not enough to resample: have 1027 frames in but need 82948 in to produce 27649 out given in/out ratio of 3
D/AudioFlinger_Threads(  240): now need 1027 frames in to produce 342 out given out/in ratio of 0.3333
D/AudioFlinger_Threads(  240): success 2: have 1027 frames in and need 1027 in to produce 342 out given in/out ratio of 3
D/AudioTrackShared(  240): front(0x640c80), mIsOut(0), mAvailToClient=1919 stepCount=342 minimum=342, FUTEX_WAKE
D/AudioFlinger_Threads(  240): need 81922 frames in to produce 27307 out given in/out ratio of 3
D/AudioFlinger_Threads(  240): not enough to resample: have 1 frames in but need 81922 in to produce 27307 out given in/out ratio of 3
D/AudioALSACaptureDataProviderNormal(  240): readThread, latency_in_us,0.000077,0.000185,0.005783
D/AudioFlinger_Threads(  240): need 81922 frames in to produce 27307 out given in/out ratio of 3
D/AudioFlinger_Threads(  240): not enough to resample: have 1025 frames in but need 81922 in to produce 27307 out given in/out ratio of 3
D/AudioFlinger_Threads(  240): now need 1024 frames in to produce 341 out given out/in ratio of 0.3333
D/AudioFlinger_Threads(  240): success 2: have 1025 frames in and need 1024 in to produce 341 out given in/out ratio of 3
D/AudioTrackShared(  240): front(0x640c80), mIsOut(0), mAvailToClient=2261 stepCount=341 minimum=342, FUTEX_WAKE
D/AudioFlinger_Threads(  240): need 80899 frames in to produce 26966 out given in/out ratio of 3
D/AudioFlinger_Threads(  240): not enough to resample: have 2 frames in but need 80899 in to produce 26966 out given in/out ratio of 3
W/ADB_SERVICES(  276): create_local_service_socket() name=shell:getprop "ro.serialno"
W/ADB_SERVICES(  276): service_to_fd() name=shell:getprop "ro.serialno"
W/ADB_SERVICES(  276): read_meminfo() mem_free=44224
D/AudioALSACaptureDataProviderNormal(  240): readThread, latency_in_us,0.000067,0.000191,0.005801
D/AudioFlinger_Threads(  240): need 80899 frames in to produce 26966 out given in/out ratio of 3
D/AudioFlinger_Threads(  240): not enough to resample: have 1026 frames in but need 80899 in to produce 26966 out given in/out ratio of 3
D/AudioFlinger_Threads(  240): now need 1024 frames in to produce 341 out given out/in ratio of 0.3333
D/AudioFlinger_Threads(  240): success 2: have 1026 frames in and need 1024 in to produce 341 out given in/out ratio of 3
D/AudioTrackShared(  240): front(0x640c80), mIsOut(0), mAvailToClient=2602 stepCount=341 minimum=342, FUTEX_WAKE
D/AudioFlinger_Threads(  240): need 79876 frames in to produce 26625 out given in/out ratio of 3
D/AudioFlinger_Threads(  240): not enough to resample: have 3 frames in but need 79876 in to produce 26625 out given in/out ratio of 3
W/ADB_SERVICES(  276): create_subproc ret_fd=19 pid=3108
W/ADB_SERVICES(  276): LS(93): bound to 'shell:getprop "ro.serialno"' via 19
W/ADB_SERVICES( 3108): adb: unable to update oom_score_adj
D/Surface ( 1018): Surface::setBuffersDimensions(this=0xb9171268,w=38,h=960)
D/AudioTrackShared( 1892): front(0x640c80), mIsOut 0, avail 2943, mFrameCount 32000, filled 2943
D/AudioTrackShared( 1892): front(0x6417ff), mIsOut 0, avail 0, mFrameCount 32000, filled 0
D/AudioTrackShared( 1892): front(0x6417ff), mIsOut 0, avail 0, mFrameCount 32000, filled 0
D/AudioTrackShared( 1892): front(0x6417ff), mIsOut 0, obtainBuffer() FUTEX_WAIT
D/AudioALSACaptureDataProviderNormal(  240): readThread, latency_in_us,0.000075,0.024588,0.006139
D/AudioALSACaptureDataProviderNormal(  240): readThread, latency_in_us,0.000095,0.000201,0.005915
D/AudioFlinger_Threads(  240): need 79876 frames in to produce 26625 out given in/out ratio of 3
D/AudioFlinger_Threads(  240): not enough to resample: have 1027 frames in but need 79876 in to produce 26625 out given in/out ratio of 3
D/AudioFlinger_Threads(  240): now need 1027 frames in to produce 342 out given out/in ratio of 0.3333
D/AudioFlinger_Threads(  240): success 2: have 1027 frames in and need 1027 in to produce 342 out given in/out ratio of 3
D/AudioTrackShared(  240): front(0x6417ff), mIsOut(0), mAvailToClient=0 stepCount=342 minimum=342, FUTEX_WAKE
D/AudioFlinger_Threads(  240): need 78850 frames in to produce 26283 out given in/out ratio of 3
D/AudioTrackShared( 1892): front(0x6417ff), mIsOut 0, avail 342, mFrameCount 32000, filled 342
D/AudioFlinger_Threads(  240): not enough to resample: have 1 frames in but need 78850 in to produce 26283 out given in/out ratio of 3
D/AudioFlinger_Threads(  240): need 78850 frames in to produce 26283 out given in/out ratio of 3
D/AudioFlinger_Threads(  240): not enough to resample: have 1025 frames in but need 78850 in to produce 26283 out given in/out ratio of 3
D/AudioFlinger_Threads(  240): now need 1024 frames in to produce 341 out given out/in ratio of 0.3333
D/AudioFlinger_Threads(  240): success 2: have 1025 frames in and need 1024 in to produce 341 out given in/out ratio of 3
D/AudioTrackShared(  240): front(0x641900), mIsOut(0), mAvailToClient=85 stepCount=341 minimum=342, FUTEX_WAKE
D/AudioFlinger_Threads(  240): need 77827 frames in to produce 25942 out given in/out ratio of 3
D/AudioFlinger_Threads(  240): not enough to resample: have 2 frames in but need 77827 in to produce 25942 out given in/out ratio of 3
D/ADB_SERVICES(  276):  closing because is_eof=1 r=-1 s->fde.force_eof=0
W/ADB_SERVICES(  276): entered. LS(93) fd=19
W/ADB_SERVICES(  276): create_local_service_socket() name=shell:cat "/sys/class/power_supply/battery/capacity"
W/ADB_SERVICES(  276): service_to_fd() name=shell:cat "/sys/class/power_supply/battery/capacity"
W/ADB_SERVICES(  276): read_meminfo() mem_free=43688
W/ADB_SERVICES(  276): create_subproc ret_fd=19 pid=3110
W/ADB_SERVICES(  276): LS(94): bound to 'shell:cat "/sys/class/power_supply/battery/capacity"' via 19
W/ADB_SERVICES( 3110): adb: unable to update oom_score_adj
D/ADB_SERVICES(  276):  closing because is_eof=1 r=-1 s->fde.force_eof=0
W/ADB_SERVICES(  276): entered. LS(94) fd=19
D/AudioALSACaptureDataProviderNormal(  240): readThread, latency_in_us,0.000091,0.030207,0.004046
D/AudioFlinger_Threads(  240): need 77827 frames in to produce 25942 out given in/out ratio of 3
D/AudioFlinger_Threads(  240): not enough to resample: have 1026 frames in but need 77827 in to produce 25942 out given in/out ratio of 3
D/AudioFlinger_Threads(  240): now need 1024 frames in to produce 341 out given out/in ratio of 0.3333
D/AudioFlinger_Threads(  240): success 2: have 1026 frames in and need 1024 in to produce 341 out given in/out ratio of 3
D/AudioTrackShared(  240): front(0x641900), mIsOut(0), mAvailToClient=426 stepCount=341 minimum=342, FUTEX_WAKE
D/AudioFlinger_Threads(  240): need 76804 frames in to produce 25601 out given in/out ratio of 3
D/AudioFlinger_Threads(  240): not enough to resample: have 3 frames in but need 76804 in to produce 25601 out given in/out ratio of 3
D/AudioALSACaptureDataProviderNormal(  240): readThread, latency_in_us,0.000067,0.000175,0.003933
D/AudioFlinger_Threads(  240): need 76804 frames in to produce 25601 out given in/out ratio of 3
D/AudioFlinger_Threads(  240): not enough to resample: have 1027 frames in but need 76804 in to produce 25601 out given in/out ratio of 3
D/AudioFlinger_Threads(  240): now need 1027 frames in to produce 342 out given out/in ratio of 0.3333
D/AudioFlinger_Threads(  240): success 2: have 1027 frames in and need 1027 in to produce 342 out given in/out ratio of 3
D/AudioTrackShared(  240): front(0x641900), mIsOut(0), mAvailToClient=767 stepCount=342 minimum=342, FUTEX_WAKE
D/AudioFlinger_Threads(  240): need 75778 frames in to produce 25259 out given in/out ratio of 3
D/AudioFlinger_Threads(  240): not enough to resample: have 1 frames in but need 75778 in to produce 25259 out given in/out ratio of 3
D/AudioALSACaptureDataProviderNormal(  240): readThread, latency_in_us,0.000046,0.034419,0.004095
D/AudioFlinger_Threads(  240): need 75778 frames in to produce 25259 out given in/out ratio of 3
D/AudioFlinger_Threads(  240): not enough to resample: have 1025 frames in but need 75778 in to produce 25259 out given in/out ratio of 3
D/AudioFlinger_Threads(  240): now need 1024 frames in to produce 341 out given out/in ratio of 0.3333
D/AudioFlinger_Threads(  240): success 2: have 1025 frames in and need 1024 in to produce 341 out given in/out ratio of 3
D/AudioTrackShared(  240): front(0x641900), mIsOut(0), mAvailToClient=1109 stepCount=341 minimum=342, FUTEX_WAKE
D/AudioFlinger_Threads(  240): need 74755 frames in to produce 24918 out given in/out ratio of 3
D/AudioFlinger_Threads(  240): not enough to resample: have 2 frames in but need 74755 in to produce 24918 out given in/out ratio of 3
D/AudioALSACaptureDataProviderNormal(  240): readThread, latency_in_us,0.000072,0.000168,0.002650
D/AudioFlinger_Threads(  240): need 74755 frames in to produce 24918 out given in/out ratio of 3
D/AudioFlinger_Threads(  240): not enough to resample: have 1026 frames in but need 74755 in to produce 24918 out given in/out ratio of 3
D/AudioFlinger_Threads(  240): now need 1024 frames in to produce 341 out given out/in ratio of 0.3333
D/AudioFlinger_Threads(  240): success 2: have 1026 frames in and need 1024 in to produce 341 out given in/out ratio of 3
D/AudioTrackShared(  240): front(0x641900), mIsOut(0), mAvailToClient=1450 stepCount=341 minimum=342, FUTEX_WAKE
D/AudioFlinger_Threads(  240): need 73732 frames in to produce 24577 out given in/out ratio of 3
D/AudioFlinger_Threads(  240): not enough to resample: have 3 frames in but need 73732 in to produce 24577 out given in/out ratio of 3
D/AudioALSACaptureDataProviderNormal(  240): readThread, latency_in_us,0.000047,0.035568,0.001411
D/AudioFlinger_Threads(  240): need 73732 frames in to produce 24577 out given in/out ratio of 3
D/AudioFlinger_Threads(  240): not enough to resample: have 1027 frames in but need 73732 in to produce 24577 out given in/out ratio of 3
D/AudioFlinger_Threads(  240): now need 1027 frames in to produce 342 out given out/in ratio of 0.3333
D/AudioFlinger_Threads(  240): success 2: have 1027 frames in and need 1027 in to produce 342 out given in/out ratio of 3
D/AudioTrackShared(  240): front(0x641900), mIsOut(0), mAvailToClient=1791 stepCount=342 minimum=342, FUTEX_WAKE
D/AudioFlinger_Threads(  240): need 72706 frames in to produce 24235 out given in/out ratio of 3
D/AudioFlinger_Threads(  240): not enough to resample: have 1 frames in but need 72706 in to produce 24235 out given in/out ratio of 3
D/AudioALSACaptureDataProviderNormal(  240): readThread, latency_in_us,0.000037,0.000156,0.001353
D/AudioFlinger_Threads(  240): need 72706 frames in to produce 24235 out given in/out ratio of 3
D/AudioFlinger_Threads(  240): not enough to resample: have 1025 frames in but need 72706 in to produce 24235 out given in/out ratio of 3
D/AudioFlinger_Threads(  240): now need 1024 frames in to produce 341 out given out/in ratio of 0.3333
D/AudioFlinger_Threads(  240): success 2: have 1025 frames in and need 1024 in to produce 341 out given in/out ratio of 3
D/AudioTrackShared(  240): front(0x641900), mIsOut(0), mAvailToClient=2133 stepCount=341 minimum=342, FUTEX_WAKE
D/AudioFlinger_Threads(  240): need 71683 frames in to produce 23894 out given in/out ratio of 3
D/AudioFlinger_Threads(  240): not enough to resample: have 2 frames in but need 71683 in to produce 23894 out given in/out ratio of 3
D/AudioFlinger_Threads(  240): need 71683 frames in to produce 23894 out given in/out ratio of 3
D/AudioFlinger_Threads(  240): not enough to resample: have 1026 frames in but need 71683 in to produce 23894 out given in/out ratio of 3
D/AudioFlinger_Threads(  240): now need 1024 frames in to produce 341 out given out/in ratio of 0.3333
D/AudioFlinger_Threads(  240): success 2: have 1026 frames in and need 1024 in to produce 341 out given in/out ratio of 3
D/AudioTrackShared(  240): front(0x641900), mIsOut(0), mAvailToClient=2474 stepCount=341 minimum=342, FUTEX_WAKE
D/AudioFlinger_Threads(  240): need 70660 frames in to produce 23553 out given in/out ratio of 3
D/AudioFlinger_Threads(  240): not enough to resample: have 3 frames in but need 70660 in to produce 23553 out given in/out ratio of 3
D/AudioALSACaptureDataProviderNormal(  240): readThread, latency_in_us,0.000017,0.039708,0.001771
D/AudioFlinger_Threads(  240): need 70660 frames in to produce 23553 out given in/out ratio of 3
D/AudioFlinger_Threads(  240): not enough to resample: have 1027 frames in but need 70660 in to produce 23553 out given in/out ratio of 3
D/AudioFlinger_Threads(  240): now need 1027 frames in to produce 342 out given out/in ratio of 0.3333
D/AudioFlinger_Threads(  240): success 2: have 1027 frames in and need 1027 in to produce 342 out given in/out ratio of 3
D/AudioTrackShared(  240): front(0x641900), mIsOut(0), mAvailToClient=2815 stepCount=342 minimum=342, FUTEX_WAKE
D/AudioFlinger_Threads(  240): need 69634 frames in to produce 23211 out given in/out ratio of 3
D/AudioFlinger_Threads(  240): not enough to resample: have 1 frames in but need 69634 in to produce 23211 out given in/out ratio of 3
D/AudioALSACaptureDataProviderNormal(  240): readThread, latency_in_us,0.000018,0.000160,0.001551
E/WifiTrafficPoller(  731): TRAFFIC_STATS_POLL true Token 31 num clients 7
E/WifiTrafficPoller(  731):  packet count Tx=1126 Rx=2952
D/mnl_linux(  254): mtk_gps_sys_nmea_output_to_app: $GNGGA,030431.009,8960.0000,N,00000.0000,E,0,0,,137.0,M,13.0,M,,*51
D/mnl_linux(  254): $GPGSA,A,1,,,,,,,,,,,,,99.99,99.99,99.99*30
D/mnl_linux(  254): $GLGSA,A,1,,,,,,,,,,,,,99.99,99.99,99.99*2C
D/mnl_linux(  254): $GPGSV,1,1,0*49
D/mnl_linux(  254): $GLGSV,1,1,0*55
D/mnl_linux(  254): $GNRMC,030431.009,V,8960.0000,N,00000.0000,E,0.000,0.00,010116,,,N*54
D/mnl_linux(  254): $GNVTG,0.00,T,,M,0.000,N,0.000,K,N*2C
D/mnl_linux(  254): $GNACCURACY,3162.1*21
D/MNLD    (  254): send_cmd_ex: slf_send_cmd (13, 0x30)
D/MNLD    (  254): mtk_gps_sys_gps_mnl_callback: MTK_GPS_MSG_FIX_READY,GET_RTC_FAIL
D/MNLD    (  254): mtk_gps_sys_gps_mnl_callback: gps_measurement_state = 255 ,state = 2
D/gps_mtk (  731): gps_state_thread: line = 3856received 326 bytes:
D/gps_mtk (  731): nmea_reader_update_time: line = 1585fix_time: 1451617471
D/gps_mtk (  731): nmea_reader_parse: line = 2294r->sv_status.num_svs = 0, gps_nmea_end_tag = 0
D/gps_mtk (  731): nmea_reader_addc: line = 2328start nmea_cb
D/gps_mtk (  731): nmea_reader_parse: line = 2294r->sv_status.num_svs = 0, gps_nmea_end_tag = 0
D/gps_mtk (  731): nmea_reader_addc: line = 2328start nmea_cb
D/gps_mtk (  731): nmea_reader_parse: line = 2294r->sv_status.num_svs = 0, gps_nmea_end_tag = 0
D/gps_mtk (  731): nmea_reader_addc: line = 2328start nmea_cb
D/gps_mtk (  731): nmea_reader_parse: line = 2207r->sv_count = 0
D/gps_mtk (  731): nmea_reader_parse: line = 2294r->sv_status.num_svs = 0, gps_nmea_end_tag = 0
D/gps_mtk (  731): nmea_reader_addc: line = 2328start nmea_cb
D/gps_mtk (  731): nmea_reader_parse: line = 2207r->sv_count = 0
D/gps_mtk (  731): nmea_reader_parse: line = 2294r->sv_status.num_svs = 0, gps_nmea_end_tag = 0
D/gps_mtk (  731): nmea_reader_addc: line = 2328start nmea_cb
D/gps_mtk (  731): nmea_reader_parse: line = 2294r->sv_status.num_svs = 0, gps_nmea_end_tag = 0
D/gps_mtk (  731): nmea_reader_addc: line = 2328start nmea_cb
D/gps_mtk (  731): nmea_reader_parse: line = 2294r->sv_status.num_svs = 0, gps_nmea_end_tag = 0
D/gps_mtk (  731): nmea_reader_addc: line = 2328start nmea_cb
D/gps_mtk (  731): nmea_reader_parse: line = 2231GPS get accuracy failed, fix mode:1
D/gps_mtk (  731): nmea_reader_parse: line = 2294r->sv_status.num_svs = 0, gps_nmea_end_tag = 1
D/gps_mtk (  731): nmea_reader_addc: line = 2328start nmea_cb
D/MNLD    (  254): process: epoll_wait() received 1 events
D/MNLD    (  254): sigrcv_handler: args from mnld: 48
D/MNLD    (  254): mnl_set_alarm: (0, 0xB84DA1B0, 5)
D/MNLD    (  254): process: sigrc_handler: ret = 0
D/MNLD    (  254): mtk_gps_sys_agps_disaptcher_callback: agps state mode = 2
D/MNLD    (  254): mtk_gps_sys_agps_disaptcher_callback: GPS re-aiding
D/agps    (  250): [agps] WARNING: [AGPS] [MNL] read  reaiding_req
D/agps    (  250): [agps][n][EVDO] evdo2_is_support_evdo_agps isSupport=0
D/agps    (  250): [agps][n][AGPS] [MNL] write  set_id_req  flags=0x1
D/MNLD    (  254): process: epoll_wait() received 1 events
D/MNLD    (  254): process: mnl2agps_handler: ret = 0
D/MNLD    (  254): set_id_req: set_id_req
D/MNLD    (  254): mnld_sendto_hal: mnld2hal fd: 8
D/gps_mtk (  731): mnld_to_gps_handler: line = 3203WARNING: mnld_to_gps_handler  ret=1024 type=233
V/SettingsInterface( 1327):  from settings cache , name = multi_sim_voice_call , value = 1
D/gps_mtk (  731): mtk_daemon_send: line = 672mtk_daemon_send 180
D/MNLD    (  254): process: epoll_wait() received 1 events
D/MNLD    (  254): socket_handler: args from hal: 131
D/agps    (  254): [MNL2AGPS] type=1, setid = 460022308638852
D/MNLD    (  254): process: socket_handler: ret = 0
D/agps    (  250): [agps][n][AGPS] [MNL] read  set_set_id  type=1 setid=[460022XXXXXXXXX]
D/agps    (  250): [agps][n][AGPS] [MNL] write  ref_loc_req  flags=0x1
D/MNLD    (  254): process: epoll_wait() received 1 events
D/MNLD    (  254): process: mnl2agps_handler: ret = 0
D/MNLD    (  254): ref_loc_req: ref_loc_req
D/MNLD    (  254): mnld_sendto_hal: mnld2hal fd: 8
D/gps_mtk (  731): mnld_to_gps_handler: line = 3203WARNING: mnld_to_gps_handler  ret=1024 type=234
V/SettingsInterface( 1327):  from settings cache , name = multi_sim_voice_call , value = 1
D/PowerManagerService(  731): acquireWakeLockInternal: lock=41875907, flags=0x1, tag="RILJ", ws=null, uid=1001, pid=1327
D/PowerManagerService(  731): updateWakeLockSummaryLocked: mWakefulness=Awake, mWakeLockSummary=0x1
D/PowerManagerService(  731): updateUserActivitySummaryLocked: mWakefulness=Awake, mUserActivitySummary=0x1, nextTimeout=486973 (in 42326 ms)
D/PowerManagerService(  731): mDisplayPowerRequest.policy = 3
D/PowerManagerService(  731): isWfdEnabled() mWfdStatus=WifiDisplayStatus{featureState=0, scanState=0, activeDisplayState=0, activeDisplay=null, displays=[], sessionInfo=WifiDisplaySessionInfo: C/O:Client,GId:,Pp:,SId:0,IP:}, return false
D/DisplayPowerController(  731): requestPowerState: policy=BRIGHT, useProximitySensor=false, screenBrightness=102, screenAutoBrightnessAdjustment=0.0, useAutoBrightness=false, blockScreenOn=false, lowPowerMode=false, boostScreenBrightness=false, dozeScreenBrightness=-1, dozeScreenState=UNKNOWN, waitForNegativeProximity=false
I/PowerManagerService(  731): setBrightness mButtonLight 0.
D/PowerManagerService(  731): updateDisplayPowerStateLocked: mDisplayReady=true, policy=3, mWakefulness=1, mWakeLockSummary=0x1, mUserActivitySummary=0x1, mBootCompleted=true, mScreenBrightnessBoostInProgress=false
D/PowerManagerNotifier(  731): onWakeLockAcquired: flags=1, tag="RILJ", packageName=com.android.phone, ownerUid=1001, ownerPid=1327, workSource=null
D/AudioTrackShared( 1892): front(0x641900), mIsOut 0, avail 3157, mFrameCount 32000, filled 3157
D/AudioTrackShared( 1892): front(0x642555), mIsOut 0, avail 0, mFrameCount 32000, filled 0
D/AudioTrackShared( 1892): front(0x642555), mIsOut 0, avail 0, mFrameCount 32000, filled 0
D/AudioTrackShared( 1892): front(0x642555), mIsOut 0, obtainBuffer() FUTEX_WAIT
D/PowerManagerService(  731): releaseWakeLockInternal: lock=41875907 [RILJ], flags=0x0, total_time=11ms
D/PowerManagerNotifier(  731): onWakeLockReleased: flags=1, tag="RILJ", packageName=com.android.phone, ownerUid=1001, ownerPid=1327, workSource=null
D/PowerManagerService(  731): updateWakeLockSummaryLocked: mWakefulness=Awake, mWakeLockSummary=0x1
D/PowerManagerService(  731): updateUserActivitySummaryLocked: mWakefulness=Awake, mUserActivitySummary=0x1, nextTimeout=486973 (in 42315 ms)
D/PowerManagerService(  731): mDisplayPowerRequest.policy = 3
D/PowerManagerService(  731): isWfdEnabled() mWfdStatus=WifiDisplayStatus{featureState=0, scanState=0, activeDisplayState=0, activeDisplay=null, displays=[], sessionInfo=WifiDisplaySessionInfo: C/O:Client,GId:,Pp:,SId:0,IP:}, return false
D/DisplayPowerController(  731): requestPowerState: policy=BRIGHT, useProximitySensor=false, screenBrightness=102, screenAutoBrightnessAdjustment=0.0, useAutoBrightness=false, blockScreenOn=false, lowPowerMode=false, boostScreenBrightness=false, dozeScreenBrightness=-1, dozeScreenState=UNKNOWN, waitForNegativeProximity=false
I/PowerManagerService(  731): setBrightness mButtonLight 0.
D/PowerManagerService(  731): updateDisplayPowerStateLocked: mDisplayReady=true, policy=3, mWakefulness=1, mWakeLockSummary=0x1, mUserActivitySummary=0x1, mBootCompleted=true, mScreenBrightnessBoostInProgress=false
D/GsmCellLocation( 1327): fillInNotifierBundle:Bundle[{cid=47186, lac=21771, psc=2147483647, type=1}]
D/PhoneInterfaceManager( 1327): [PhoneIntfMgr] phone.getGsmCellLocation:Bundle[{cid=47186, lac=21771, psc=2147483647, type=1}]
E/CellLocation(  731): create GsmCellLocation
V/SettingsInterface( 1327):  from settings cache , name = multi_sim_voice_call , value = 1
V/SettingsInterface( 1327):  from settings cache , name = multi_sim_voice_call , value = 1
E/GpsLocationProvider(  731): Error getting cell location info.
D/AudioALSACaptureDataProviderNormal(  240): readThread, latency_in_us,0.000016,0.039141,0.001406
D/AudioFlinger_Threads(  240): need 69634 frames in to produce 23211 out given in/out ratio of 3
D/AudioFlinger_Threads(  240): not enough to resample: have 1025 frames in but need 69634 in to produce 23211 out given in/out ratio of 3
D/AudioFlinger_Threads(  240): now need 1024 frames in to produce 341 out given out/in ratio of 0.3333
D/AudioFlinger_Threads(  240): success 2: have 1025 frames in and need 1024 in to produce 341 out given in/out ratio of 3
D/AudioTrackShared(  240): front(0x642555), mIsOut(0), mAvailToClient=0 stepCount=341 minimum=342, FUTEX_WAKE
D/AudioFlinger_Threads(  240): need 68611 frames in to produce 22870 out given in/out ratio of 3
D/AudioFlinger_Threads(  240): not enough to resample: have 2 frames in but need 68611 in to produce 22870 out given in/out ratio of 3
D/AudioFlinger_Threads(  240): need 68611 frames in to produce 22870 out given in/out ratio of 3
D/AudioFlinger_Threads(  240): not enough to resample: have 1026 frames in but need 68611 in to produce 22870 out given in/out ratio of 3
D/AudioFlinger_Threads(  240): now need 1024 frames in to produce 341 out given out/in ratio of 0.3333
D/AudioFlinger_Threads(  240): success 2: have 1026 frames in and need 1024 in to produce 341 out given in/out ratio of 3
D/AudioTrackShared(  240): front(0x642555), mIsOut(0), mAvailToClient=341 stepCount=341 minimum=342, FUTEX_WAKE
D/AudioFlinger_Threads(  240): need 67588 frames in to produce 22529 out given in/out ratio of 3
D/AudioFlinger_Threads(  240): not enough to resample: have 3 frames in but need 67588 in to produce 22529 out given in/out ratio of 3
D/AudioTrackShared( 1892): front(0x642555), mIsOut 0, avail 682, mFrameCount 32000, filled 682
D/AudioALSACaptureDataProviderNormal(  240): readThread, latency_in_us,0.000031,0.000178,0.003624
D/AudioALSACaptureDataProviderNormal(  240): readThread, latency_in_us,0.000019,0.037394,0.003012
D/AudioFlinger_Threads(  240): need 67588 frames in to produce 22529 out given in/out ratio of 3
D/AudioFlinger_Threads(  240): not enough to resample: have 1027 frames in but need 67588 in to produce 22529 out given in/out ratio of 3
D/AudioFlinger_Threads(  240): now need 1027 frames in to produce 342 out given out/in ratio of 0.3333
D/AudioFlinger_Threads(  240): success 2: have 1027 frames in and need 1027 in to produce 342 out given in/out ratio of 3
D/AudioTrackShared(  240): front(0x642580), mIsOut(0), mAvailToClient=639 stepCount=342 minimum=342, FUTEX_WAKE
D/AudioFlinger_Threads(  240): need 66562 frames in to produce 22187 out given in/out ratio of 3
D/AudioFlinger_Threads(  240): not enough to resample: have 1 frames in but need 66562 in to produce 22187 out given in/out ratio of 3
D/AudioALSACaptureDataProviderNormal(  240): readThread, latency_in_us,0.000058,0.000167,0.003383
D/Surface ( 1018): Surface::setBuffersDimensions(this=0xb9171268,w=38,h=960)
D/PerfServiceManager(  731): [PerfService] notifyFrameUpdate - bDuringTouchBoost:false 
D/AudioALSACaptureDataProviderNormal(  240): readThread, latency_in_us,0.000032,0.035961,0.001396
D/AudioALSACaptureDataProviderNormal(  240): readThread, latency_in_us,0.000039,0.000157,0.001360
D/AudioFlinger_Threads(  240): need 66562 frames in to produce 22187 out given in/out ratio of 3
D/AudioFlinger_Threads(  240): not enough to resample: have 1025 frames in but need 66562 in to produce 22187 out given in/out ratio of 3
D/AudioFlinger_Threads(  240): now need 1024 frames in to produce 341 out given out/in ratio of 0.3333
D/AudioFlinger_Threads(  240): success 2: have 1025 frames in and need 1024 in to produce 341 out given in/out ratio of 3
D/AudioTrackShared(  240): front(0x642580), mIsOut(0), mAvailToClient=981 stepCount=341 minimum=342, FUTEX_WAKE
D/AudioFlinger_Threads(  240): need 65539 frames in to produce 21846 out given in/out ratio of 3
D/AudioFlinger_Threads(  240): not enough to resample: have 2 frames in but need 65539 in to produce 21846 out given in/out ratio of 3
D/AudioFlinger_Threads(  240): need 65539 frames in to produce 21846 out given in/out ratio of 3
D/AudioFlinger_Threads(  240): not enough to resample: have 1026 frames in but need 65539 in to produce 21846 out given in/out ratio of 3
D/AudioFlinger_Threads(  240): now need 1024 frames in to produce 341 out given out/in ratio of 0.3333
D/AudioFlinger_Threads(  240): success 2: have 1026 frames in and need 1024 in to produce 341 out given in/out ratio of 3
D/AudioTrackShared(  240): front(0x642580), mIsOut(0), mAvailToClient=1322 stepCount=341 minimum=342, FUTEX_WAKE
D/AudioFlinger_Threads(  240): need 64516 frames in to produce 21505 out given in/out ratio of 3
D/AudioFlinger_Threads(  240): not enough to resample: have 3 frames in but need 64516 in to produce 21505 out given in/out ratio of 3
I/SurfaceFlinger(  225): [Built-in Screen (type:0)] fps:4.103001,dur:1218.62,max:310.55,min:90.71
D/AudioFlinger_Threads(  240): need 64516 frames in to produce 21505 out given in/out ratio of 3
D/AudioFlinger_Threads(  240): not enough to resample: have 1027 frames in but need 64516 in to produce 21505 out given in/out ratio of 3
D/AudioFlinger_Threads(  240): now need 1027 frames in to produce 342 out given out/in ratio of 0.3333
D/AudioFlinger_Threads(  240): success 2: have 1027 frames in and need 1027 in to produce 342 out given in/out ratio of 3
D/AudioTrackShared(  240): front(0x642580), mIsOut(0), mAvailToClient=1663 stepCount=342 minimum=342, FUTEX_WAKE
D/AudioFlinger_Threads(  240): need 63490 frames in to produce 21163 out given in/out ratio of 3
D/AudioFlinger_Threads(  240): not enough to resample: have 1 frames in but need 63490 in to produce 21163 out given in/out ratio of 3
D/AudioALSACaptureDataProviderNormal(  240): readThread, latency_in_us,0.000017,0.039700,0.002590
D/AudioFlinger_Threads(  240): need 63490 frames in to produce 21163 out given in/out ratio of 3
D/AudioFlinger_Threads(  240): not enough to resample: have 1025 frames in but need 63490 in to produce 21163 out given in/out ratio of 3
D/AudioFlinger_Threads(  240): now need 1024 frames in to produce 341 out given out/in ratio of 0.3333
D/AudioFlinger_Threads(  240): success 2: have 1025 frames in and need 1024 in to produce 341 out given in/out ratio of 3
D/AudioTrackShared(  240): front(0x642580), mIsOut(0), mAvailToClient=2005 stepCount=341 minimum=342, FUTEX_WAKE
D/AudioFlinger_Threads(  240): need 62467 frames in to produce 20822 out given in/out ratio of 3
D/AudioFlinger_Threads(  240): not enough to resample: have 2 frames in but need 62467 in to produce 20822 out given in/out ratio of 3
D/AudioALSACaptureDataProviderNormal(  240): readThread, latency_in_us,0.000018,0.000161,0.001552
D/AudioFlinger_Threads(  240): need 62467 frames in to produce 20822 out given in/out ratio of 3
D/AudioFlinger_Threads(  240): not enough to resample: have 1026 frames in but need 62467 in to produce 20822 out given in/out ratio of 3
D/AudioFlinger_Threads(  240): now need 1024 frames in to produce 341 out given out/in ratio of 0.3333
D/AudioFlinger_Threads(  240): success 2: have 1026 frames in and need 1024 in to produce 341 out given in/out ratio of 3
D/AudioTrackShared(  240): front(0x642580), mIsOut(0), mAvailToClient=2346 stepCount=341 minimum=342, FUTEX_WAKE
D/AudioFlinger_Threads(  240): need 61444 frames in to produce 20481 out given in/out ratio of 3
D/AudioFlinger_Threads(  240): not enough to resample: have 3 frames in but need 61444 in to produce 20481 out given in/out ratio of 3
D/AudioALSACaptureDataProviderNormal(  240): readThread, latency_in_us,0.000016,0.000156,0.001526
D/AudioFlinger_Threads(  240): need 61444 frames in to produce 20481 out given in/out ratio of 3
D/AudioFlinger_Threads(  240): not enough to resample: have 1027 frames in but need 61444 in to produce 20481 out given in/out ratio of 3
D/AudioFlinger_Threads(  240): now need 1027 frames in to produce 342 out given out/in ratio of 0.3333
D/AudioFlinger_Threads(  240): success 2: have 1027 frames in and need 1027 in to produce 342 out given in/out ratio of 3
D/AudioTrackShared(  240): front(0x642580), mIsOut(0), mAvailToClient=2687 stepCount=342 minimum=342, FUTEX_WAKE
D/AudioFlinger_Threads(  240): need 60418 frames in to produce 20139 out given in/out ratio of 3
D/AudioFlinger_Threads(  240): not enough to resample: have 1 frames in but need 60418 in to produce 20139 out given in/out ratio of 3
D/AudioALSACaptureDataProviderNormal(  240): readThread, latency_in_us,0.000016,0.036744,0.003365
D/AudioFlinger_Threads(  240): need 60418 frames in to produce 20139 out given in/out ratio of 3
D/AudioFlinger_Threads(  240): not enough to resample: have 1025 frames in but need 60418 in to produce 20139 out given in/out ratio of 3
D/AudioFlinger_Threads(  240): now need 1024 frames in to produce 341 out given out/in ratio of 0.3333
D/AudioFlinger_Threads(  240): success 2: have 1025 frames in and need 1024 in to produce 341 out given in/out ratio of 3
D/AudioTrackShared(  240): front(0x642580), mIsOut(0), mAvailToClient=3029 stepCount=341 minimum=342, FUTEX_WAKE
D/AudioFlinger_Threads(  240): need 59395 frames in to produce 19798 out given in/out ratio of 3
D/AudioFlinger_Threads(  240): not enough to resample: have 2 frames in but need 59395 in to produce 19798 out given in/out ratio of 3
D/AudioALSACaptureDataProviderNormal(  240): readThread, latency_in_us,0.000033,0.000168,0.003314
D/AudioTrackShared( 1892): front(0x642580), mIsOut 0, avail 3370, mFrameCount 32000, filled 3370
D/AudioFlinger_Threads(  240): need 59395 frames in to produce 19798 out given in/out ratio of 3
D/AudioFlinger_Threads(  240): not enough to resample: have 1026 frames in but need 59395 in to produce 19798 out given in/out ratio of 3
D/AudioFlinger_Threads(  240): now need 1024 frames in to produce 341 out given out/in ratio of 0.3333
D/AudioFlinger_Threads(  240): success 2: have 1026 frames in and need 1024 in to produce 341 out given in/out ratio of 3
D/AudioTrackShared(  240): front(0x643200), mIsOut(0), mAvailToClient=170 stepCount=341 minimum=342, FUTEX_WAKE
D/AudioFlinger_Threads(  240): need 58372 frames in to produce 19457 out given in/out ratio of 3
D/AudioFlinger_Threads(  240): not enough to resample: have 3 frames in but need 58372 in to produce 19457 out given in/out ratio of 3
D/AudioALSACaptureDataProviderNormal(  240): readThread, latency_in_us,0.000032,0.035732,0.003428
D/AudioFlinger_Threads(  240): need 58372 frames in to produce 19457 out given in/out ratio of 3
D/AudioFlinger_Threads(  240): not enough to resample: have 1027 frames in but need 58372 in to produce 19457 out given in/out ratio of 3
D/AudioFlinger_Threads(  240): now need 1027 frames in to produce 342 out given out/in ratio of 0.3333
D/AudioFlinger_Threads(  240): success 2: have 1027 frames in and need 1027 in to produce 342 out given in/out ratio of 3
D/AudioTrackShared(  240): front(0x643200), mIsOut(0), mAvailToClient=511 stepCount=342 minimum=342, FUTEX_WAKE
D/AudioFlinger_Threads(  240): need 57346 frames in to produce 19115 out given in/out ratio of 3
D/AudioFlinger_Threads(  240): not enough to resample: have 1 frames in but need 57346 in to produce 19115 out given in/out ratio of 3
D/AudioALSACaptureDataProviderNormal(  240): readThread, latency_in_us,0.000033,0.000167,0.004399
D/AudioALSACaptureDataProviderNormal(  240): readThread, latency_in_us,0.000032,0.034605,0.002275
D/AudioALSACaptureDataProviderNormal(  240): readThread, latency_in_us,0.000040,0.000156,0.001317
D/AudioFlinger_Threads(  240): need 57346 frames in to produce 19115 out given in/out ratio of 3
D/AudioFlinger_Threads(  240): not enough to resample: have 1025 frames in but need 57346 in to produce 19115 out given in/out ratio of 3
D/AudioFlinger_Threads(  240): now need 1024 frames in to produce 341 out given out/in ratio of 0.3333
D/AudioFlinger_Threads(  240): success 2: have 1025 frames in and need 1024 in to produce 341 out given in/out ratio of 3
D/AudioTrackShared(  240): front(0x643200), mIsOut(0), mAvailToClient=853 stepCount=341 minimum=342, FUTEX_WAKE
D/AudioFlinger_Threads(  240): need 56323 frames in to produce 18774 out given in/out ratio of 3
D/AudioFlinger_Threads(  240): not enough to resample: have 2 frames in but need 56323 in to produce 18774 out given in/out ratio of 3
D/AudioFlinger_Threads(  240): need 56323 frames in to produce 18774 out given in/out ratio of 3
D/AudioFlinger_Threads(  240): not enough to resample: have 1026 frames in but need 56323 in to produce 18774 out given in/out ratio of 3
D/AudioFlinger_Threads(  240): now need 1024 frames in to produce 341 out given out/in ratio of 0.3333
D/AudioFlinger_Threads(  240): success 2: have 1026 frames in and need 1024 in to produce 341 out given in/out ratio of 3
D/AudioTrackShared(  240): front(0x643200), mIsOut(0), mAvailToClient=1194 stepCount=341 minimum=342, FUTEX_WAKE
D/AudioFlinger_Threads(  240): need 55300 frames in to produce 18433 out given in/out ratio of 3
D/AudioFlinger_Threads(  240): not enough to resample: have 3 frames in but need 55300 in to produce 18433 out given in/out ratio of 3
D/AudioALSACaptureDataProviderNormal(  240): readThread, latency_in_us,0.000017,0.038839,0.001427
D/AudioALSACaptureDataProviderNormal(  240): readThread, latency_in_us,0.000041,0.000157,0.001323
D/AudioFlinger_Threads(  240): need 55300 frames in to produce 18433 out given in/out ratio of 3
D/AudioFlinger_Threads(  240): not enough to resample: have 1027 frames in but need 55300 in to produce 18433 out given in/out ratio of 3
D/AudioFlinger_Threads(  240): now need 1027 frames in to produce 342 out given out/in ratio of 0.3333
D/AudioFlinger_Threads(  240): success 2: have 1027 frames in and need 1027 in to produce 342 out given in/out ratio of 3
D/AudioTrackShared(  240): front(0x643200), mIsOut(0), mAvailToClient=1535 stepCount=342 minimum=342, FUTEX_WAKE
D/AudioFlinger_Threads(  240): need 54274 frames in to produce 18091 out given in/out ratio of 3
D/AudioFlinger_Threads(  240): not enough to resample: have 1 frames in but need 54274 in to produce 18091 out given in/out ratio of 3
D/AudioFlinger_Threads(  240): need 54274 frames in to produce 18091 out given in/out ratio of 3
D/AudioFlinger_Threads(  240): not enough to resample: have 1025 frames in but need 54274 in to produce 18091 out given in/out ratio of 3
D/AudioFlinger_Threads(  240): now need 1024 frames in to produce 341 out given out/in ratio of 0.3333
D/AudioFlinger_Threads(  240): success 2: have 1025 frames in and need 1024 in to produce 341 out given in/out ratio of 3
D/AudioTrackShared(  240): front(0x643200), mIsOut(0), mAvailToClient=1877 stepCount=341 minimum=342, FUTEX_WAKE
D/AudioFlinger_Threads(  240): need 53251 frames in to produce 17750 out given in/out ratio of 3
D/AudioFlinger_Threads(  240): not enough to resample: have 2 frames in but need 53251 in to produce 17750 out given in/out ratio of 3
D/AudioFlinger_Threads(  240): need 53251 frames in to produce 17750 out given in/out ratio of 3
D/AudioFlinger_Threads(  240): not enough to resample: have 1026 frames in but need 53251 in to produce 17750 out given in/out ratio of 3
D/AudioFlinger_Threads(  240): now need 1024 frames in to produce 341 out given out/in ratio of 0.3333
D/AudioFlinger_Threads(  240): success 2: have 1026 frames in and need 1024 in to produce 341 out given in/out ratio of 3
D/AudioTrackShared(  240): front(0x643200), mIsOut(0), mAvailToClient=2218 stepCount=341 minimum=342, FUTEX_WAKE
D/AudioFlinger_Threads(  240): need 52228 frames in to produce 17409 out given in/out ratio of 3
D/AudioFlinger_Threads(  240): not enough to resample: have 3 frames in but need 52228 in to produce 17409 out given in/out ratio of 3
D/AudioALSACaptureDataProviderNormal(  240): readThread, latency_in_us,0.000018,0.039678,0.001667
D/AudioALSACaptureDataProviderNormal(  240): readThread, latency_in_us,0.000016,0.000157,0.001381
D/Surface ( 1018): Surface::setBuffersDimensions(this=0xb9171268,w=38,h=960)
I/BufferQueueProducer(  225): [StatusBar](this:0xb819de08,id:8,api:1,p:1018,c:225) queueBuffer: fps=3.86 dur=1294.28 max=312.74 min=88.58
D/AudioTrackShared( 1892): front(0x643200), mIsOut 0, avail 2559, mFrameCount 32000, filled 2559
D/AudioTrackShared( 1892): front(0x643bff), mIsOut 0, avail 0, mFrameCount 32000, filled 0
D/AudioTrackShared( 1892): front(0x643bff), mIsOut 0, avail 0, mFrameCount 32000, filled 0
D/AudioTrackShared( 1892): front(0x643bff), mIsOut 0, obtainBuffer() FUTEX_WAIT
D/AudioFlinger_Threads(  240): need 52228 frames in to produce 17409 out given in/out ratio of 3
D/AudioFlinger_Threads(  240): not enough to resample: have 1027 frames in but need 52228 in to produce 17409 out given in/out ratio of 3
D/AudioFlinger_Threads(  240): now need 1027 frames in to produce 342 out given out/in ratio of 0.3333
D/AudioFlinger_Threads(  240): success 2: have 1027 frames in and need 1027 in to produce 342 out given in/out ratio of 3
D/AudioTrackShared(  240): front(0x643bff), mIsOut(0), mAvailToClient=0 stepCount=342 minimum=342, FUTEX_WAKE
D/AudioFlinger_Threads(  240): need 51202 frames in to produce 17067 out given in/out ratio of 3
D/AudioFlinger_Threads(  240): not enough to resample: have 1 frames in but need 51202 in to produce 17067 out given in/out ratio of 3
D/AudioALSACaptureDataProviderNormal(  240): readThread, latency_in_us,0.000017,0.040631,0.004915
D/AudioFlinger_Threads(  240): need 51202 frames in to produce 17067 out given in/out ratio of 3
D/AudioFlinger_Threads(  240): not enough to resample: have 1025 frames in but need 51202 in to produce 17067 out given in/out ratio of 3
D/AudioFlinger_Threads(  240): now need 1024 frames in to produce 341 out given out/in ratio of 0.3333
D/AudioFlinger_Threads(  240): success 2: have 1025 frames in and need 1024 in to produce 341 out given in/out ratio of 3
D/AudioTrackShared(  240): front(0x643bff), mIsOut(0), mAvailToClient=342 stepCount=341 minimum=342, FUTEX_WAKE
D/AudioFlinger_Threads(  240): need 50179 frames in to produce 16726 out given in/out ratio of 3
D/AudioFlinger_Threads(  240): not enough to resample: have 2 frames in but need 50179 in to produce 16726 out given in/out ratio of 3
D/AudioALSACaptureDataProviderNormal(  240): readThread, latency_in_us,0.000042,0.000162,0.004619
D/AudioFlinger_Threads(  240): need 50179 frames in to produce 16726 out given in/out ratio of 3
D/AudioFlinger_Threads(  240): not enough to resample: have 1026 frames in but need 50179 in to produce 16726 out given in/out ratio of 3
D/AudioFlinger_Threads(  240): now need 1024 frames in to produce 341 out given out/in ratio of 0.3333
D/AudioFlinger_Threads(  240): success 2: have 1026 frames in and need 1024 in to produce 341 out given in/out ratio of 3
D/AudioTrackShared(  240): front(0x643bff), mIsOut(0), mAvailToClient=683 stepCount=341 minimum=342, FUTEX_WAKE
D/AudioFlinger_Threads(  240): need 49156 frames in to produce 16385 out given in/out ratio of 3
D/AudioFlinger_Threads(  240): not enough to resample: have 3 frames in but need 49156 in to produce 16385 out given in/out ratio of 3
D/AudioALSACaptureDataProviderNormal(  240): readThread, latency_in_us,0.000043,0.000156,0.004596
D/AudioTrackShared( 1892): front(0x643bff), mIsOut 0, avail 1024, mFrameCount 32000, filled 1024
D/AudioFlinger_Threads(  240): need 49156 frames in to produce 16385 out given in/out ratio of 3
D/AudioFlinger_Threads(  240): not enough to resample: have 1027 frames in but need 49156 in to produce 16385 out given in/out ratio of 3
D/AudioFlinger_Threads(  240): now need 1027 frames in to produce 342 out given out/in ratio of 0.3333
D/AudioFlinger_Threads(  240): success 2: have 1027 frames in and need 1027 in to produce 342 out given in/out ratio of 3
D/AudioTrackShared(  240): front(0x643e80), mIsOut(0), mAvailToClient=383 stepCount=342 minimum=342, FUTEX_WAKE
D/AudioFlinger_Threads(  240): need 48130 frames in to produce 16043 out given in/out ratio of 3
D/AudioFlinger_Threads(  240): not enough to resample: have 1 frames in but need 48130 in to produce 16043 out given in/out ratio of 3
D/AudioALSACaptureDataProviderNormal(  240): readThread, latency_in_us,0.000041,0.026937,0.003655
W/ADB_SERVICES(  276): create_local_service_socket() name=shell:export ANDROID_LOG_TAGS="''"; exec logcat
W/ADB_SERVICES(  276): service_to_fd() name=shell:export ANDROID_LOG_TAGS="''"; exec logcat
W/ADB_SERVICES(  276): read_meminfo() mem_free=44476
W/ADB_SERVICES(  276): create_subproc ret_fd=19 pid=3111
W/ADB_SERVICES(  276): LS(95): bound to 'shell:export ANDROID_LOG_TAGS="''"; exec logcat' via 19
W/ADB_SERVICES( 3111): adb: unable to update oom_score_adj
D/AudioALSACaptureDataProviderNormal(  240): readThread, latency_in_us,0.000033,0.038890,0.001430
D/AudioALSACaptureDataProviderNormal(  240): readThread, latency_in_us,0.000041,0.000158,0.001331
D/AudioALSACaptureDataProviderNormal(  240): readThread, latency_in_us,0.000016,0.000153,0.001322
D/AudioFlinger_Threads(  240): need 48130 frames in to produce 16043 out given in/out ratio of 3
D/AudioFlinger_Threads(  240): not enough to resample: have 1025 frames in but need 48130 in to produce 16043 out given in/out ratio of 3
D/AudioFlinger_Threads(  240): now need 1024 frames in to produce 341 out given out/in ratio of 0.3333
D/AudioFlinger_Threads(  240): success 2: have 1025 frames in and need 1024 in to produce 341 out given in/out ratio of 3
D/AudioTrackShared(  240): front(0x643e80), mIsOut(0), mAvailToClient=725 stepCount=341 minimum=342, FUTEX_WAKE
D/AudioFlinger_Threads(  240): need 47107 frames in to produce 15702 out given in/out ratio of 3
D/AudioFlinger_Threads(  240): not enough to resample: have 2 frames in but need 47107 in to produce 15702 out given in/out ratio of 3
D/AudioFlinger_Threads(  240): need 47107 frames in to produce 15702 out given in/out ratio of 3
D/AudioFlinger_Threads(  240): not enough to resample: have 1026 frames in but need 47107 in to produce 15702 out given in/out ratio of 3
D/AudioFlinger_Threads(  240): now need 1024 frames in to produce 341 out given out/in ratio of 0.3333
D/AudioFlinger_Threads(  240): success 2: have 1026 frames in and need 1024 in to produce 341 out given in/out ratio of 3
D/AudioTrackShared(  240): front(0x643e80), mIsOut(0), mAvailToClient=1066 stepCount=341 minimum=342, FUTEX_WAKE
D/AudioFlinger_Threads(  240): need 46084 frames in to produce 15361 out given in/out ratio of 3
D/AudioFlinger_Threads(  240): not enough to resample: have 3 frames in but need 46084 in to produce 15361 out given in/out ratio of 3
D/AudioFlinger_Threads(  240): need 46084 frames in to produce 15361 out given in/out ratio of 3
D/AudioFlinger_Threads(  240): not enough to resample: have 1027 frames in but need 46084 in to produce 15361 out given in/out ratio of 3
D/AudioFlinger_Threads(  240): now need 1027 frames in to produce 342 out given out/in ratio of 0.3333
D/AudioFlinger_Threads(  240): success 2: have 1027 frames in and need 1027 in to produce 342 out given in/out ratio of 3
D/AudioTrackShared(  240): front(0x643e80), mIsOut(0), mAvailToClient=1407 stepCount=342 minimum=342, FUTEX_WAKE
D/AudioFlinger_Threads(  240): need 45058 frames in to produce 15019 out given in/out ratio of 3
D/AudioFlinger_Threads(  240): not enough to resample: have 1 frames in but need 45058 in to produce 15019 out given in/out ratio of 3
D/AudioALSACaptureDataProviderNormal(  240): readThread, latency_in_us,0.000016,0.038306,0.001451
D/AudioALSACaptureDataProviderNormal(  240): readThread, latency_in_us,0.000033,0.000160,0.001314
D/AudioFlinger_Threads(  240): need 45058 frames in to produce 15019 out given in/out ratio of 3
D/AudioFlinger_Threads(  240): not enough to resample: have 1025 frames in but need 45058 in to produce 15019 out given in/out ratio of 3
D/AudioFlinger_Threads(  240): now need 1024 frames in to produce 341 out given out/in ratio of 0.3333
D/AudioFlinger_Threads(  240): success 2: have 1025 frames in and need 1024 in to produce 341 out given in/out ratio of 3
D/AudioTrackShared(  240): front(0x643e80), mIsOut(0), mAvailToClient=1749 stepCount=341 minimum=342, FUTEX_WAKE
D/AudioFlinger_Threads(  240): need 44035 frames in to produce 14678 out given in/out ratio of 3
D/AudioFlinger_Threads(  240): not enough to resample: have 2 frames in but need 44035 in to produce 14678 out given in/out ratio of 3
D/AudioFlinger_Threads(  240): need 44035 frames in to produce 14678 out given in/out ratio of 3
D/AudioFlinger_Threads(  240): not enough to resample: have 1026 frames in but need 44035 in to produce 14678 out given in/out ratio of 3
D/AudioFlinger_Threads(  240): now need 1024 frames in to produce 341 out given out/in ratio of 0.3333
D/AudioFlinger_Threads(  240): success 2: have 1026 frames in and need 1024 in to produce 341 out given in/out ratio of 3
D/AudioTrackShared(  240): front(0x643e80), mIsOut(0), mAvailToClient=2090 stepCount=341 minimum=342, FUTEX_WAKE
D/AudioFlinger_Threads(  240): need 43012 frames in to produce 14337 out given in/out ratio of 3
D/AudioFlinger_Threads(  240): not enough to resample: have 3 frames in but need 43012 in to produce 14337 out given in/out ratio of 3
D/AudioALSACaptureDataProviderNormal(  240): readThread, latency_in_us,0.000018,0.039686,0.001417
D/AudioALSACaptureDataProviderNormal(  240): readThread, latency_in_us,0.000034,0.000160,0.001301
D/AudioFlinger_Threads(  240): need 43012 frames in to produce 14337 out given in/out ratio of 3
D/AudioFlinger_Threads(  240): not enough to resample: have 1027 frames in but need 43012 in to produce 14337 out given in/out ratio of 3
D/AudioFlinger_Threads(  240): now need 1027 frames in to produce 342 out given out/in ratio of 0.3333
D/AudioFlinger_Threads(  240): success 2: have 1027 frames in and need 1027 in to produce 342 out given in/out ratio of 3
D/AudioTrackShared(  240): front(0x643e80), mIsOut(0), mAvailToClient=2431 stepCount=342 minimum=342, FUTEX_WAKE
D/AudioFlinger_Threads(  240): need 41986 frames in to produce 13995 out given in/out ratio of 3
D/AudioFlinger_Threads(  240): not enough to resample: have 1 frames in but need 41986 in to produce 13995 out given in/out ratio of 3
D/AudioFlinger_Threads(  240): need 41986 frames in to produce 13995 out given in/out ratio of 3
D/AudioFlinger_Threads(  240): not enough to resample: have 1025 frames in but need 41986 in to produce 13995 out given in/out ratio of 3
D/AudioFlinger_Threads(  240): now need 1024 frames in to produce 341 out given out/in ratio of 0.3333
D/AudioFlinger_Threads(  240): success 2: have 1025 frames in and need 1024 in to produce 341 out given in/out ratio of 3
D/AudioTrackShared(  240): front(0x643e80), mIsOut(0), mAvailToClient=2773 stepCount=341 minimum=342, FUTEX_WAKE
D/AudioFlinger_Threads(  240): need 40963 frames in to produce 13654 out given in/out ratio of 3
