E/WifiTrafficPoller(  731):  packet count Tx=1126 Rx=2952
E/WifiTrafficPoller(  731): notifying of data activity 1
D/NetworkController.WifiSignalController( 1018): setActivity: wifiActivity= 1
D/NetworkController.WifiSignalController( 1018): isDirty : false
D/NetworkController.WifiSignalController( 1018): Change in state from: connected=true,enabled=true,level=4,inetCondition=1,iconGroup=IconGroup(Wi-Fi Icons),activityIn=false,activityOut=false,rssi=-37,networkType=null,lastModified=08-25 06:13:54,ssid="Honor 8"
D/NetworkController.WifiSignalController( 1018): 	to: connected=true,enabled=true,level=4,inetCondition=1,iconGroup=IconGroup(Wi-Fi Icons),activityIn=true,activityOut=false,rssi=-37,networkType=null,lastModified=08-25 06:13:54,ssid="Honor 8"
D/NetworkController.WifiSignalController( 1018): Wifi notifyListeners: level= 4, wifiActivity= 1
D/SignalClusterView( 1018): setWifiIndicators, visible=true, strengthIcon=2130837929, contentDescription=WLAN
D/AudioFlinger_Threads(  240): need 18436 frames in to produce 6145 out given in/out ratio of 3
D/AudioFlinger_Threads(  240): not enough to resample: have 1027 frames in but need 18436 in to produce 6145 out given in/out ratio of 3
D/AudioFlinger_Threads(  240): now need 1027 frames in to produce 342 out given out/in ratio of 0.3333
D/AudioFlinger_Threads(  240): success 2: have 1027 frames in and need 1027 in to produce 342 out given in/out ratio of 3
D/AudioTrackShared(  240): front(0x635d80), mIsOut(0), mAvailToClient=2687 stepCount=342 minimum=342, FUTEX_WAKE
D/AudioFlinger_Threads(  240): need 17410 frames in to produce 5803 out given in/out ratio of 3
D/AudioALSACaptureDataProviderNormal(  240): readThread, latency_in_us,0.000061,0.021294,0.006277
D/AudioTrackShared( 1892): front(0x635d80), mIsOut 0, avail 2687, mFrameCount 32000, filled 2687
D/AudioFlinger_Threads(  240): not enough to resample: have 1 frames in but need 17410 in to produce 5803 out given in/out ratio of 3
D/AudioTrackShared( 1892): front(0x6367ff), mIsOut 0, avail 342, mFrameCount 32000, filled 342
D/AudioTrackShared( 1892): front(0x636955), mIsOut 0, avail 0, mFrameCount 32000, filled 0
D/AudioTrackShared( 1892): front(0x636955), mIsOut 0, avail 0, mFrameCount 32000, filled 0
D/gps_mtk (  731): gps_state_thread: line = 3856received 326 bytes:
D/AudioTrackShared( 1892): front(0x636955), mIsOut 0, obtainBuffer() FUTEX_WAIT
D/gps_mtk (  731): nmea_reader_update_time: line = 1585fix_time: 1451617468
D/gps_mtk (  731): nmea_reader_parse: line = 2294r->sv_status.num_svs = 0, gps_nmea_end_tag = 0
D/gps_mtk (  731): nmea_reader_addc: line = 2328start nmea_cb
D/gps_mtk (  731): nmea_reader_parse: line = 2294r->sv_status.num_svs = 0, gps_nmea_end_tag = 0
D/gps_mtk (  731): nmea_reader_addc: line = 2328start nmea_cb
D/gps_mtk (  731): nmea_reader_parse: line = 2294r->sv_status.num_svs = 0, gps_nmea_end_tag = 0
D/gps_mtk (  731): nmea_reader_addc: line = 2328start nmea_cb
D/gps_mtk (  731): nmea_reader_parse: line = 2207r->sv_count = 0
D/gps_mtk (  731): nmea_reader_parse: line = 2294r->sv_status.num_svs = 0, gps_nmea_end_tag = 0
D/gps_mtk (  731): nmea_reader_addc: line = 2328start nmea_cb
D/gps_mtk (  731): nmea_reader_parse: line = 2207r->sv_count = 0
D/gps_mtk (  731): nmea_reader_parse: line = 2294r->sv_status.num_svs = 0, gps_nmea_end_tag = 0
D/gps_mtk (  731): nmea_reader_addc: line = 2328start nmea_cb
D/gps_mtk (  731): nmea_reader_parse: line = 2294r->sv_status.num_svs = 0, gps_nmea_end_tag = 0
D/gps_mtk (  731): nmea_reader_addc: line = 2328start nmea_cb
D/gps_mtk (  731): nmea_reader_parse: line = 2294r->sv_status.num_svs = 0, gps_nmea_end_tag = 0
D/gps_mtk (  731): nmea_reader_addc: line = 2328start nmea_cb
D/gps_mtk (  731): nmea_reader_parse: line = 2231GPS get accuracy failed, fix mode:1
D/gps_mtk (  731): nmea_reader_parse: line = 2294r->sv_status.num_svs = 0, gps_nmea_end_tag = 1
D/gps_mtk (  731): nmea_reader_addc: line = 2328start nmea_cb
D/AudioFlinger_Threads(  240): need 17410 frames in to produce 5803 out given in/out ratio of 3
D/AudioFlinger_Threads(  240): not enough to resample: have 1025 frames in but need 17410 in to produce 5803 out given in/out ratio of 3
D/AudioFlinger_Threads(  240): now need 1024 frames in to produce 341 out given out/in ratio of 0.3333
D/AudioFlinger_Threads(  240): success 2: have 1025 frames in and need 1024 in to produce 341 out given in/out ratio of 3
D/AudioTrackShared(  240): front(0x636955), mIsOut(0), mAvailToClient=0 stepCount=341 minimum=342, FUTEX_WAKE
D/AudioFlinger_Threads(  240): need 16387 frames in to produce 5462 out given in/out ratio of 3
D/AudioFlinger_Threads(  240): not enough to resample: have 2 frames in but need 16387 in to produce 5462 out given in/out ratio of 3
D/AudioALSACaptureDataProviderNormal(  240): readThread, latency_in_us,0.006832,0.000208,0.011364
D/AudioTrackShared( 1892): front(0x636955), mIsOut 0, avail 341, mFrameCount 32000, filled 341
D/AudioFlinger_Threads(  240): need 16387 frames in to produce 5462 out given in/out ratio of 3
D/AudioFlinger_Threads(  240): not enough to resample: have 1026 frames in but need 16387 in to produce 5462 out given in/out ratio of 3
D/AudioFlinger_Threads(  240): now need 1024 frames in to produce 341 out given out/in ratio of 0.3333
D/AudioFlinger_Threads(  240): success 2: have 1026 frames in and need 1024 in to produce 341 out given in/out ratio of 3
D/AudioTrackShared(  240): front(0x636a00), mIsOut(0), mAvailToClient=170 stepCount=341 minimum=342, FUTEX_WAKE
D/AudioFlinger_Threads(  240): need 15364 frames in to produce 5121 out given in/out ratio of 3
D/AudioFlinger_Threads(  240): not enough to resample: have 3 frames in but need 15364 in to produce 5121 out given in/out ratio of 3
D/AudioALSACaptureDataProviderNormal(  240): readThread, latency_in_us,0.000062,0.000212,0.004324
D/SignalClusterView( 1018): apply() PhoneState state : [com.android.systemui.statusbar.SignalClusterView$PhoneState@2febeb15]
D/SignalClusterView( 1018): apply(1), mMobileVisible= true, mIsAirplaneMode= false
D/SignalClusterView( 1018): mNoSims.setVisibility: false
D/NetworkController.WifiSignalController( 1018): Wifi notifyListeners: level= 4, wifiActivity= 1
D/SignalClusterView( 1018): setWifiIndicators, visible=true, strengthIcon=2130837929, contentDescription=WLAN
D/SignalClusterView( 1018): apply() PhoneState state : [com.android.systemui.statusbar.SignalClusterView$PhoneState@1454241b]
D/SignalClusterView( 1018): apply(1), mMobileVisible= true, mIsAirplaneMode= false
D/SignalClusterView( 1018): mNoSims.setVisibility: false
D/NetworkController.WifiSignalController( 1018): Wifi notifyListeners: level= 4, wifiActivity= 1
D/SignalClusterView( 1018): setWifiIndicators, visible=true, strengthIcon=2130837929, contentDescription=WLAN
D/SignalClusterView( 1018): apply() PhoneState state : [com.android.systemui.statusbar.SignalClusterView$PhoneState@12b5c9b8]
D/SignalClusterView( 1018): apply(1), mMobileVisible= true, mIsAirplaneMode= false
D/SignalClusterView( 1018): mNoSims.setVisibility: false
V/SettingsInterface( 1327):  from settings cache , name = multi_sim_data_call , value = 1
D/DefaultStatusBarPlmnPlugin( 1018): into updateCarrierLabel, slotId=0, isSimInserted=true, isHasSimService=false
D/DefaultStatusBarPlmnPlugin( 1018): into updateCarrierLabel, slotId=1, isSimInserted=false, isHasSimService=false
D/mnl_linux(  254): mtk_gps_sys_nmea_output_to_app: $GNGGA,030428.009,8960.0000,N,00000.0000,E,0,0,,137.0,M,13.0,M,,*59
D/mnl_linux(  254): $GPGSA,A,1,,,,,,,,,,,,,99.99,99.99,99.99*30
D/mnl_linux(  254): $GLGSA,A,1,,,,,,,,,,,,,99.99,99.99,99.99*2C
D/mnl_linux(  254): $GPGSV,1,1,0*49
D/mnl_linux(  254): $GLGSV,1,1,0*55
D/mnl_linux(  254): $GNRMC,030428.009,V,8960.0000,N,00000.0000,E,0.000,0.00,010116,,,N*5C
D/mnl_linux(  254): $GNVTG,0.00,T,,M,0.000,N,0.000,K,N*2C
D/mnl_linux(  254): $GNACCURACY,3162.1*21
D/MNLD    (  254): send_cmd_ex: slf_send_cmd (13, 0x30)
D/MNLD    (  254): process: epoll_wait() received 1 events
D/MNLD    (  254): sigrcv_handler: args from mnld: 48
D/MNLD    (  254): mnl_set_alarm: (0, 0xB84DA1B0, 5)
D/MNLD    (  254): process: sigrc_handler: ret = 0
D/MNLD    (  254): mtk_gps_sys_gps_mnl_callback: MTK_GPS_MSG_FIX_READY,GET_RTC_FAIL
D/MNLD    (  254): mtk_gps_sys_gps_mnl_callback: gps_measurement_state = 255 ,state = 2
D/Surface ( 1018): Surface::setBuffersDimensions(this=0xb9171268,w=38,h=960)
D/PerfServiceManager(  731): [PerfService] notifyFrameUpdate - bDuringTouchBoost:false 
D/AudioALSACaptureDataProviderNormal(  240): readThread, latency_in_us,0.000017,0.012801,0.001438
D/AudioFlinger_Threads(  240): need 15364 frames in to produce 5121 out given in/out ratio of 3
D/AudioFlinger_Threads(  240): not enough to resample: have 1027 frames in but need 15364 in to produce 5121 out given in/out ratio of 3
D/AudioFlinger_Threads(  240): now need 1027 frames in to produce 342 out given out/in ratio of 0.3333
D/AudioFlinger_Threads(  240): success 2: have 1027 frames in and need 1027 in to produce 342 out given in/out ratio of 3
D/AudioTrackShared(  240): front(0x636a00), mIsOut(0), mAvailToClient=511 stepCount=342 minimum=342, FUTEX_WAKE
D/AudioFlinger_Threads(  240): need 14338 frames in to produce 4779 out given in/out ratio of 3
D/AudioFlinger_Threads(  240): not enough to resample: have 1 frames in but need 14338 in to produce 4779 out given in/out ratio of 3
D/AudioALSACaptureDataProviderNormal(  240): readThread, latency_in_us,0.000041,0.041224,0.001436
D/AudioALSACaptureDataProviderNormal(  240): readThread, latency_in_us,0.000038,0.000158,0.001383
D/AudioFlinger_Threads(  240): need 14338 frames in to produce 4779 out given in/out ratio of 3
D/AudioFlinger_Threads(  240): not enough to resample: have 1025 frames in but need 14338 in to produce 4779 out given in/out ratio of 3
D/AudioFlinger_Threads(  240): now need 1024 frames in to produce 341 out given out/in ratio of 0.3333
D/AudioFlinger_Threads(  240): success 2: have 1025 frames in and need 1024 in to produce 341 out given in/out ratio of 3
D/AudioTrackShared(  240): front(0x636a00), mIsOut(0), mAvailToClient=853 stepCount=341 minimum=342, FUTEX_WAKE
D/AudioFlinger_Threads(  240): need 13315 frames in to produce 4438 out given in/out ratio of 3
D/AudioFlinger_Threads(  240): not enough to resample: have 2 frames in but need 13315 in to produce 4438 out given in/out ratio of 3
D/AudioFlinger_Threads(  240): need 13315 frames in to produce 4438 out given in/out ratio of 3
D/AudioFlinger_Threads(  240): not enough to resample: have 1026 frames in but need 13315 in to produce 4438 out given in/out ratio of 3
D/AudioFlinger_Threads(  240): now need 1024 frames in to produce 341 out given out/in ratio of 0.3333
D/AudioFlinger_Threads(  240): success 2: have 1026 frames in and need 1024 in to produce 341 out given in/out ratio of 3
D/AudioTrackShared(  240): front(0x636a00), mIsOut(0), mAvailToClient=1194 stepCount=341 minimum=342, FUTEX_WAKE
D/AudioFlinger_Threads(  240): need 12292 frames in to produce 4097 out given in/out ratio of 3
D/AudioFlinger_Threads(  240): not enough to resample: have 3 frames in but need 12292 in to produce 4097 out given in/out ratio of 3
D/AudioFlinger_Threads(  240): need 12292 frames in to produce 4097 out given in/out ratio of 3
D/AudioFlinger_Threads(  240): not enough to resample: have 1027 frames in but need 12292 in to produce 4097 out given in/out ratio of 3
D/AudioFlinger_Threads(  240): now need 1027 frames in to produce 342 out given out/in ratio of 0.3333
D/AudioFlinger_Threads(  240): success 2: have 1027 frames in and need 1027 in to produce 342 out given in/out ratio of 3
D/AudioTrackShared(  240): front(0x636a00), mIsOut(0), mAvailToClient=1535 stepCount=342 minimum=342, FUTEX_WAKE
D/AudioFlinger_Threads(  240): need 11266 frames in to produce 3755 out given in/out ratio of 3
D/AudioFlinger_Threads(  240): not enough to resample: have 1 frames in but need 11266 in to produce 3755 out given in/out ratio of 3
D/AudioALSACaptureDataProviderNormal(  240): readThread, latency_in_us,0.000018,0.039644,0.006956
D/AudioFlinger_Threads(  240): need 11266 frames in to produce 3755 out given in/out ratio of 3
D/AudioFlinger_Threads(  240): not enough to resample: have 1025 frames in but need 11266 in to produce 3755 out given in/out ratio of 3
D/AudioFlinger_Threads(  240): now need 1024 frames in to produce 341 out given out/in ratio of 0.3333
D/AudioFlinger_Threads(  240): success 2: have 1025 frames in and need 1024 in to produce 341 out given in/out ratio of 3
D/AudioTrackShared(  240): front(0x636a00), mIsOut(0), mAvailToClient=1877 stepCount=341 minimum=342, FUTEX_WAKE
D/AudioFlinger_Threads(  240): need 10243 frames in to produce 3414 out given in/out ratio of 3
D/AudioFlinger_Threads(  240): not enough to resample: have 2 frames in but need 10243 in to produce 3414 out given in/out ratio of 3
D/AudioALSACaptureDataProviderNormal(  240): readThread, latency_in_us,0.000063,0.000188,0.006965
D/AudioFlinger_Threads(  240): need 10243 frames in to produce 3414 out given in/out ratio of 3
D/AudioFlinger_Threads(  240): not enough to resample: have 1026 frames in but need 10243 in to produce 3414 out given in/out ratio of 3
D/AudioFlinger_Threads(  240): now need 1024 frames in to produce 341 out given out/in ratio of 0.3333
D/AudioFlinger_Threads(  240): success 2: have 1026 frames in and need 1024 in to produce 341 out given in/out ratio of 3
D/AudioTrackShared(  240): front(0x636a00), mIsOut(0), mAvailToClient=2218 stepCount=341 minimum=342, FUTEX_WAKE
D/AudioFlinger_Threads(  240): need 9220 frames in to produce 3073 out given in/out ratio of 3
D/AudioFlinger_Threads(  240): not enough to resample: have 3 frames in but need 9220 in to produce 3073 out given in/out ratio of 3
D/AudioALSACaptureDataProviderNormal(  240): readThread, latency_in_us,0.000061,0.000203,0.008828
D/AudioALSACaptureDataProviderNormal(  240): readThread, latency_in_us,0.000061,0.019318,0.005926
D/AudioTrackShared( 1892): front(0x636a00), mIsOut 0, avail 2559, mFrameCount 32000, filled 2559
D/AudioTrackShared( 1892): front(0x6373ff), mIsOut 0, avail 0, mFrameCount 32000, filled 0
D/AudioTrackShared( 1892): front(0x6373ff), mIsOut 0, avail 0, mFrameCount 32000, filled 0
D/AudioTrackShared( 1892): front(0x6373ff), mIsOut 0, obtainBuffer() FUTEX_WAIT
D/AudioFlinger_Threads(  240): need 9220 frames in to produce 3073 out given in/out ratio of 3
D/AudioFlinger_Threads(  240): not enough to resample: have 1027 frames in but need 9220 in to produce 3073 out given in/out ratio of 3
D/AudioFlinger_Threads(  240): now need 1027 frames in to produce 342 out given out/in ratio of 0.3333
D/AudioFlinger_Threads(  240): success 2: have 1027 frames in and need 1027 in to produce 342 out given in/out ratio of 3
D/AudioTrackShared(  240): front(0x6373ff), mIsOut(0), mAvailToClient=0 stepCount=342 minimum=342, FUTEX_WAKE
D/AudioFlinger_Threads(  240): need 8194 frames in to produce 2731 out given in/out ratio of 3
D/AudioFlinger_Threads(  240): not enough to resample: have 1 frames in but need 8194 in to produce 2731 out given in/out ratio of 3
D/AudioTrackShared( 1892): front(0x6373ff), mIsOut 0, avail 342, mFrameCount 32000, filled 342
D/AudioTrackShared( 1892): front(0x637555), mIsOut 0, avail 0, mFrameCount 32000, filled 0
D/AudioTrackShared( 1892): front(0x637555), mIsOut 0, avail 0, mFrameCount 32000, filled 0
D/AudioALSACaptureDataProviderNormal(  240): readThread, latency_in_us,0.000071,0.036630,0.008989
D/AudioTrackShared( 1892): front(0x637555), mIsOut 0, obtainBuffer() FUTEX_WAIT
D/AudioFlinger_Threads(  240): need 8194 frames in to produce 2731 out given in/out ratio of 3
D/AudioFlinger_Threads(  240): not enough to resample: have 1025 frames in but need 8194 in to produce 2731 out given in/out ratio of 3
D/AudioFlinger_Threads(  240): now need 1024 frames in to produce 341 out given out/in ratio of 0.3333
D/AudioFlinger_Threads(  240): success 2: have 1025 frames in and need 1024 in to produce 341 out given in/out ratio of 3
D/AudioTrackShared(  240): front(0x637555), mIsOut(0), mAvailToClient=0 stepCount=341 minimum=342, FUTEX_WAKE
D/AudioFlinger_Threads(  240): need 7171 frames in to produce 2390 out given in/out ratio of 3
D/AudioFlinger_Threads(  240): not enough to resample: have 2 frames in but need 7171 in to produce 2390 out given in/out ratio of 3
D/AudioALSACaptureDataProviderNormal(  240): readThread, latency_in_us,0.000091,0.000204,0.006905
D/AudioTrackShared( 1892): front(0x637555), mIsOut 0, avail 341, mFrameCount 32000, filled 341
D/AudioFlinger_Threads(  240): need 7171 frames in to produce 2390 out given in/out ratio of 3
D/AudioFlinger_Threads(  240): not enough to resample: have 1026 frames in but need 7171 in to produce 2390 out given in/out ratio of 3
D/AudioFlinger_Threads(  240): now need 1024 frames in to produce 341 out given out/in ratio of 0.3333
D/AudioFlinger_Threads(  240): success 2: have 1026 frames in and need 1024 in to produce 341 out given in/out ratio of 3
D/AudioTrackShared(  240): front(0x637680), mIsOut(0), mAvailToClient=42 stepCount=341 minimum=342, FUTEX_WAKE
D/AudioFlinger_Threads(  240): need 6148 frames in to produce 2049 out given in/out ratio of 3
D/AudioFlinger_Threads(  240): not enough to resample: have 3 frames in but need 6148 in to produce 2049 out given in/out ratio of 3
D/AudioALSACaptureDataProviderNormal(  240): readThread, latency_in_us,0.000061,0.000191,0.008343
D/AudioFlinger_Threads(  240): need 6148 frames in to produce 2049 out given in/out ratio of 3
D/AudioFlinger_Threads(  240): not enough to resample: have 1027 frames in but need 6148 in to produce 2049 out given in/out ratio of 3
D/AudioFlinger_Threads(  240): now need 1027 frames in to produce 342 out given out/in ratio of 0.3333
D/AudioFlinger_Threads(  240): success 2: have 1027 frames in and need 1027 in to produce 342 out given in/out ratio of 3
D/AudioTrackShared(  240): front(0x637680), mIsOut(0), mAvailToClient=383 stepCount=342 minimum=342, FUTEX_WAKE
D/AudioFlinger_Threads(  240): need 5122 frames in to produce 1707 out given in/out ratio of 3
D/AudioFlinger_Threads(  240): not enough to resample: have 1 frames in but need 5122 in to produce 1707 out given in/out ratio of 3
D/AudioALSACaptureDataProviderNormal(  240): readThread, latency_in_us,0.000016,0.017795,0.001653
D/AudioALSACaptureDataProviderNormal(  240): readThread, latency_in_us,0.000016,0.041035,0.001424
D/AudioALSACaptureDataProviderNormal(  240): readThread, latency_in_us,0.000041,0.000159,0.001311
D/AudioALSACaptureDataProviderNormal(  240): readThread, latency_in_us,0.000017,0.000163,0.001304
D/AudioFlinger_Threads(  240): need 5122 frames in to produce 1707 out given in/out ratio of 3
D/AudioFlinger_Threads(  240): not enough to resample: have 1025 frames in but need 5122 in to produce 1707 out given in/out ratio of 3
D/AudioFlinger_Threads(  240): now need 1024 frames in to produce 341 out given out/in ratio of 0.3333
D/AudioFlinger_Threads(  240): success 2: have 1025 frames in and need 1024 in to produce 341 out given in/out ratio of 3
D/AudioTrackShared(  240): front(0x637680), mIsOut(0), mAvailToClient=725 stepCount=341 minimum=342, FUTEX_WAKE
D/AudioFlinger_Threads(  240): need 4099 frames in to produce 1366 out given in/out ratio of 3
D/AudioFlinger_Threads(  240): not enough to resample: have 2 frames in but need 4099 in to produce 1366 out given in/out ratio of 3
D/AudioFlinger_Threads(  240): need 4099 frames in to produce 1366 out given in/out ratio of 3
D/AudioFlinger_Threads(  240): not enough to resample: have 1026 frames in but need 4099 in to produce 1366 out given in/out ratio of 3
D/AudioFlinger_Threads(  240): now need 1024 frames in to produce 341 out given out/in ratio of 0.3333
D/AudioFlinger_Threads(  240): success 2: have 1026 frames in and need 1024 in to produce 341 out given in/out ratio of 3
D/AudioTrackShared(  240): front(0x637680), mIsOut(0), mAvailToClient=1066 stepCount=341 minimum=342, FUTEX_WAKE
D/AudioFlinger_Threads(  240): need 3076 frames in to produce 1025 out given in/out ratio of 3
D/AudioFlinger_Threads(  240): not enough to resample: have 3 frames in but need 3076 in to produce 1025 out given in/out ratio of 3
D/AudioFlinger_Threads(  240): need 3076 frames in to produce 1025 out given in/out ratio of 3
D/AudioFlinger_Threads(  240): not enough to resample: have 1027 frames in but need 3076 in to produce 1025 out given in/out ratio of 3
D/AudioFlinger_Threads(  240): now need 1027 frames in to produce 342 out given out/in ratio of 0.3333
D/AudioFlinger_Threads(  240): success 2: have 1027 frames in and need 1027 in to produce 342 out given in/out ratio of 3
D/AudioTrackShared(  240): front(0x637680), mIsOut(0), mAvailToClient=1407 stepCount=342 minimum=342, FUTEX_WAKE
D/AudioFlinger_Threads(  240): need 2050 frames in to produce 683 out given in/out ratio of 3
D/AudioFlinger_Threads(  240): not enough to resample: have 1 frames in but need 2050 in to produce 683 out given in/out ratio of 3
D/AudioFlinger_Threads(  240): need 2050 frames in to produce 683 out given in/out ratio of 3
D/AudioFlinger_Threads(  240): not enough to resample: have 1025 frames in but need 2050 in to produce 683 out given in/out ratio of 3
D/AudioFlinger_Threads(  240): now need 1024 frames in to produce 341 out given out/in ratio of 0.3333
D/AudioFlinger_Threads(  240): success 2: have 1025 frames in and need 1024 in to produce 341 out given in/out ratio of 3
D/AudioTrackShared(  240): front(0x637680), mIsOut(0), mAvailToClient=1749 stepCount=341 minimum=342, FUTEX_WAKE
D/AudioFlinger_Threads(  240): need 1027 frames in to produce 342 out given in/out ratio of 3
D/AudioFlinger_Threads(  240): not enough to resample: have 2 frames in but need 1027 in to produce 342 out given in/out ratio of 3
D/AudioALSACaptureDataProviderNormal(  240): readThread, latency_in_us,0.000017,0.038492,0.004967
D/PowerManagerService(  731): handleUserActivityTimeout
D/PowerManagerService(  731): updateUserActivitySummaryLocked: mWakefulness=Awake, mUserActivitySummary=0x1, nextTimeout=486973 (in 44993 ms)
D/PowerManagerService(  731): mDisplayPowerRequest.policy = 3
D/PowerManagerService(  731): isWfdEnabled() mWfdStatus=WifiDisplayStatus{featureState=0, scanState=0, activeDisplayState=0, activeDisplay=null, displays=[], sessionInfo=WifiDisplaySessionInfo: C/O:Client,GId:,Pp:,SId:0,IP:}, return false
D/DisplayPowerController(  731): requestPowerState: policy=BRIGHT, useProximitySensor=false, screenBrightness=102, screenAutoBrightnessAdjustment=0.0, useAutoBrightness=false, blockScreenOn=false, lowPowerMode=false, boostScreenBrightness=false, dozeScreenBrightness=-1, dozeScreenState=UNKNOWN, waitForNegativeProximity=false
D/lights  (  731): write_int open fd=-1
I/PowerManagerService(  731): setBrightness mButtonLight 0.
D/PowerManagerService(  731): updateDisplayPowerStateLocked: mDisplayReady=true, policy=3, mWakefulness=1, mWakeLockSummary=0x1, mUserActivitySummary=0x1, mBootCompleted=true, mScreenBrightnessBoostInProgress=false
D/AudioFlinger_Threads(  240): need 1027 frames in to produce 342 out given in/out ratio of 3
D/AudioFlinger_Threads(  240): not enough to resample: have 1026 frames in but need 1027 in to produce 342 out given in/out ratio of 3
D/AudioFlinger_Threads(  240): now need 1024 frames in to produce 341 out given out/in ratio of 0.3333
D/AudioFlinger_Threads(  240): success 2: have 1026 frames in and need 1024 in to produce 341 out given in/out ratio of 3
D/AudioTrackShared(  240): front(0x637680), mIsOut(0), mAvailToClient=2090 stepCount=341 minimum=342, FUTEX_WAKE
D/AudioFlinger_Threads(  240): need 4 frames in to produce 1 out given in/out ratio of 3
D/AudioFlinger_Threads(  240): not enough to resample: have 3 frames in but need 4 in to produce 1 out given in/out ratio of 3
D/AudioALSACaptureDataProviderNormal(  240): readThread, latency_in_us,0.000037,0.000174,0.004426
D/Surface ( 1018): Surface::setBuffersDimensions(this=0xb9171268,w=38,h=960)
D/AudioFlinger_Threads(  240): need 4 frames in to produce 1 out given in/out ratio of 3
D/AudioFlinger_Threads(  240): success 1: have 1027 in and need 4 in to produce 1 out given in/out ratio of 3
D/AudioTrackShared(  240): front(0x637680), mIsOut(0), mAvailToClient=2431 stepCount=1 minimum=342, FUTEX_WAKE
D/AudioFlinger_Threads(  240): need 88705 frames in to produce 29568 out given in/out ratio of 3
D/AudioFlinger_Threads(  240): not enough to resample: have 1024 frames in but need 88705 in to produce 29568 out given in/out ratio of 3
D/AudioFlinger_Threads(  240): now need 1024 frames in to produce 341 out given out/in ratio of 0.3333
D/AudioFlinger_Threads(  240): success 2: have 1024 frames in and need 1024 in to produce 341 out given in/out ratio of 3
D/AudioTrackShared(  240): front(0x637680), mIsOut(0), mAvailToClient=2432 stepCount=341 minimum=342, FUTEX_WAKE
D/AudioFlinger_Threads(  240): need 87682 frames in to produce 29227 out given in/out ratio of 3
D/AudioFlinger_Threads(  240): not enough to resample: have 1 frames in but need 87682 in to produce 29227 out given in/out ratio of 3
D/AudioALSACaptureDataProviderNormal(  240): readThread, latency_in_us,0.000032,0.032814,0.003707
D/AudioFlinger_Threads(  240): need 87682 frames in to produce 29227 out given in/out ratio of 3
D/AudioFlinger_Threads(  240): not enough to resample: have 1025 frames in but need 87682 in to produce 29227 out given in/out ratio of 3
D/AudioFlinger_Threads(  240): now need 1024 frames in to produce 341 out given out/in ratio of 0.3333
D/AudioFlinger_Threads(  240): success 2: have 1025 frames in and need 1024 in to produce 341 out given in/out ratio of 3
D/AudioTrackShared(  240): front(0x637680), mIsOut(0), mAvailToClient=2773 stepCount=341 minimum=342, FUTEX_WAKE
D/AudioFlinger_Threads(  240): need 86659 frames in to produce 28886 out given in/out ratio of 3
D/AudioFlinger_Threads(  240): not enough to resample: have 2 frames in but need 86659 in to produce 28886 out given in/out ratio of 3
D/AudioALSACaptureDataProviderNormal(  240): readThread, latency_in_us,0.000034,0.000170,0.003327
D/AudioTrackShared( 1892): front(0x637680), mIsOut 0, avail 3114, mFrameCount 32000, filled 3114
D/AudioTrackShared( 1892): front(0x638000), mIsOut 0, avail 682, mFrameCount 32000, filled 682
D/AudioTrackShared( 1892): front(0x6382aa), mIsOut 0, avail 0, mFrameCount 32000, filled 0
D/AudioTrackShared( 1892): front(0x6382aa), mIsOut 0, avail 0, mFrameCount 32000, filled 0
D/AudioTrackShared( 1892): front(0x6382aa), mIsOut 0, obtainBuffer() FUTEX_WAIT
D/AudioFlinger_Threads(  240): need 96001 frames in to produce 32000 out given in/out ratio of 3
D/AudioFlinger_Threads(  240): not enough to resample: have 1026 frames in but need 96001 in to produce 32000 out given in/out ratio of 3
D/AudioFlinger_Threads(  240): now need 1024 frames in to produce 341 out given out/in ratio of 0.3333
D/AudioFlinger_Threads(  240): success 2: have 1026 frames in and need 1024 in to produce 341 out given in/out ratio of 3
D/AudioTrackShared(  240): front(0x6382aa), mIsOut(0), mAvailToClient=0 stepCount=341 minimum=342, FUTEX_WAKE
D/AudioFlinger_Threads(  240): need 94978 frames in to produce 31659 out given in/out ratio of 3
D/AudioFlinger_Threads(  240): not enough to resample: have 3 frames in but need 94978 in to produce 31659 out given in/out ratio of 3
D/AudioALSACaptureDataProviderNormal(  240): readThread, latency_in_us,0.000030,0.035391,0.003847
D/AudioTrackShared( 1892): front(0x6382aa), mIsOut 0, avail 341, mFrameCount 32000, filled 341
D/AudioFlinger_Threads(  240): need 95236 frames in to produce 31745 out given in/out ratio of 3
D/AudioFlinger_Threads(  240): not enough to resample: have 1027 frames in but need 95236 in to produce 31745 out given in/out ratio of 3
D/AudioFlinger_Threads(  240): now need 1027 frames in to produce 342 out given out/in ratio of 0.3333
D/AudioFlinger_Threads(  240): success 2: have 1027 frames in and need 1027 in to produce 342 out given in/out ratio of 3
D/AudioTrackShared(  240): front(0x638300), mIsOut(0), mAvailToClient=255 stepCount=342 minimum=342, FUTEX_WAKE
D/AudioFlinger_Threads(  240): need 94210 frames in to produce 31403 out given in/out ratio of 3
D/AudioFlinger_Threads(  240): not enough to resample: have 1 frames in but need 94210 in to produce 31403 out given in/out ratio of 3
D/AudioALSACaptureDataProviderNormal(  240): readThread, latency_in_us,0.000034,0.000168,0.005630
D/AudioALSACaptureDataProviderNormal(  240): readThread, latency_in_us,0.000033,0.032934,0.001436
D/AudioFlinger_Threads(  240): need 94210 frames in to produce 31403 out given in/out ratio of 3
D/AudioFlinger_Threads(  240): not enough to resample: have 1025 frames in but need 94210 in to produce 31403 out given in/out ratio of 3
D/AudioFlinger_Threads(  240): now need 1024 frames in to produce 341 out given out/in ratio of 0.3333
D/AudioFlinger_Threads(  240): success 2: have 1025 frames in and need 1024 in to produce 341 out given in/out ratio of 3
D/AudioTrackShared(  240): front(0x638300), mIsOut(0), mAvailToClient=597 stepCount=341 minimum=342, FUTEX_WAKE
D/AudioFlinger_Threads(  240): need 93187 frames in to produce 31062 out given in/out ratio of 3
D/AudioFlinger_Threads(  240): not enough to resample: have 2 frames in but need 93187 in to produce 31062 out given in/out ratio of 3
D/AudioFlinger_Threads(  240): need 93187 frames in to produce 31062 out given in/out ratio of 3
D/AudioFlinger_Threads(  240): not enough to resample: have 1026 frames in but need 93187 in to produce 31062 out given in/out ratio of 3
D/AudioFlinger_Threads(  240): now need 1024 frames in to produce 341 out given out/in ratio of 0.3333
D/AudioFlinger_Threads(  240): success 2: have 1026 frames in and need 1024 in to produce 341 out given in/out ratio of 3
D/AudioTrackShared(  240): front(0x638300), mIsOut(0), mAvailToClient=938 stepCount=341 minimum=342, FUTEX_WAKE
D/AudioFlinger_Threads(  240): need 92164 frames in to produce 30721 out given in/out ratio of 3
D/AudioFlinger_Threads(  240): not enough to resample: have 3 frames in but need 92164 in to produce 30721 out given in/out ratio of 3
D/AudioALSACaptureDataProviderNormal(  240): readThread, latency_in_us,0.000041,0.000160,0.002628
D/AudioALSACaptureDataProviderNormal(  240): readThread, latency_in_us,0.000016,0.038364,0.001356
D/AudioALSACaptureDataProviderNormal(  240): readThread, latency_in_us,0.000024,0.000154,0.001301
D/AudioFlinger_Threads(  240): need 92164 frames in to produce 30721 out given in/out ratio of 3
D/AudioFlinger_Threads(  240): not enough to resample: have 1027 frames in but need 92164 in to produce 30721 out given in/out ratio of 3
D/AudioFlinger_Threads(  240): now need 1027 frames in to produce 342 out given out/in ratio of 0.3333
D/AudioFlinger_Threads(  240): success 2: have 1027 frames in and need 1027 in to produce 342 out given in/out ratio of 3
D/AudioTrackShared(  240): front(0x638300), mIsOut(0), mAvailToClient=1279 stepCount=342 minimum=342, FUTEX_WAKE
D/AudioFlinger_Threads(  240): need 91138 frames in to produce 30379 out given in/out ratio of 3
D/AudioFlinger_Threads(  240): not enough to resample: have 1 frames in but need 91138 in to produce 30379 out given in/out ratio of 3
D/AudioFlinger_Threads(  240): need 91138 frames in to produce 30379 out given in/out ratio of 3
D/AudioFlinger_Threads(  240): not enough to resample: have 1025 frames in but need 91138 in to produce 30379 out given in/out ratio of 3
D/AudioFlinger_Threads(  240): now need 1024 frames in to produce 341 out given out/in ratio of 0.3333
D/AudioFlinger_Threads(  240): success 2: have 1025 frames in and need 1024 in to produce 341 out given in/out ratio of 3
D/AudioTrackShared(  240): front(0x638300), mIsOut(0), mAvailToClient=1621 stepCount=341 minimum=342, FUTEX_WAKE
D/AudioFlinger_Threads(  240): need 90115 frames in to produce 30038 out given in/out ratio of 3
D/AudioFlinger_Threads(  240): not enough to resample: have 2 frames in but need 90115 in to produce 30038 out given in/out ratio of 3
D/AudioALSACaptureDataProviderNormal(  240): readThread, latency_in_us,0.000017,0.039875,0.006992
D/AudioFlinger_Threads(  240): need 90115 frames in to produce 30038 out given in/out ratio of 3
D/AudioFlinger_Threads(  240): not enough to resample: have 1026 frames in but need 90115 in to produce 30038 out given in/out ratio of 3
D/AudioFlinger_Threads(  240): now need 1024 frames in to produce 341 out given out/in ratio of 0.3333
D/AudioFlinger_Threads(  240): success 2: have 1026 frames in and need 1024 in to produce 341 out given in/out ratio of 3
D/AudioTrackShared(  240): front(0x638300), mIsOut(0), mAvailToClient=1962 stepCount=341 minimum=342, FUTEX_WAKE
D/AudioFlinger_Threads(  240): need 89092 frames in to produce 29697 out given in/out ratio of 3
D/AudioFlinger_Threads(  240): not enough to resample: have 3 frames in but need 89092 in to produce 29697 out given in/out ratio of 3
D/AudioALSACaptureDataProviderNormal(  240): readThread, latency_in_us,0.000064,0.000192,0.007639
D/AudioFlinger_Threads(  240): need 89092 frames in to produce 29697 out given in/out ratio of 3
D/AudioFlinger_Threads(  240): not enough to resample: have 1027 frames in but need 89092 in to produce 29697 out given in/out ratio of 3
D/AudioFlinger_Threads(  240): now need 1027 frames in to produce 342 out given out/in ratio of 0.3333
D/AudioFlinger_Threads(  240): success 2: have 1027 frames in and need 1027 in to produce 342 out given in/out ratio of 3
D/AudioTrackShared(  240): front(0x638300), mIsOut(0), mAvailToClient=2303 stepCount=342 minimum=342, FUTEX_WAKE
D/AudioFlinger_Threads(  240): need 88066 frames in to produce 29355 out given in/out ratio of 3
D/AudioFlinger_Threads(  240): not enough to resample: have 1 frames in but need 88066 in to produce 29355 out given in/out ratio of 3
D/AudioALSACaptureDataProviderNormal(  240): readThread, latency_in_us,0.000062,0.000201,0.006756
D/AudioFlinger_Threads(  240): need 88066 frames in to produce 29355 out given in/out ratio of 3
D/AudioFlinger_Threads(  240): not enough to resample: have 1025 frames in but need 88066 in to produce 29355 out given in/out ratio of 3
D/AudioFlinger_Threads(  240): now need 1024 frames in to produce 341 out given out/in ratio of 0.3333
D/AudioFlinger_Threads(  240): success 2: have 1025 frames in and need 1024 in to produce 341 out given in/out ratio of 3
D/AudioTrackShared(  240): front(0x638300), mIsOut(0), mAvailToClient=2645 stepCount=341 minimum=342, FUTEX_WAKE
D/AudioFlinger_Threads(  240): need 87043 frames in to produce 29014 out given in/out ratio of 3
D/AudioFlinger_Threads(  240): not enough to resample: have 2 frames in but need 87043 in to produce 29014 out given in/out ratio of 3
D/AudioALSACaptureDataProviderNormal(  240): readThread, latency_in_us,0.000062,0.020731,0.007789
D/AudioFlinger_Threads(  240): need 87043 frames in to produce 29014 out given in/out ratio of 3
D/AudioFlinger_Threads(  240): not enough to resample: have 1026 frames in but need 87043 in to produce 29014 out given in/out ratio of 3
D/AudioFlinger_Threads(  240): now need 1024 frames in to produce 341 out given out/in ratio of 0.3333
D/AudioFlinger_Threads(  240): success 2: have 1026 frames in and need 1024 in to produce 341 out given in/out ratio of 3
D/AudioTrackShared(  240): front(0x638300), mIsOut(0), mAvailToClient=2986 stepCount=341 minimum=342, FUTEX_WAKE
D/AudioFlinger_Threads(  240): need 86020 frames in to produce 28673 out given in/out ratio of 3
D/AudioFlinger_Threads(  240): not enough to resample: have 3 frames in but need 86020 in to produce 28673 out given in/out ratio of 3
D/AudioALSACaptureDataProviderNormal(  240): readThread, latency_in_us,0.000063,0.000187,0.006836
D/AudioTrackShared( 1892): front(0x638300), mIsOut 0, avail 3327, mFrameCount 32000, filled 3327
D/AudioFlinger_Threads(  240): need 86020 frames in to produce 28673 out given in/out ratio of 3
D/AudioFlinger_Threads(  240): not enough to resample: have 1027 frames in but need 86020 in to produce 28673 out given in/out ratio of 3
D/AudioFlinger_Threads(  240): now need 1027 frames in to produce 342 out given out/in ratio of 0.3333
D/AudioFlinger_Threads(  240): success 2: have 1027 frames in and need 1027 in to produce 342 out given in/out ratio of 3
D/AudioTrackShared(  240): front(0x638f80), mIsOut(0), mAvailToClient=127 stepCount=342 minimum=342, FUTEX_WAKE
D/AudioFlinger_Threads(  240): need 84994 frames in to produce 28331 out given in/out ratio of 3
D/AudioFlinger_Threads(  240): not enough to resample: have 1 frames in but need 84994 in to produce 28331 out given in/out ratio of 3
D/AudioALSACaptureDataProviderNormal(  240): readThread, latency_in_us,0.000060,0.027751,0.008226
D/AudioFlinger_Threads(  240): need 84994 frames in to produce 28331 out given in/out ratio of 3
D/AudioFlinger_Threads(  240): not enough to resample: have 1025 frames in but need 84994 in to produce 28331 out given in/out ratio of 3
D/AudioFlinger_Threads(  240): now need 1024 frames in to produce 341 out given out/in ratio of 0.3333
D/AudioFlinger_Threads(  240): success 2: have 1025 frames in and need 1024 in to produce 341 out given in/out ratio of 3
D/AudioTrackShared(  240): front(0x638f80), mIsOut(0), mAvailToClient=469 stepCount=341 minimum=342, FUTEX_WAKE
D/AudioFlinger_Threads(  240): need 83971 frames in to produce 27990 out given in/out ratio of 3
D/AudioFlinger_Threads(  240): not enough to resample: have 2 frames in but need 83971 in to produce 27990 out given in/out ratio of 3
D/AudioALSACaptureDataProviderNormal(  240): readThread, latency_in_us,0.000018,0.000165,0.001606
D/Surface ( 1018): Surface::setBuffersDimensions(this=0xb9171268,w=38,h=960)
D/PerfServiceManager(  731): [PerfService] notifyFrameUpdate - bDuringTouchBoost:false 
I/SurfaceFlinger(  225): [Built-in Screen (type:0)] fps:3.286210,dur:1217.21,max:309.40,min:291.24
D/AudioALSACaptureDataProviderNormal(  240): readThread, latency_in_us,0.000016,0.032565,0.001426
D/AudioALSACaptureDataProviderNormal(  240): readThread, latency_in_us,0.000036,0.000157,0.001332
D/AudioFlinger_Threads(  240): need 83971 frames in to produce 27990 out given in/out ratio of 3
D/AudioFlinger_Threads(  240): not enough to resample: have 1026 frames in but need 83971 in to produce 27990 out given in/out ratio of 3
D/AudioFlinger_Threads(  240): now need 1024 frames in to produce 341 out given out/in ratio of 0.3333
D/AudioFlinger_Threads(  240): success 2: have 1026 frames in and need 1024 in to produce 341 out given in/out ratio of 3
D/AudioTrackShared(  240): front(0x638f80), mIsOut(0), mAvailToClient=810 stepCount=341 minimum=342, FUTEX_WAKE
D/AudioFlinger_Threads(  240): need 82948 frames in to produce 27649 out given in/out ratio of 3
D/AudioFlinger_Threads(  240): not enough to resample: have 3 frames in but need 82948 in to produce 27649 out given in/out ratio of 3
D/AudioFlinger_Threads(  240): need 82948 frames in to produce 27649 out given in/out ratio of 3
D/AudioFlinger_Threads(  240): not enough to resample: have 1027 frames in but need 82948 in to produce 27649 out given in/out ratio of 3
D/AudioFlinger_Threads(  240): now need 1027 frames in to produce 342 out given out/in ratio of 0.3333
D/AudioFlinger_Threads(  240): success 2: have 1027 frames in and need 1027 in to produce 342 out given in/out ratio of 3
D/AudioTrackShared(  240): front(0x638f80), mIsOut(0), mAvailToClient=1151 stepCount=342 minimum=342, FUTEX_WAKE
D/AudioFlinger_Threads(  240): need 81922 frames in to produce 27307 out given in/out ratio of 3
D/AudioFlinger_Threads(  240): not enough to resample: have 1 frames in but need 81922 in to produce 27307 out given in/out ratio of 3
E/WifiStateMachine(  731):  ConnectedState (when=0 what=131155 arg1=5!CMD_RSSI_POLL 5 0 "Honor 8" 02:1a:11:f6:20:c9 rssi=-37 f=2437 sc=60 link=65 tx=3.3, 0.0, 0.0  rx=5.3 bcn=0 [on:0 tx:0 rx:0 period:3001] from screen [on:0 period:417485016] gl hn u24 rssi=-32 ag=0 hr ticks 0,0,0 ls-=0 [56,56,56,56,61] brc=0 lrc=0
E/WifiStateMachine(  731):  L2ConnectedState (when=-1ms what=131155 arg1=5!CMD_RSSI_POLL 5 0 "Honor 8" 02:1a:11:f6:20:c9 rssi=-37 f=2437 sc=60 link=65 tx=3.3, 0.0, 0.0  rx=5.3 bcn=0 [on:0 tx:0 rx:0 period:0] from screen [on:0 period:417485016] gl hn u24 rssi=-32 ag=0 hr ticks 0,0,0 ls-=0 [56,56,56,56,61] brc=0 lrc=0
E/WifiStateMachine(  731):  get link layer stats 0
D/WifiHW  (  731): enter -->wifi_send_command cmd=IFNAME=wlan0 SIGNAL_POLL
D/wpa_supplicant( 1185): wlan0: Control interface command 'SIGNAL_POLL'
D/WifiHW  (  731): leave --> reply=RSSI=-35
D/WifiHW  (  731): LINKSPEED=65
D/WifiHW  (  731): NOISE=9999
D/WifiHW  (  731): FREQUENCY=2437
D/WifiHW  (  731): 
I/WifiStateMachine(  731): fetchRssiLinkSpeedAndFrequencyNative, newRssi:-35, newLinkSpeed:65, SSID:"Honor 8"
D/WifiStateMachine(  731): mLastSignalLevel:4, newSignalLevel:4
E/WifiConfigStore(  731): updateConfiguration freq=2437 BSSID=02:1a:11:f6:20:c9 RSSI=-35 "Honor 8"WPA_PSK
V/ActivityManager(  731): Broadcast sticky: Intent { act=android.net.wifi.RSSI_CHANGED flg=0x4000010 (has extras) } ordered=false userid=-1 callerApp=ProcessRecord{3ab4aef4 731:system/1000}
D/WifiWatchdogStateMachine(  731): RSSI current: 4 new: -35, 4
D/NetworkController( 1018): onReceive: intent=Intent { act=android.net.wifi.RSSI_CHANGED flg=0x4000010 (has extras) }
D/NetworkController.WifiSignalController( 1018): isDirty : false
D/NetworkController.WifiSignalController( 1018): Change in state from: connected=true,enabled=true,level=4,inetCondition=1,iconGroup=IconGroup(Wi-Fi Icons),activityIn=true,activityOut=false,rssi=-37,networkType=null,lastModified=08-25 06:13:57,ssid="Honor 8"
D/NetworkController.WifiSignalController( 1018): 	to: connected=true,enabled=true,level=4,inetCondition=1,iconGroup=IconGroup(Wi-Fi Icons),activityIn=true,activityOut=false,rssi=-35,networkType=null,lastModified=08-25 06:13:57,ssid="Honor 8"
D/NetworkController.WifiSignalController( 1018): Wifi notifyListeners: level= 4, wifiActivity= 1
D/SignalClusterView( 1018): setWifiIndicators, visible=true, strengthIcon=2130837929, contentDescription=WLAN
D/SignalClusterView( 1018): apply() PhoneState state : [com.android.systemui.statusbar.SignalClusterView$PhoneState@2febeb15]
D/SignalClusterView( 1018): apply(1), mMobileVisible= true, mIsAirplaneMode= false
D/SignalClusterView( 1018): mNoSims.setVisibility: false
D/NetworkController.WifiSignalController( 1018): Wifi notifyListeners: level= 4, wifiActivity= 1
D/SignalClusterView( 1018): setWifiIndicators, visible=true, strengthIcon=2130837929, contentDescription=WLAN
D/SignalClusterView( 1018): apply() PhoneState state : [com.android.systemui.statusbar.SignalClusterView$PhoneState@1454241b]
D/SignalClusterView( 1018): apply(1), mMobileVisible= true, mIsAirplaneMode= false
D/SignalClusterView( 1018): mNoSims.setVisibility: false
D/NetworkController.WifiSignalController( 1018): Wifi notifyListeners: level= 4, wifiActivity= 1
D/SignalClusterView( 1018): setWifiIndicators, visible=true, strengthIcon=2130837929, contentDescription=WLAN
D/SignalClusterView( 1018): apply() PhoneState state : [com.android.systemui.statusbar.SignalClusterView$PhoneState@12b5c9b8]
D/SignalClusterView( 1018): apply(1), mMobileVisible= true, mIsAirplaneMode= false
D/SignalClusterView( 1018): mNoSims.setVisibility: false
V/SettingsInterface( 1327):  from settings cache , name = multi_sim_data_call , value = 1
D/DefaultStatusBarPlmnPlugin( 1018): into updateCarrierLabel, slotId=0, isSimInserted=true, isHasSimService=false
D/DefaultStatusBarPlmnPlugin( 1018): into updateCarrierLabel, slotId=1, isSimInserted=false, isHasSimService=false
D/Surface ( 1018): Surface::setBuffersDimensions(this=0xb9171268,w=38,h=960)
D/AudioFlinger_Threads(  240): need 81922 frames in to produce 27307 out given in/out ratio of 3
D/AudioFlinger_Threads(  240): not enough to resample: have 1025 frames in but need 81922 in to produce 27307 out given in/out ratio of 3
D/AudioFlinger_Threads(  240): now need 1024 frames in to produce 341 out given out/in ratio of 0.3333
D/AudioFlinger_Threads(  240): success 2: have 1025 frames in and need 1024 in to produce 341 out given in/out ratio of 3
D/AudioTrackShared(  240): front(0x638f80), mIsOut(0), mAvailToClient=1493 stepCount=341 minimum=342, FUTEX_WAKE
D/AudioFlinger_Threads(  240): need 80899 frames in to produce 26966 out given in/out ratio of 3
D/AudioFlinger_Threads(  240): not enough to resample: have 2 frames in but need 80899 in to produce 26966 out given in/out ratio of 3
D/AudioALSACaptureDataProviderNormal(  240): readThread, latency_in_us,0.000017,0.039840,0.003349
D/AudioFlinger_Threads(  240): need 80899 frames in to produce 26966 out given in/out ratio of 3
D/AudioFlinger_Threads(  240): not enough to resample: have 1026 frames in but need 80899 in to produce 26966 out given in/out ratio of 3
D/AudioFlinger_Threads(  240): now need 1024 frames in to produce 341 out given out/in ratio of 0.3333
D/AudioFlinger_Threads(  240): success 2: have 1026 frames in and need 1024 in to produce 341 out given in/out ratio of 3
D/AudioTrackShared(  240): front(0x638f80), mIsOut(0), mAvailToClient=1834 stepCount=341 minimum=342, FUTEX_WAKE
D/AudioFlinger_Threads(  240): need 79876 frames in to produce 26625 out given in/out ratio of 3
D/AudioFlinger_Threads(  240): not enough to resample: have 3 frames in but need 79876 in to produce 26625 out given in/out ratio of 3
D/AudioALSACaptureDataProviderNormal(  240): readThread, latency_in_us,0.000018,0.000161,0.001588
D/AudioFlinger_Threads(  240): need 79876 frames in to produce 26625 out given in/out ratio of 3
D/AudioFlinger_Threads(  240): not enough to resample: have 1027 frames in but need 79876 in to produce 26625 out given in/out ratio of 3
D/AudioFlinger_Threads(  240): now need 1027 frames in to produce 342 out given out/in ratio of 0.3333
D/AudioFlinger_Threads(  240): success 2: have 1027 frames in and need 1027 in to produce 342 out given in/out ratio of 3
D/AudioTrackShared(  240): front(0x638f80), mIsOut(0), mAvailToClient=2175 stepCount=342 minimum=342, FUTEX_WAKE
D/AudioFlinger_Threads(  240): need 78850 frames in to produce 26283 out given in/out ratio of 3
D/AudioFlinger_Threads(  240): not enough to resample: have 1 frames in but need 78850 in to produce 26283 out given in/out ratio of 3
D/AudioALSACaptureDataProviderNormal(  240): readThread, latency_in_us,0.000015,0.037413,0.003866
D/AudioFlinger_Threads(  240): need 78850 frames in to produce 26283 out given in/out ratio of 3
D/AudioFlinger_Threads(  240): not enough to resample: have 1025 frames in but need 78850 in to produce 26283 out given in/out ratio of 3
D/AudioFlinger_Threads(  240): now need 1024 frames in to produce 341 out given out/in ratio of 0.3333
D/AudioFlinger_Threads(  240): success 2: have 1025 frames in and need 1024 in to produce 341 out given in/out ratio of 3
D/AudioTrackShared(  240): front(0x638f80), mIsOut(0), mAvailToClient=2517 stepCount=341 minimum=342, FUTEX_WAKE
D/AudioFlinger_Threads(  240): need 77827 frames in to produce 25942 out given in/out ratio of 3
D/AudioFlinger_Threads(  240): not enough to resample: have 2 frames in but need 77827 in to produce 25942 out given in/out ratio of 3
D/AudioALSACaptureDataProviderNormal(  240): readThread, latency_in_us,0.000037,0.000168,0.003411
D/AudioFlinger_Threads(  240): need 77827 frames in to produce 25942 out given in/out ratio of 3
D/AudioFlinger_Threads(  240): not enough to resample: have 1026 frames in but need 77827 in to produce 25942 out given in/out ratio of 3
D/AudioFlinger_Threads(  240): now need 1024 frames in to produce 341 out given out/in ratio of 0.3333
D/AudioFlinger_Threads(  240): success 2: have 1026 frames in and need 1024 in to produce 341 out given in/out ratio of 3
D/AudioTrackShared(  240): front(0x638f80), mIsOut(0), mAvailToClient=2858 stepCount=341 minimum=342, FUTEX_WAKE
D/AudioFlinger_Threads(  240): need 76804 frames in to produce 25601 out given in/out ratio of 3
D/AudioFlinger_Threads(  240): not enough to resample: have 3 frames in but need 76804 in to produce 25601 out given in/out ratio of 3
D/AudioTrackShared( 1892): front(0x638f80), mIsOut 0, avail 3199, mFrameCount 32000, filled 3199
D/AudioTrackShared( 1892): front(0x639bff), mIsOut 0, avail 0, mFrameCount 32000, filled 0
D/AudioTrackShared( 1892): front(0x639bff), mIsOut 0, avail 0, mFrameCount 32000, filled 0
D/AudioTrackShared( 1892): front(0x639bff), mIsOut 0, obtainBuffer() FUTEX_WAIT
D/AudioALSACaptureDataProviderNormal(  240): readThread, latency_in_us,0.000031,0.035120,0.003772
D/AudioALSACaptureDataProviderNormal(  240): readThread, latency_in_us,0.000034,0.000167,0.003805
D/AudioFlinger_Threads(  240): need 76804 frames in to produce 25601 out given in/out ratio of 3
D/AudioFlinger_Threads(  240): not enough to resample: have 1027 frames in but need 76804 in to produce 25601 out given in/out ratio of 3
D/AudioFlinger_Threads(  240): now need 1027 frames in to produce 342 out given out/in ratio of 0.3333
D/AudioFlinger_Threads(  240): success 2: have 1027 frames in and need 1027 in to produce 342 out given in/out ratio of 3
D/AudioTrackShared(  240): front(0x639bff), mIsOut(0), mAvailToClient=0 stepCount=342 minimum=342, FUTEX_WAKE
D/AudioFlinger_Threads(  240): need 75778 frames in to produce 25259 out given in/out ratio of 3
