--------- beginning of system
D/PowerManagerService(  731): isWfdEnabled() mWfdStatus=WifiDisplayStatus{featureState=0, scanState=0, activeDisplayState=0, activeDisplay=null, displays=[], sessionInfo=WifiDisplaySessionInfo: C/O:Client,GId:,Pp:,SId:0,IP:}, return false
D/DisplayPowerController(  731): requestPowerState: policy=BRIGHT, useProximitySensor=false, screenBrightness=102, screenAutoBrightnessAdjustment=0.0, useAutoBrightness=false, blockScreenOn=false, lowPowerMode=false, boostScreenBrightness=false, dozeScreenBrightness=-1, dozeScreenState=UNKNOWN, waitForNegativeProximity=false
I/PowerManagerService(  731): setBrightness mButtonLight 0.
D/PowerManagerService(  731): updateDisplayPowerStateLocked: mDisplayReady=true, policy=3, mWakefulness=1, mWakeLockSummary=0x1, mUserActivitySummary=0x1, mBootCompleted=true, mScreenBrightnessBoostInProgress=false
E/WiFiServiceImpl (  731): CONNECT  nid=-1 uid=1000
D/WifiService(  731): Connect with config* ID: -1 SSID: "Honor 8" BSSID: null FQDN: null REALM: null PRIO: 0
D/WifiService(  731):  KeyMgmt: WPA_PSK Protocols:
D/WifiService(  731):  AuthAlgorithms:
D/WifiService(  731):  PairwiseCiphers:
D/WifiService(  731):  GroupCiphers:
D/WifiService(  731):  PSK: *
D/WifiService(  731): Enterprise config:
D/WifiService(  731): IP config:
D/WifiService(  731): IP assignment: DHCP
D/WifiService(  731): Proxy settings: NONE
D/WifiService(  731):  uid=1000roamingFailureBlackListTimeMilli: 1000
D/WifiService(  731): 
D/WifiService(  731):  imsi: "none" simSlot: "-1" pcsc: "none"
D/WifiService(  731): triggeredLow: 0 triggeredBad: 0 triggeredNotHigh: 0
D/WifiService(  731): ticksLow: 0 ticksBad: 0 ticksNotHigh: 0
D/WifiService(  731): triggeredJoin: 0
D/WifiService(  731): autoJoinBailedDueToLowRssi: false
D/WifiService(  731): autoJoinUseAggressiveJoinAttemptThreshold: 0
D/WifiService(  731): pacFile: null phase1: null
D/WifiService(  731): Channel: 0 ChannelWidth: 0
V/ActivityManager(  731): Broadcast: Intent { act=android.net.wifi.CONFIGURED_NETWORKS_CHANGE flg=0x4000010 (has extras) } ordered=false userid=-1 callerApp=ProcessRecord{3ab4aef4 731:system/1000}
D/NetlinkEvent(  237): clear RA flag done
D/SocketClient(  237): SocketClient sendData done: 600 Iface linkstate wlan0 down
D/NetdConnector(  731): RCV <- {600 Iface linkstate wlan0 down}
D/SocketClient(  237): SocketClient sendData done: 600 Iface linkstate wlan0 up
D/NetworkManagementService(  731): onEvent:600 Iface linkstate wlan0 down:5
D/NetlinkEvent(  237): clear RA flag done
D/SocketClient(  237): SocketClient sendData done: 600 Iface linkstate wlan0 down
D/NetdConnector(  731): RCV <- {600 Iface linkstate wlan0 up}
D/NetdConnector(  731): RCV <- {600 Iface linkstate wlan0 down}
D/NetworkManagementService(  731): onEvent:600 Iface linkstate wlan0 up:5
D/NetworkManagementService(  731): onEvent:600 Iface linkstate wlan0 down:5
D/NetlinkEvent(  237): clear RA flag done
D/SocketClient(  237): SocketClient sendData done: 600 Iface linkstate wlan0 down
D/NetdConnector(  731): RCV <- {600 Iface linkstate wlan0 down}
D/NetworkManagementService(  731): onEvent:600 Iface linkstate wlan0 down:5
D/NetlinkEvent(  237): clear RA flag done
D/SocketClient(  237): SocketClient sendData done: 600 Iface linkstate wlan0 down
D/NetdConnector(  731): RCV <- {600 Iface linkstate wlan0 down}
D/NetworkManagementService(  731): onEvent:600 Iface linkstate wlan0 down:5
D/AlarmManager(  731): manual remove option = PendingIntent{1a851a47: PendingIntentRecord{32980274 android broadcastIntent}}
D/AlarmManager(  731): remove(operation) changed bounds; rebatching operation = PendingIntent{1a851a47: PendingIntentRecord{32980274 android broadcastIntent}}
D/AlarmManager(  731): rebatchAllAlarmsLocked begin oldBatches count = 7
D/AlarmManager(  731): rebatchAllAlarmsLocked  batch.size() = 1
D/AlarmManager(  731): rebatchAllAlarmsLocked  batch.size() = 1
D/AlarmManager(  731): rebatchAllAlarmsLocked  batch.size() = 2
D/AlarmManager(  731): rebatchAllAlarmsLocked  batch.size() = 1
D/AlarmManager(  731): rebatchAllAlarmsLocked  batch.size() = 1
D/AlarmManager(  731): rebatchAllAlarmsLocked  batch.size() = 1
D/AlarmManager(  731): rebatchAllAlarmsLocked  batch.size() = 1
D/AlarmManager(  731): rebatchAllAlarmsLocked end
D/NetlinkEvent(  237): clear RA flag done
D/SocketClient(  237): SocketClient sendData done: 600 Iface linkstate wlan0 down
D/SocketClient(  237): SocketClient sendData done: 600 Iface linkstate wlan0 up
D/SocketClient(  237): SocketClient sendData done: 600 Iface linkstate wlan0 up
D/NetdConnector(  731): RCV <- {600 Iface linkstate wlan0 down}
D/SocketClient(  237): SocketClient sendData done: 600 Iface linkstate wlan0 up
D/SocketClient(  237): SocketClient sendData done: 600 Iface linkstate wlan0 up
D/NetdConnector(  731): RCV <- {600 Iface linkstate wlan0 up}
D/NetworkManagementService(  731): onEvent:600 Iface linkstate wlan0 down:5
D/NetdConnector(  731): RCV <- {600 Iface linkstate wlan0 up}
D/NetdConnector(  731): RCV <- {600 Iface linkstate wlan0 up}
D/NetdConnector(  731): RCV <- {600 Iface linkstate wlan0 up}
D/NetworkManagementService(  731): onEvent:600 Iface linkstate wlan0 up:5
D/NetworkManagementService(  731): onEvent:600 Iface linkstate wlan0 up:5
D/NetworkManagementService(  731): onEvent:600 Iface linkstate wlan0 up:5
D/NetworkManagementService(  731): onEvent:600 Iface linkstate wlan0 up:5
D/SocketClient(  237): SocketClient sendData done: 600 Iface linkstate wlan0 up
D/NetdConnector(  731): RCV <- {600 Iface linkstate wlan0 up}
D/NetworkManagementService(  731): onEvent:600 Iface linkstate wlan0 up:5
D/NetdConnector(  731): SND -> {44 interface clearaddrs wlan0}
D/FrameworkListener(  237): dispatchCommand data = (44 interface clearaddrs wlan0)
D/NetlinkEvent(  237): parseIfAddrMessage: if:wlan0; ADDRESS 10.5.225.110;VALID=4294967295;
D/SocketClient(  237): SocketClient sendData done: 614 Address removed 10.5.225.110/21 wlan0 128 0 1
D/NetdConnector(  731): RCV <- {614 Address removed 10.5.225.110/21 wlan0 128 0 1}
D/SocketClient(  237): SocketClient sendData done: 200 44 Interface IP addresses cleared
D/NetdConnector(  731): RCV <- {200 44 Interface IP addresses cleared}
D/NetworkManagementService(  731): onEvent:614 Address removed 10.5.225.110/21 wlan0 128 0 1:8
D/NetworkManagementService(  731): InterfaceAddressChange valid=1
D/NetdConnector(  731): RMV <- {200 44 Interface IP addresses cleared}
D/NetdConnector(  731): SND -> {45 interface ipv6 wlan0 disable}
D/FrameworkListener(  237): dispatchCommand data = (45 interface ipv6 wlan0 disable)
D/SocketClient(  237): SocketClient sendData done: 200 45 IPv6 state changed
D/SocketClient(  237): SocketClient sendData done: 616 Route removed fe80::/64 dev wlan0
D/NetdConnector(  731): RCV <- {200 45 IPv6 state changed}
D/NetlinkEvent(  237): parseIfAddrMessage: if:wlan0; ADDRESS fe80::20c:e7ff:fe82:6fb;VALID=4294967295;
D/NetdConnector(  731): RCV <- {616 Route removed fe80::/64 dev wlan0}
D/NetdConnector(  731): RMV <- {200 45 IPv6 state changed}
D/NetworkManagementService(  731): onEvent:616 Route removed fe80::/64 dev wlan0:6
D/SocketClient(  237): SocketClient sendData done: 614 Address removed fe80::20c:e7ff:fe82:6fb/64 wlan0 128 253 1
D/NetdConnector(  731): RCV <- {614 Address removed fe80::20c:e7ff:fe82:6fb/64 wlan0 128 253 1}
D/NetworkManagementService(  731): onEvent:614 Address removed fe80::20c:e7ff:fe82:6fb/64 wlan0 128 253 1:8
D/NetworkManagementService(  731): InterfaceAddressChange valid=1
V/ActivityManager(  731): Broadcast sticky: Intent { act=android.net.wifi.RSSI_CHANGED flg=0x4000010 (has extras) } ordered=false userid=-1 callerApp=ProcessRecord{3ab4aef4 731:system/1000}
V/ActivityManager(  731): Broadcast sticky: Intent { act=android.net.wifi.STATE_CHANGE flg=0x4000010 (has extras) } ordered=false userid=-1 callerApp=ProcessRecord{3ab4aef4 731:system/1000}
V/ActivityManager(  731): Broadcast sticky: Intent { act=android.net.wifi.STATE_CHANGE flg=0x4000010 (has extras) } ordered=false userid=-1 callerApp=ProcessRecord{3ab4aef4 731:system/1000}
D/ConnectivityService(  731): NetworkAgentInfo [WIFI () - 100] EVENT_NETWORK_INFO_CHANGED, going from CONNECTED to DISCONNECTED
D/ConnectivityService(  731): NetworkAgentInfo [WIFI () - 100] got DISCONNECTED, was satisfying 2
D/NetdConnector(  731): SND -> {46 network destroy 100}
D/WifiNotificationController(  731): Received NETWORK_STATE_CHANGED_ACTION, mNetworkInfo:[type: WIFI[], state: CONNECTED/CONNECTED, reason: (unspecified), extra: <unknown ssid>, roaming: false, failover: false, isAvailable: true, isConnectedToProvisioningNetwork: false]
D/WifiService(  731): onReceive, action:android.net.wifi.STATE_CHANGE
D/WifiNotificationController(  731): Received NETWORK_STATE_CHANGED_ACTION, mNetworkInfo:[type: WIFI[], state: DISCONNECTED/DISCONNECTED, reason: (unspecified), extra: <unknown ssid>, roaming: false, failover: false, isAvailable: true, isConnectedToProvisioningNetwork: false]
D/WifiService(  731): onReceive, action:android.net.wifi.STATE_CHANGE
V/ActivityManager(  731): Broadcast sticky: Intent { act=android.net.wifi.STATE_CHANGE flg=0x4000010 (has extras) } ordered=false userid=-1 callerApp=ProcessRecord{3ab4aef4 731:system/1000}
D/FrameworkListener(  237): dispatchCommand data = (46 network destroy 100)
D/WifiNotificationController(  731): Received NETWORK_STATE_CHANGED_ACTION, mNetworkInfo:[type: WIFI[], state: DISCONNECTED/DISCONNECTED, reason: (unspecified), extra: <unknown ssid>, roaming: false, failover: false, isAvailable: true, isConnectedToProvisioningNetwork: false]
D/WifiService(  731): onReceive, action:android.net.wifi.STATE_CHANGE
D/NetdConnector(  731): SND -> {47 interface clearaddrs wlan0}
V/WindowManager(  731): Changing focus from Window{304be86f u0 Honor 8 EXITING} to Window{39aed369 u0 com.android.settings/com.android.settings.SubSettings} Callers=com.android.server.wm.WindowManagerService.removeWindowLocked:3051 com.android.server.wm.WindowManagerService.removeWindow:2988 com.android.server.wm.Session.remove:193 android.view.IWindowSession$Stub.onTransact:233 
I/WindowManager(  731): Gaining focus: Window{39aed369 u0 com.android.settings/com.android.settings.SubSettings}
I/WindowManager(  731): Losing focus: Window{304be86f u0 Honor 8 EXITING}
D/SocketClient(  237): SocketClient sendData done: 200 46 success
D/FrameworkListener(  237): dispatchCommand data = (47 interface clearaddrs wlan0)
D/NetdConnector(  731): RCV <- {200 46 success}
D/NetdConnector(  731): RMV <- {200 46 success}
D/SocketClient(  237): SocketClient sendData done: 200 47 Interface IP addresses cleared
D/NetdConnector(  731): RCV <- {200 47 Interface IP addresses cleared}
D/PowerManagerService(  731): acquireWakeLockInternal: lock=931307021, flags=0x1, tag="NetworkStats", ws=null, uid=1000, pid=731
D/NetdConnector(  731): RMV <- {200 47 Interface IP addresses cleared}
D/PowerManagerService(  731): updateWakeLockSummaryLocked: mWakefulness=Awake, mWakeLockSummary=0x1
D/PowerManagerService(  731): updateUserActivitySummaryLocked: mWakefulness=Awake, mUserActivitySummary=0x1, nextTimeout=458521 (in 52553 ms)
D/PowerManagerService(  731): mDisplayPowerRequest.policy = 3
D/NetdConnector(  731): SND -> {48 interface ipv6 wlan0 disable}
D/PowerManagerService(  731): isWfdEnabled() mWfdStatus=WifiDisplayStatus{featureState=0, scanState=0, activeDisplayState=0, activeDisplay=null, displays=[], sessionInfo=WifiDisplaySessionInfo: C/O:Client,GId:,Pp:,SId:0,IP:}, return false
D/DisplayPowerController(  731): requestPowerState: policy=BRIGHT, useProximitySensor=false, screenBrightness=102, screenAutoBrightnessAdjustment=0.0, useAutoBrightness=false, blockScreenOn=false, lowPowerMode=false, boostScreenBrightness=false, dozeScreenBrightness=-1, dozeScreenState=UNKNOWN, waitForNegativeProximity=false
I/PowerManagerService(  731): setBrightness mButtonLight 0.
D/PowerManagerService(  731): updateDisplayPowerStateLocked: mDisplayReady=true, policy=3, mWakefulness=1, mWakeLockSummary=0x1, mUserActivitySummary=0x1, mBootCompleted=true, mScreenBrightnessBoostInProgress=false
D/FrameworkListener(  237): dispatchCommand data = (48 interface ipv6 wlan0 disable)
D/PowerManagerNotifier(  731): onWakeLockAcquired: flags=1, tag="NetworkStats", packageName=android, ownerUid=1000, ownerPid=731, workSource=null
D/SocketClient(  237): SocketClient sendData done: 200 48 IPv6 state changed
V/NetworkStats(  731): updateIfacesLocked()
D/NetdConnector(  731): RCV <- {200 48 IPv6 state changed}
V/NetworkStats(  731): performPollLocked(flags=0x1)
D/NetdConnector(  731): RMV <- {200 48 IPv6 state changed}
V/ActivityManager(  731): Broadcast sticky: Intent { act=android.net.wifi.STATE_CHANGE flg=0x4000010 (has extras) } ordered=false userid=-1 callerApp=ProcessRecord{3ab4aef4 731:system/1000}
D/NetdConnector(  731): SND -> {49 bandwidth gettetherstats}
D/WifiNotificationController(  731): Received NETWORK_STATE_CHANGED_ACTION, mNetworkInfo:[type: WIFI[], state: DISCONNECTED/DISCONNECTED, reason: (unspecified), extra: <unknown ssid>, roaming: false, failover: false, isAvailable: true, isConnectedToProvisioningNetwork: false]
D/FrameworkListener(  237): dispatchCommand data = (49 bandwidth gettetherstats)
D/SocketClient(  237): SocketClient sendData done: 200 49 Tethering stats list completed
D/WifiService(  731): onReceive, action:android.net.wifi.STATE_CHANGE
D/NetdConnector(  731): RCV <- {200 49 Tethering stats list completed}
D/NetdConnector(  731): RMV <- {200 49 Tethering stats list completed}
I/NetworkStatsRecorder(  731): recordSnapshotLocked: ident[[{type=WIFI, subType=COMBINED, networkId=iflytek01}]]
W/NetworkStatsRecorder(  731): unknown interfaces [lo, p2p0], ignoring those stats
I/NetworkStatsRecorder(  731): recordSnapshotLocked: ident[[{type=WIFI, subType=COMBINED, networkId=iflytek01}]]
W/NetworkStatsRecorder(  731): unknown interfaces [lo, p2p0], ignoring those stats
I/NetworkStatsRecorder(  731): recordSnapshotLocked: ident[[{type=WIFI, subType=COMBINED, networkId=iflytek01}]]
I/NetworkStatsRecorder(  731): recordSnapshotLocked: ident[[{type=WIFI, subType=COMBINED, networkId=iflytek01}]]
I/NetworkStatsRecorder(  731): recordSnapshotLocked: ident[[{type=WIFI, subType=COMBINED, networkId=iflytek01}]]
I/NetworkStatsRecorder(  731): recordSnapshotLocked: ident[[{type=WIFI, subType=COMBINED, networkId=iflytek01}]]
I/NetworkStatsRecorder(  731): recordSnapshotLocked: ident[[{type=WIFI, subType=COMBINED, networkId=iflytek01}]]
I/NetworkStatsRecorder(  731): recordSnapshotLocked: ident[[{type=WIFI, subType=COMBINED, networkId=iflytek01}]]
I/NetworkStatsRecorder(  731): recordSnapshotLocked: ident[[{type=WIFI, subType=COMBINED, networkId=iflytek01}]]
I/NetworkStatsRecorder(  731): recordSnapshotLocked: ident[[{type=WIFI, subType=COMBINED, networkId=iflytek01}]]
W/NetworkStatsRecorder(  731): unknown interfaces [p2p0], ignoring those stats
I/NetworkStatsRecorder(  731): recordSnapshotLocked: ident[[{type=WIFI, subType=COMBINED, networkId=iflytek01}]]
V/ActivityManager(  731): Broadcast sticky: Intent { act=android.net.wifi.STATE_CHANGE flg=0x4000010 (has extras) } ordered=false userid=-1 callerApp=ProcessRecord{3ab4aef4 731:system/1000}
I/NetworkStatsRecorder(  731): recordSnapshotLocked: ident[[{type=WIFI, subType=COMBINED, networkId=iflytek01}]]
I/NetworkStatsRecorder(  731): recordSnapshotLocked: ident[[{type=WIFI, subType=COMBINED, networkId=iflytek01}]]
I/NetworkStatsRecorder(  731): recordSnapshotLocked: ident[[{type=WIFI, subType=COMBINED, networkId=iflytek01}]]
W/NetworkStatsRecorder(  731): unknown interfaces [p2p0], ignoring those stats
V/NetworkStats(  731): performPollLocked() took 5ms
D/WifiNotificationController(  731): Received NETWORK_STATE_CHANGED_ACTION, mNetworkInfo:[type: WIFI[], state: DISCONNECTED/DISCONNECTED, reason: (unspecified), extra: "iflytek01", roaming: false, failover: false, isAvailable: true, isConnectedToProvisioningNetwork: false]
D/WifiService(  731): onReceive, action:android.net.wifi.STATE_CHANGE
V/ActivityManager(  731): Broadcast sticky: Intent { act=android.net.wifi.STATE_CHANGE flg=0x4000010 (has extras) } ordered=false userid=-1 callerApp=ProcessRecord{3ab4aef4 731:system/1000}
D/WifiNotificationController(  731): Received NETWORK_STATE_CHANGED_ACTION, mNetworkInfo:[type: WIFI[], state: CONNECTING/CONNECTING, reason: (unspecified), extra: "iflytek01", roaming: false, failover: false, isAvailable: true, isConnectedToProvisioningNetwork: false]
D/WifiService(  731): onReceive, action:android.net.wifi.STATE_CHANGE
V/ActivityManager(  731): Broadcast: Intent { act=com.android.server.action.NETWORK_STATS_UPDATED flg=0x40000010 } ordered=false userid=-1 callerApp=ProcessRecord{3ab4aef4 731:system/1000}
V/NetworkPolicy(  731): updateNetworkEnabledLocked()
V/ActivityManager(  731): Broadcast sticky: Intent { act=android.net.wifi.STATE_CHANGE flg=0x4000010 (has extras) } ordered=false userid=-1 callerApp=ProcessRecord{3ab4aef4 731:system/1000}
D/PowerManagerService(  731): releaseWakeLockInternal: lock=931307021 [NetworkStats], flags=0x0, total_time=8ms
D/PowerManagerNotifier(  731): onWakeLockReleased: flags=1, tag="NetworkStats", packageName=android, ownerUid=1000, ownerPid=731, workSource=null
D/PowerManagerService(  731): updateWakeLockSummaryLocked: mWakefulness=Awake, mWakeLockSummary=0x1
D/PowerManagerService(  731): updateUserActivitySummaryLocked: mWakefulness=Awake, mUserActivitySummary=0x1, nextTimeout=458521 (in 52545 ms)
D/PowerManagerService(  731): mDisplayPowerRequest.policy = 3
D/PowerManagerService(  731): isWfdEnabled() mWfdStatus=WifiDisplayStatus{featureState=0, scanState=0, activeDisplayState=0, activeDisplay=null, displays=[], sessionInfo=WifiDisplaySessionInfo: C/O:Client,GId:,Pp:,SId:0,IP:}, return false
D/DisplayPowerController(  731): requestPowerState: policy=BRIGHT, useProximitySensor=false, screenBrightness=102, screenAutoBrightnessAdjustment=0.0, useAutoBrightness=false, blockScreenOn=false, lowPowerMode=false, boostScreenBrightness=false, dozeScreenBrightness=-1, dozeScreenState=UNKNOWN, waitForNegativeProximity=false
I/PowerManagerService(  731): setBrightness mButtonLight 0.
D/PowerManagerService(  731): updateDisplayPowerStateLocked: mDisplayReady=true, policy=3, mWakefulness=1, mWakeLockSummary=0x1, mUserActivitySummary=0x1, mBootCompleted=true, mScreenBrightnessBoostInProgress=false
D/ConnectivityService(  731): notifyType LOST for NetworkAgentInfo [WIFI () - 100]
D/ConnectivityService(  731):  sending notification for NetworkRequest [ id=1, legacyType=-1, [ Capabilities: INTERNET&NOT_RESTRICTED&TRUSTED&NOT_VPN] ]
V/NetworkPolicy(  731):  checking policy:NetworkPolicy[NetworkTemplate: matchRule=MOBILE_ALL, subscriberId=460022..., matchSubscriberIds=[460022...]]: cycleDay=1, cycleTimezone=Asia/Shanghai, warningBytes=2147483648, limitBytes=-1, lastWarningSnooze=-1, lastLimitSnooze=-1, metered=true, inferred=true
D/WifiNotificationController(  731): Received NETWORK_STATE_CHANGED_ACTION, mNetworkInfo:[type: WIFI[], state: CONNECTING/CONNECTING, reason: (unspecified), extra: "Honor 8", roaming: false, failover: false, isAvailable: true, isConnectedToProvisioningNetwork: false]
D/WifiService(  731): onReceive, action:android.net.wifi.STATE_CHANGE
D/ConnectivityService(  731):  sending notification for NetworkRequest [ id=2, legacyType=-1, [] ]
D/ConnectivityService(  731): sending notification LOST for NetworkRequest [ id=2, legacyType=-1, [] ]
V/ActivityManager(  731): Broadcast sticky: Intent { act=android.net.wifi.STATE_CHANGE flg=0x4000010 (has extras) } ordered=false userid=-1 callerApp=ProcessRecord{3ab4aef4 731:system/1000}
D/CSLegacyTypeTracker(  731): Removing agent NetworkAgentInfo{ ni{[type: WIFI[], state: DISCONNECTED/DISCONNECTED, reason: (unspecified), extra: <unknown ssid>, roaming: false, failover: false, isAvailable: true, isConnectedToProvisioningNetwork: false]}  network{100}  lp{{InterfaceName: wlan0 LinkAddresses: [fe80::20c:e7ff:fe82:6fb/64,10.5.225.110/21,]  Routes: [fe80::/64 -> :: wlan0,10.5.224.0/21 -> 0.0.0.0 wlan0,0.0.0.0/0 -> 10.5.224.1 wlan0,] DnsAddresses: [192.168.75.14,172.16.100.13,] Domains: iflytek.com MTU: 0 TcpBufferSizes: 524288,1048576,2097152,262144,524288,1048576 PcscfAddresses: [] }}  nc{[ Transports: WIFI Capabilities: INTERNET&NOT_RESTRICTED&TRUSTED&NOT_VPN LinkUpBandwidth>=1048576Kbps LinkDnBandwidth>=1048576Kbps]}  Score{60}  everValidated{true}  lastValidated{false}  created{true}  explicitlySelected{false}  subscriberId{null} }
D/CSLegacyTypeTracker(  731): Sending disconnected broadcast for type 1 NetworkAgentInfo [WIFI () - 100] isDefaultNetwork=true
D/ConnectivityService(  731): sendStickyBroadcast: action=android.net.conn.CONNECTIVITY_CHANGE_IMMEDIATE
D/WifiNotificationController(  731): Received NETWORK_STATE_CHANGED_ACTION, mNetworkInfo:[type: WIFI[], state: CONNECTING/AUTHENTICATING, reason: (unspecified), extra: "Honor 8", roaming: false, failover: false, isAvailable: true, isConnectedToProvisioningNetwork: false]
D/WifiService(  731): onReceive, action:android.net.wifi.STATE_CHANGE
V/ActivityManager(  731): Broadcast sticky: Intent { act=android.net.conn.CONNECTIVITY_CHANGE_IMMEDIATE flg=0x4000010 (has extras) } ordered=false userid=-1 callerApp=ProcessRecord{3ab4aef4 731:system/1000}
V/NetworkPolicy(  731): setPolicyDataEnableForSubscriber:subId(1),true
D/ConnectivityService(  731): sendStickyBroadcast: action=android.net.conn.CONNECTIVITY_CHANGE
V/NetworkPolicy(  731):  checking policy:NetworkPolicy[NetworkTemplate: matchRule=MOBILE_ALL, matchSubscriberIds=[null]]: cycleDay=1, cycleTimezone=Asia/Shanghai, warningBytes=2147483648, limitBytes=-1, lastWarningSnooze=-1, lastLimitSnooze=-1, metered=true, inferred=true
V/ActivityManager(  731): Broadcast sticky: Intent { act=android.net.wifi.STATE_CHANGE flg=0x4000010 (has extras) } ordered=false userid=-1 callerApp=ProcessRecord{3ab4aef4 731:system/1000}
D/WifiNotificationController(  731): Received NETWORK_STATE_CHANGED_ACTION, mNetworkInfo:[type: WIFI[], state: CONNECTING/AUTHENTICATING, reason: (unspecified), extra: "Honor 8", roaming: false, failover: false, isAvailable: true, isConnectedToProvisioningNetwork: false]
D/WifiService(  731): onReceive, action:android.net.wifi.STATE_CHANGE
V/ActivityManager(  731): Broadcast sticky: Intent { act=android.net.wifi.STATE_CHANGE flg=0x4000010 (has extras) } ordered=false userid=-1 callerApp=ProcessRecord{3ab4aef4 731:system/1000}
V/NetworkPolicy(  731): updateNotificationsLocked()
D/WifiNotificationController(  731): Received NETWORK_STATE_CHANGED_ACTION, mNetworkInfo:[type: WIFI[], state: CONNECTING/CONNECTING, reason: (unspecified), extra: "Honor 8", roaming: false, failover: false, isAvailable: true, isConnectedToProvisioningNetwork: false]
D/WifiService(  731): onReceive, action:android.net.wifi.STATE_CHANGE
V/ActivityManager(  731): Broadcast sticky: Intent { act=android.net.conn.CONNECTIVITY_CHANGE flg=0x4000010 (has extras) } ordered=false userid=-1 callerApp=ProcessRecord{3ab4aef4 731:system/1000}
D/ConnectivityService(  731): sendStickyBroadcast: action=android.net.conn.CONNECTIVITY_CHANGE_IMMEDIATE
I/NetworkIdentity(  731): buildNetworkIdentity:
V/ActivityManager(  731): Broadcast sticky: Intent { act=android.net.conn.CONNECTIVITY_CHANGE_IMMEDIATE flg=0x4000010 (has extras) } ordered=false userid=-1 callerApp=ProcessRecord{3ab4aef4 731:system/1000}
D/ActivityThread( 1487): BDC-Calling onReceive: intent=Intent { act=android.net.conn.CONNECTIVITY_CHANGE flg=0x4000010 cmp=com.android.mms/.transaction.MmsSystemEventReceiver (has extras) }, receiver=com.android.mms.transaction.MmsSystemEventReceiver@39fafc6c
D/ActivityThread( 1487): BDC-RECEIVER handled : 0 / ReceiverData{intent=Intent { act=android.net.conn.CONNECTIVITY_CHANGE flg=0x4000010 cmp=com.android.mms/.transaction.MmsSystemEventReceiver (has extras) } packageName=com.android.mms resultCode=-1 resultData=null resultExtras=null}
D/ConnectivityService(  731): sendStickyBroadcast: action=android.net.conn.CONNECTIVITY_CHANGE
V/ActivityManager(  731): Broadcast sticky: Intent { act=android.net.conn.CONNECTIVITY_CHANGE flg=0x4000010 (has extras) } ordered=false userid=-1 callerApp=ProcessRecord{3ab4aef4 731:system/1000}
V/NetworkPolicy(  731): ensureActiveMobilePolicyLocked()
D/ConnectivityService(  731): registerNetworkAgent NetworkAgentInfo{ ni{[type: WIFI[], state: CONNECTING/CONNECTING, reason: (unspecified), extra: "Honor 8", roaming: false, failover: false, isAvailable: true, isConnectedToProvisioningNetwork: false]}  network{null}  lp{{LinkAddresses: []  Routes: [] DnsAddresses: [] Domains: null MTU: 0 TcpBufferSizes: 524288,1048576,2097152,262144,524288,1048576 PcscfAddresses: [] }}  nc{[ Transports: WIFI Capabilities: INTERNET&NOT_RESTRICTED&TRUSTED&NOT_VPN LinkUpBandwidth>=1048576Kbps LinkDnBandwidth>=1048576Kbps]}  Score{20}  everValidated{false}  lastValidated{false}  created{false}  explicitlySelected{false}  subscriberId{null} }
D/ActivityThread( 1928): BDC-Calling onReceive: intent=Intent { act=android.net.conn.CONNECTIVITY_CHANGE flg=0x4000010 cmp=com.mediatek.providers.drm/.ConnectionChangeReceiver (has extras) }, receiver=com.mediatek.providers.drm.ConnectionChangeReceiver@3dbd07b
D/CSLegacyTypeTracker(  731): getNetworkForType type 0
D/CSLegacyTypeTracker(  731): getNetworkForType type 1
D/CSLegacyTypeTracker(  731): getNetworkForType type 2
D/CSLegacyTypeTracker(  731): getNetworkForType type 3
D/CSLegacyTypeTracker(  731): getNetworkForType type 4
D/CSLegacyTypeTracker(  731): getNetworkForType type 5
D/ConnectivityService(  731): Checking for replacement network to handle request NetworkRequest [ id=1, legacyType=-1, [ Capabilities: INTERNET&NOT_RESTRICTED&TRUSTED&NOT_VPN] ]
D/CSLegacyTypeTracker(  731): getNetworkForType type 7
D/ConnectivityService(  731): sending new Min Network Score(0): NetworkRequest [ id=1, legacyType=-1, [ Capabilities: INTERNET&NOT_RESTRICTED&TRUSTED&NOT_VPN] ]
D/CSLegacyTypeTracker(  731): getNetworkForType type 10
D/CSLegacyTypeTracker(  731): getNetworkForType type 11
D/CSLegacyTypeTracker(  731): getNetworkForType type 12
D/CSLegacyTypeTracker(  731): getNetworkForType type 14
D/CSLegacyTypeTracker(  731): getNetworkForType type 15
D/CSLegacyTypeTracker(  731): getNetworkForType type 17
D/NetworkManagementService(  731): Removing idletimer
D/CSLegacyTypeTracker(  731): getNetworkForType type 34
D/CSLegacyTypeTracker(  731): getNetworkForType type 35
D/CSLegacyTypeTracker(  731): getNetworkForType type 36
D/CSLegacyTypeTracker(  731): getNetworkForType type 37
D/CSLegacyTypeTracker(  731): getNetworkForType type 38
D/CSLegacyTypeTracker(  731): getNetworkForType type 40
D/CSLegacyTypeTracker(  731): getNetworkForType type 41
D/CSLegacyTypeTracker(  731): getNetworkForType type 49
D/PowerManagerService(  731): acquireWakeLockInternal: lock=58052221, flags=0x1, tag="ConnectivityService", ws=null, uid=1000, pid=731
D/PowerManagerService(  731): updateWakeLockSummaryLocked: mWakefulness=Awake, mWakeLockSummary=0x1
D/PowerManagerService(  731): updateUserActivitySummaryLocked: mWakefulness=Awake, mUserActivitySummary=0x1, nextTimeout=458521 (in 52517 ms)
D/PowerManagerService(  731): mDisplayPowerRequest.policy = 3
D/PowerManagerService(  731): isWfdEnabled() mWfdStatus=WifiDisplayStatus{featureState=0, scanState=0, activeDisplayState=0, activeDisplay=null, displays=[], sessionInfo=WifiDisplaySessionInfo: C/O:Client,GId:,Pp:,SId:0,IP:}, return false
D/DisplayPowerController(  731): requestPowerState: policy=BRIGHT, useProximitySensor=false, screenBrightness=102, screenAutoBrightnessAdjustment=0.0, useAutoBrightness=false, blockScreenOn=false, lowPowerMode=false, boostScreenBrightness=false, dozeScreenBrightness=-1, dozeScreenState=UNKNOWN, waitForNegativeProximity=false
I/PowerManagerService(  731): setBrightness mButtonLight 0.
D/PowerManagerService(  731): updateDisplayPowerStateLocked: mDisplayReady=true, policy=3, mWakefulness=1, mWakeLockSummary=0x1, mUserActivitySummary=0x1, mBootCompleted=true, mScreenBrightnessBoostInProgress=false
D/PowerManagerNotifier(  731): onWakeLockAcquired: flags=1, tag="ConnectivityService", packageName=android, ownerUid=1000, ownerPid=731, workSource=null
E/ConnectivityService(  731): EVENT_NETWORK_INFO_CHANGED from unknown NetworkAgent
D/ConnectivityService(  731): setProvNotificationVisibleIntent: E visible=false networkType=0 extraInfo=null
D/ConnectivityService(  731): Got NetworkAgent Messenger
D/ConnectivityService(  731): NetworkAgentInfo [WIFI () - 101] EVENT_NETWORK_INFO_CHANGED, going from null to CONNECTING
D/ConnectivityService(  731):   checking request is satisfied: NetworkRequest [ id=1, legacyType=-1, [ Capabilities: INTERNET&NOT_RESTRICTED&TRUSTED&NOT_VPN] ]
D/ConnectivityService(  731): NetworkAgent connected
D/CSLegacyTypeTracker(  731): getNetworkForType type 1
D/PowerManagerService(  731): acquireWakeLockInternal: lock=444971572, flags=0x1, tag="GpsLocationProvider", ws=null, uid=1000, pid=731
D/PowerManagerService(  731): updateWakeLockSummaryLocked: mWakefulness=Awake, mWakeLockSummary=0x1
D/PowerManagerService(  731): updateUserActivitySummaryLocked: mWakefulness=Awake, mUserActivitySummary=0x1, nextTimeout=458521 (in 52516 ms)
D/PowerManagerService(  731): mDisplayPowerRequest.policy = 3
D/PowerManagerService(  731): isWfdEnabled() mWfdStatus=WifiDisplayStatus{featureState=0, scanState=0, activeDisplayState=0, activeDisplay=null, displays=[], sessionInfo=WifiDisplaySessionInfo: C/O:Client,GId:,Pp:,SId:0,IP:}, return false
D/DisplayPowerController(  731): requestPowerState: policy=BRIGHT, useProximitySensor=false, screenBrightness=102, screenAutoBrightnessAdjustment=0.0, useAutoBrightness=false, blockScreenOn=false, lowPowerMode=false, boostScreenBrightness=false, dozeScreenBrightness=-1, dozeScreenState=UNKNOWN, waitForNegativeProximity=false
V/NetworkPolicy(  731): ensureActiveMobilePolicyLocked subscriberId(460022308638852)
I/PowerManagerService(  731): setBrightness mButtonLight 0.
D/PowerManagerService(  731): updateDisplayPowerStateLocked: mDisplayReady=true, policy=3, mWakefulness=1, mWakeLockSummary=0x1, mUserActivitySummary=0x1, mBootCompleted=true, mScreenBrightnessBoostInProgress=false
D/NetworkPolicy(  731): Found template NetworkTemplate: matchRule=MOBILE_ALL, subscriberId=460022..., matchSubscriberIds=[460022...] which matches subscriber 460022...
D/PowerManagerNotifier(  731): onWakeLockAcquired: flags=1, tag="GpsLocationProvider", packageName=android, ownerUid=1000, ownerPid=731, workSource=null
D/PowerManagerService(  731): acquireWakeLockInternal: lock=41875907, flags=0x1, tag="RILJ", ws=null, uid=1001, pid=1327
D/PowerManagerService(  731): updateWakeLockSummaryLocked: mWakefulness=Awake, mWakeLockSummary=0x1
D/PowerManagerService(  731): updateUserActivitySummaryLocked: mWakefulness=Awake, mUserActivitySummary=0x1, nextTimeout=458521 (in 52499 ms)
D/PowerManagerService(  731): mDisplayPowerRequest.policy = 3
D/FrameworkListener(  237): dispatchCommand data = (gethostbyname 0 autodev.openspeech.cn 2)
D/PowerManagerService(  731): isWfdEnabled() mWfdStatus=WifiDisplayStatus{featureState=0, scanState=0, activeDisplayState=0, activeDisplay=null, displays=[], sessionInfo=WifiDisplaySessionInfo: C/O:Client,GId:,Pp:,SId:0,IP:}, return false
D/DisplayPowerController(  731): requestPowerState: policy=BRIGHT, useProximitySensor=false, screenBrightness=102, screenAutoBrightnessAdjustment=0.0, useAutoBrightness=false, blockScreenOn=false, lowPowerMode=false, boostScreenBrightness=false, dozeScreenBrightness=-1, dozeScreenState=UNKNOWN, waitForNegativeProximity=false
I/PowerManagerService(  731): setBrightness mButtonLight 0.
D/PowerManagerService(  731): updateDisplayPowerStateLocked: mDisplayReady=true, policy=3, mWakefulness=1, mWakeLockSummary=0x1, mUserActivitySummary=0x1, mBootCompleted=true, mScreenBrightnessBoostInProgress=false
D/PowerManagerNotifier(  731): onWakeLockAcquired: flags=1, tag="RILJ", packageName=com.android.phone, ownerUid=1001, ownerPid=1327, workSource=null
V/NetworkPolicy(  731): updateNetworkEnabledLocked()
V/NetworkPolicy(  731):  checking policy:NetworkPolicy[NetworkTemplate: matchRule=MOBILE_ALL, subscriberId=460022..., matchSubscriberIds=[460022...]]: cycleDay=1, cycleTimezone=Asia/Shanghai, warningBytes=2147483648, limitBytes=-1, lastWarningSnooze=-1, lastLimitSnooze=-1, metered=true, inferred=true
V/ActivityManager(  731): Broadcast sticky: Intent { act=android.net.wifi.STATE_CHANGE flg=0x4000010 (has extras) } ordered=false userid=-1 callerApp=ProcessRecord{3ab4aef4 731:system/1000}
D/PowerManagerService(  731): acquireWakeLockInternal: lock=805040704, flags=0x1, tag="AudioMix", ws=null, uid=1013, pid=240
D/FrameworkListener(  237): dispatchCommand data = (gethostbyname 0 autodev.openspeech.cn 2)
D/PowerManagerService(  731): updateWakeLockSummaryLocked: mWakefulness=Awake, mWakeLockSummary=0x1
D/PowerManagerService(  731): updateUserActivitySummaryLocked: mWakefulness=Awake, mUserActivitySummary=0x1, nextTimeout=458521 (in 52478 ms)
D/PowerManagerService(  731): mDisplayPowerRequest.policy = 3
D/PowerManagerService(  731): isWfdEnabled() mWfdStatus=WifiDisplayStatus{featureState=0, scanState=0, activeDisplayState=0, activeDisplay=null, displays=[], sessionInfo=WifiDisplaySessionInfo: C/O:Client,GId:,Pp:,SId:0,IP:}, return false
D/DisplayPowerController(  731): requestPowerState: policy=BRIGHT, useProximitySensor=false, screenBrightness=102, screenAutoBrightnessAdjustment=0.0, useAutoBrightness=false, blockScreenOn=false, lowPowerMode=false, boostScreenBrightness=false, dozeScreenBrightness=-1, dozeScreenState=UNKNOWN, waitForNegativeProximity=false
I/PowerManagerService(  731): setBrightness mButtonLight 0.
D/PowerManagerService(  731): updateDisplayPowerStateLocked: mDisplayReady=true, policy=3, mWakefulness=1, mWakeLockSummary=0x1, mUserActivitySummary=0x1, mBootCompleted=true, mScreenBrightnessBoostInProgress=false
D/PowerManagerNotifier(  731): onWakeLockAcquired: flags=1, tag="AudioMix", packageName=media, ownerUid=1013, ownerPid=240, workSource=null
D/PowerManagerService(  731): releaseWakeLockInternal: lock=41875907 [RILJ], flags=0x0, total_time=22ms
D/PowerManagerNotifier(  731): onWakeLockReleased: flags=1, tag="RILJ", packageName=com.android.phone, ownerUid=1001, ownerPid=1327, workSource=null
D/PowerManagerService(  731): updateWakeLockSummaryLocked: mWakefulness=Awake, mWakeLockSummary=0x1
D/PowerManagerService(  731): updateUserActivitySummaryLocked: mWakefulness=Awake, mUserActivitySummary=0x1, nextTimeout=458521 (in 52477 ms)
D/PowerManagerService(  731): mDisplayPowerRequest.policy = 3
D/PowerManagerService(  731): isWfdEnabled() mWfdStatus=WifiDisplayStatus{featureState=0, scanState=0, activeDisplayState=0, activeDisplay=null, displays=[], sessionInfo=WifiDisplaySessionInfo: C/O:Client,GId:,Pp:,SId:0,IP:}, return false
D/DisplayPowerController(  731): requestPowerState: policy=BRIGHT, useProximitySensor=false, screenBrightness=102, screenAutoBrightnessAdjustment=0.0, useAutoBrightness=false, blockScreenOn=false, lowPowerMode=false, boostScreenBrightness=false, dozeScreenBrightness=-1, dozeScreenState=UNKNOWN, waitForNegativeProximity=false
I/PowerManagerService(  731): setBrightness mButtonLight 0.
D/PowerManagerService(  731): updateDisplayPowerStateLocked: mDisplayReady=true, policy=3, mWakefulness=1, mWakeLockSummary=0x1, mUserActivitySummary=0x1, mBootCompleted=true, mScreenBrightnessBoostInProgress=false
D/NetdConnector(  731): SND -> {50 interface ipv6 wlan0 enable}
D/FrameworkListener(  237): dispatchCommand data = (50 interface ipv6 wlan0 enable)
D/SocketClient(  237): SocketClient sendData done: 200 50 IPv6 state changed
D/NetdConnector(  731): RCV <- {200 50 IPv6 state changed}
D/NetdConnector(  731): RMV <- {200 50 IPv6 state changed}
D/SocketClient(  237): SocketClient sendData done: 616 Route updated fe80::/64 dev wlan0
D/NetlinkEvent(  237): parseIfAddrMessage: if:wlan0; ADDRESS fe80::20c:e7ff:fe82:6fb;VALID=4294967295;
D/SocketClient(  237): SocketClient sendData done: 614 Address updated fe80::20c:e7ff:fe82:6fb/64 wlan0 196 253 1
D/NetworkManagementService(  731): Enter setInterfaceConfig, iface=wlan0
D/NetdConnector(  731): SND -> {51 interface setcfg wlan0 0.0.0.0 0}
D/NetdConnector(  731): RCV <- {616 Route updated fe80::/64 dev wlan0}
V/NetworkPolicy(  731): setPolicyDataEnableForSubscriber:subId(1),true
D/FrameworkListener(  237): dispatchCommand data = (51 interface setcfg wlan0 0.0.0.0 0)
D/NetdConnector(  731): RCV <- {614 Address updated fe80::20c:e7ff:fe82:6fb/64 wlan0 196 253 1}
D/SocketClient(  237): SocketClient sendData done: 200 51 Interface configuration set
D/NetdConnector(  731): RCV <- {200 51 Interface configuration set}
D/NetworkManagementService(  731): onEvent:616 Route updated fe80::/64 dev wlan0:6
D/NetworkManagementService(  731): onEvent:614 Address updated fe80::20c:e7ff:fe82:6fb/64 wlan0 196 253 1:8
D/NetworkManagementService(  731): InterfaceAddressChange valid=1
D/NetdConnector(  731): RMV <- {200 51 Interface configuration set}
D/CSLegacyTypeTracker(  731): getNetworkForType type 0
D/CSLegacyTypeTracker(  731): getNetworkForType type 1
D/CSLegacyTypeTracker(  731): getNetworkForType type 2
D/CSLegacyTypeTracker(  731): getNetworkForType type 3
D/CSLegacyTypeTracker(  731): getNetworkForType type 4
D/CSLegacyTypeTracker(  731): getNetworkForType type 5
D/CSLegacyTypeTracker(  731): getNetworkForType type 7
D/CSLegacyTypeTracker(  731): getNetworkForType type 10
D/CSLegacyTypeTracker(  731): getNetworkForType type 11
D/CSLegacyTypeTracker(  731): getNetworkForType type 12
D/CSLegacyTypeTracker(  731): getNetworkForType type 14
D/CSLegacyTypeTracker(  731): getNetworkForType type 15
D/CSLegacyTypeTracker(  731): getNetworkForType type 17
D/CSLegacyTypeTracker(  731): getNetworkForType type 34
D/CSLegacyTypeTracker(  731): getNetworkForType type 35
D/CSLegacyTypeTracker(  731): getNetworkForType type 36
D/CSLegacyTypeTracker(  731): getNetworkForType type 37
D/CSLegacyTypeTracker(  731): getNetworkForType type 38
V/NetworkPolicy(  731):  checking policy:NetworkPolicy[NetworkTemplate: matchRule=MOBILE_ALL, matchSubscriberIds=[null]]: cycleDay=1, cycleTimezone=Asia/Shanghai, warningBytes=2147483648, limitBytes=-1, lastWarningSnooze=-1, lastLimitSnooze=-1, metered=true, inferred=true
D/CSLegacyTypeTracker(  731): getNetworkForType type 40
D/CSLegacyTypeTracker(  731): getNetworkForType type 41
D/CSLegacyTypeTracker(  731): getNetworkForType type 49
V/NetworkPolicy(  731): updateNetworkRulesLocked()
V/NetworkPolicy(  731): updateNotificationsLocked()
D/CSLegacyTypeTracker(  731): getNetworkForType type 0
D/CSLegacyTypeTracker(  731): getNetworkForType type 1
D/CSLegacyTypeTracker(  731): getNetworkForType type 2
D/CSLegacyTypeTracker(  731): getNetworkForType type 3
D/CSLegacyTypeTracker(  731): getNetworkForType type 4
D/CSLegacyTypeTracker(  731): getNetworkForType type 5
D/CSLegacyTypeTracker(  731): getNetworkForType type 7
D/CSLegacyTypeTracker(  731): getNetworkForType type 10
D/CSLegacyTypeTracker(  731): getNetworkForType type 11
D/CSLegacyTypeTracker(  731): getNetworkForType type 12
D/CSLegacyTypeTracker(  731): getNetworkForType type 14
D/CSLegacyTypeTracker(  731): getNetworkForType type 15
D/CSLegacyTypeTracker(  731): getNetworkForType type 17
D/CSLegacyTypeTracker(  731): getNetworkForType type 34
D/CSLegacyTypeTracker(  731): getNetworkForType type 35
D/CSLegacyTypeTracker(  731): getNetworkForType type 36
D/CSLegacyTypeTracker(  731): getNetworkForType type 37
D/CSLegacyTypeTracker(  731): getNetworkForType type 38
D/CSLegacyTypeTracker(  731): getNetworkForType type 40
D/CSLegacyTypeTracker(  731): getNetworkForType type 41
D/CSLegacyTypeTracker(  731): getNetworkForType type 49
V/NetworkPolicy(  731): ensureActiveMobilePolicyLocked()
D/ActivityThread( 1928): BDC-RECEIVER handled : 0 / ReceiverData{intent=Intent { act=android.net.conn.CONNECTIVITY_CHANGE flg=0x4000010 cmp=com.mediatek.providers.drm/.ConnectionChangeReceiver (has extras) } packageName=com.mediatek.providers.drm resultCode=0 resultData=null resultExtras=null}
V/NetworkPolicy(  731): ensureActiveMobilePolicyLocked subscriberId(460022308638852)
D/NetworkPolicy(  731): Found template NetworkTemplate: matchRule=MOBILE_ALL, subscriberId=460022..., matchSubscriberIds=[460022...] which matches subscriber 460022...
V/NetworkPolicy(  731): updateNetworkEnabledLocked()
V/NetworkPolicy(  731):  checking policy:NetworkPolicy[NetworkTemplate: matchRule=MOBILE_ALL, subscriberId=460022..., matchSubscriberIds=[460022...]]: cycleDay=1, cycleTimezone=Asia/Shanghai, warningBytes=2147483648, limitBytes=-1, lastWarningSnooze=-1, lastLimitSnooze=-1, metered=true, inferred=true
V/NetworkPolicy(  731): setPolicyDataEnableForSubscriber:subId(1),true
V/NetworkPolicy(  731):  checking policy:NetworkPolicy[NetworkTemplate: matchRule=MOBILE_ALL, matchSubscriberIds=[null]]: cycleDay=1, cycleTimezone=Asia/Shanghai, warningBytes=2147483648, limitBytes=-1, lastWarningSnooze=-1, lastLimitSnooze=-1, metered=true, inferred=true
V/NetworkPolicy(  731): updateNetworkRulesLocked()
V/NetworkPolicy(  731): updateNotificationsLocked()
D/FrameworkListener(  237): dispatchCommand data = (getaddrinfo lepodownload.mediatek.com 443 0 0 1 0 0)
I/ActivityManager(  731): Start proc 2769:com.fw.upgrade.sysoper/1000 for broadcast com.fw.upgrade.sysoper/com.adups.fota.sysoper.TaskReceiver
V/ActivityManager(  731): Broadcast sticky: Intent { act=android.net.wifi.supplicant.STATE_CHANGE flg=0x24000010 (has extras) } ordered=false userid=-1 callerApp=ProcessRecord{3ab4aef4 731:system/1000}
V/NetworkStats(  731): advisePersistThreshold() given 9223372036854775, clamped to 2097152
V/NetworkStatsRecorder(  731): setPersistThreshold() with 2097152
V/NetworkStatsRecorder(  731): setPersistThreshold() with 2097152
V/NetworkStatsRecorder(  731): setPersistThreshold() with 2097152
V/NetworkStatsRecorder(  731): setPersistThreshold() with 2097152
V/ActivityManager(  731): Broadcast sticky: Intent { act=android.net.wifi.supplicant.STATE_CHANGE flg=0x24000010 (has extras) } ordered=false userid=-1 callerApp=ProcessRecord{3ab4aef4 731:system/1000}
D/NetdConnector(  731): SND -> {52 bandwidth setglobalalert 2097152}
D/FrameworkListener(  237): dispatchCommand data = (52 bandwidth setglobalalert 2097152)
D/SocketClient(  237): SocketClient sendData done: 200 52 Bandwidth command succeeeded
D/NetdConnector(  731): RCV <- {200 52 Bandwidth command succeeeded}
V/ActivityManager(  731): Broadcast sticky: Intent { act=android.net.wifi.supplicant.STATE_CHANGE flg=0x24000010 (has extras) } ordered=false userid=-1 callerApp=ProcessRecord{3ab4aef4 731:system/1000}
D/FrameworkListener(  237): dispatchCommand data = (getaddrinfo lepodownload.mediatek.com 443 0 0 1 0 0)
V/ActivityManager(  731): Broadcast sticky: Intent { act=android.net.wifi.supplicant.STATE_CHANGE flg=0x24000010 (has extras) } ordered=false userid=-1 callerApp=ProcessRecord{3ab4aef4 731:system/1000}
V/ActivityManager(  731): Broadcast sticky: Intent { act=android.net.wifi.supplicant.STATE_CHANGE flg=0x24000010 (has extras) } ordered=false userid=-1 callerApp=ProcessRecord{3ab4aef4 731:system/1000}
D/NetdConnector(  731): RMV <- {200 52 Bandwidth command succeeeded}
D/ConnectivityService(  731): onMeteredIfacesChanged(ifaces=[])
V/NetworkStats(  731): advisePersistThreshold() given 9223372036854775, clamped to 2097152
V/NetworkStatsRecorder(  731): setPersistThreshold() with 2097152
V/NetworkStatsRecorder(  731): setPersistThreshold() with 2097152
V/NetworkStatsRecorder(  731): setPersistThreshold() with 2097152
V/ActivityManager(  731): Broadcast sticky: Intent { act=android.net.wifi.RSSI_CHANGED flg=0x4000010 (has extras) } ordered=false userid=-1 callerApp=ProcessRecord{3ab4aef4 731:system/1000}
V/NetworkStatsRecorder(  731): setPersistThreshold() with 2097152
D/NetdConnector(  731): SND -> {53 bandwidth setglobalalert 2097152}
D/FrameworkListener(  237): dispatchCommand data = (53 bandwidth setglobalalert 2097152)
D/SocketClient(  237): SocketClient sendData done: 200 53 Bandwidth command succeeeded
D/NetdConnector(  731): RCV <- {200 53 Bandwidth command succeeeded}
D/NetdConnector(  731): RMV <- {200 53 Bandwidth command succeeeded}
D/ConnectivityService(  731): onMeteredIfacesChanged(ifaces=[])
I/NetworkIdentity(  731): networkId = Honor 8
D/AlarmManager(  731): manual remove option = PendingIntent{25726294: PendingIntentRecord{1e35413d android broadcastIntent}}
D/AlarmManager(  731): remove(operation) changed bounds; rebatching operation = PendingIntent{25726294: PendingIntentRecord{1e35413d android broadcastIntent}}
D/AlarmManager(  731): rebatchAllAlarmsLocked begin oldBatches count = 6
D/AlarmManager(  731): rebatchAllAlarmsLocked  batch.size() = 1
D/AlarmManager(  731): rebatchAllAlarmsLocked  batch.size() = 1
D/AlarmManager(  731): rebatchAllAlarmsLocked  batch.size() = 2
D/AlarmManager(  731): rebatchAllAlarmsLocked  batch.size() = 1
D/AlarmManager(  731): rebatchAllAlarmsLocked  batch.size() = 1
D/AlarmManager(  731): rebatchAllAlarmsLocked  batch.size() = 1
D/AlarmManager(  731): rebatchAllAlarmsLocked end
V/AlarmManager(  731): APP set(PendingIntent{25726294: PendingIntentRecord{1e35413d android broadcastIntent}}) : type=3 triggerAtTime=466120 win=0 tElapsed=466120 maxElapsed=466120 interval=0 standalone=true
D/ConnectivityService(  731): ignoring duplicate network state non-change
D/AlarmManager(  731): manual remove option = PendingIntent{25726294: PendingIntentRecord{1e35413d android broadcastIntent}}
D/ConnectivityService(  731): Update of LinkProperties for NetworkAgentInfo [WIFI () - 101]; created=false
D/ConnectivityService(  731): Update of LinkProperties for NetworkAgentInfo [WIFI () - 101]; created=false
D/AlarmManager(  731): remove(operation) changed bounds; rebatching operation = PendingIntent{25726294: PendingIntentRecord{1e35413d android broadcastIntent}}
D/ConnectivityService(  731): Update of LinkProperties for NetworkAgentInfo [WIFI () - 101]; created=false
D/AlarmManager(  731): rebatchAllAlarmsLocked begin oldBatches count = 6
D/AlarmManager(  731): rebatchAllAlarmsLocked  batch.size() = 1
D/ConnectivityService(  731): updateNetworkScore for NetworkAgentInfo [WIFI () - 101] to 60
D/AlarmManager(  731): rebatchAllAlarmsLocked  batch.size() = 1
D/ConnectivityService(  731): sending new Min Network Score(20): NetworkRequest [ id=1, legacyType=-1, [ Capabilities: INTERNET&NOT_RESTRICTED&TRUSTED&NOT_VPN] ]
D/AlarmManager(  731): rebatchAllAlarmsLocked  batch.size() = 2
D/AlarmManager(  731): rebatchAllAlarmsLocked  batch.size() = 1
D/AlarmManager(  731): rebatchAllAlarmsLocked  batch.size() = 1
D/AlarmManager(  731): rebatchAllAlarmsLocked  batch.size() = 1
D/AlarmManager(  731): rebatchAllAlarmsLocked end
D/WifiNotificationController(  731): Received NETWORK_STATE_CHANGED_ACTION, mNetworkInfo:[type: WIFI[], state: CONNECTING/OBTAINING_IPADDR, reason: (unspecified), extra: "Honor 8", roaming: false, failover: false, isAvailable: true, isConnectedToProvisioningNetwork: false]
V/AlarmManager(  731): APP set(PendingIntent{25726294: PendingIntentRecord{1e35413d android broadcastIntent}}) : type=3 triggerAtTime=466121 win=0 tElapsed=466121 maxElapsed=466121 interval=0 standalone=true
D/WifiService(  731): onReceive, action:android.net.wifi.STATE_CHANGE
D/ConnectivityService(  731): Update of LinkProperties for NetworkAgentInfo [WIFI () - 101]; created=false
D/ConnectivityService(  731): Update of LinkProperties for NetworkAgentInfo [WIFI () - 101]; created=false
D/PowerManagerService(  731): acquireWakeLockInternal: lock=535056070, flags=0x1, tag="DHCP_WAKELOCK", ws=null, uid=1000, pid=731
D/PowerManagerService(  731): updateWakeLockSummaryLocked: mWakefulness=Awake, mWakeLockSummary=0x1
D/PowerManagerService(  731): updateUserActivitySummaryLocked: mWakefulness=Awake, mUserActivitySummary=0x1, nextTimeout=458521 (in 52395 ms)
D/PowerManagerService(  731): mDisplayPowerRequest.policy = 3
D/PowerManagerService(  731): isWfdEnabled() mWfdStatus=WifiDisplayStatus{featureState=0, scanState=0, activeDisplayState=0, activeDisplay=null, displays=[], sessionInfo=WifiDisplaySessionInfo: C/O:Client,GId:,Pp:,SId:0,IP:}, return false
D/DisplayPowerController(  731): requestPowerState: policy=BRIGHT, useProximitySensor=false, screenBrightness=102, screenAutoBrightnessAdjustment=0.0, useAutoBrightness=false, blockScreenOn=false, lowPowerMode=false, boostScreenBrightness=false, dozeScreenBrightness=-1, dozeScreenState=UNKNOWN, waitForNegativeProximity=false
I/PowerManagerService(  731): setBrightness mButtonLight 0.
D/PowerManagerService(  731): updateDisplayPowerStateLocked: mDisplayReady=true, policy=3, mWakefulness=1, mWakeLockSummary=0x1, mUserActivitySummary=0x1, mBootCompleted=true, mScreenBrightnessBoostInProgress=false
D/PowerManagerNotifier(  731): onWakeLockAcquired: flags=1, tag="DHCP_WAKELOCK", packageName=android, ownerUid=1000, ownerPid=731, workSource=null
D/AlarmManager(  731): manual remove option = PendingIntent{252f81b4: PendingIntentRecord{13f741dd android broadcastIntent}}
V/ActivityManager(  731): Broadcast sticky: Intent { act=android.net.wifi.supplicant.STATE_CHANGE flg=0x24000010 (has extras) } ordered=false userid=-1 callerApp=ProcessRecord{3ab4aef4 731:system/1000}
W/ActivityManager(  731): Skip forceProcessStateUpTo() to newState 8
