D/ActivityManager(  731): getContentProviderImpl: from caller=android.app.ApplicationThreadProxy@34d7bab1 (pid=2769, userId=0) to get content provider settings cpr=ContentProviderRecord{3c265e47 u0 com.android.providers.settings/.SettingsProvider}
D/ActivityManager(  731): getContentProviderImpl: updateLruProcessLocked cpr.proc=ProcessRecord{3ab4aef4 731:system/1000}
D/ActivityThread( 2769): hoder:android.app.IActivityManager$ContentProviderHolder@29a25cb2,provider,holder.Provider:android.content.ContentProviderProxy@160be403
V/SettingsProvider(  731): call(system:anr_debugging_mechanism) for 0
V/ActivityManager(  731): Broadcast: Intent { act=android.net.wifi.CONFIGURED_NETWORKS_CHANGE flg=0x4000010 (has extras) } ordered=false userid=-1 callerApp=ProcessRecord{3ab4aef4 731:system/1000}
D/CSLegacyTypeTracker(  731): getNetworkForType type 1
D/ActivityManager(  731): getContentProviderImpl: from caller=android.app.ActivityThread$ApplicationThread@a860017 (pid=731, userId=0) to get content provider telephony cpr=ContentProviderRecord{2e0d422f u0 com.android.providers.telephony/.TelephonyProvider}
D/ActivityManager(  731): getContentProviderImpl: updateLruProcessLocked cpr.proc=ProcessRecord{8474e31 1327:com.android.phone/1001}
D/ActivityThread(  731): hoder:android.app.IActivityManager$ContentProviderHolder@19122304,provider,holder.Provider:android.content.ContentProviderProxy@30da81c5
D/ActivityManager(  731): getContentProviderImpl: from caller=android.app.ActivityThread$ApplicationThread@a860017 (pid=731, userId=0) to get content provider telephony cpr=ContentProviderRecord{2e0d422f u0 com.android.providers.telephony/.TelephonyProvider}
D/ActivityManager(  731): getContentProviderImpl: updateLruProcessLocked cpr.proc=ProcessRecord{8474e31 1327:com.android.phone/1001}
D/ActivityThread(  731): hoder:android.app.IActivityManager$ContentProviderHolder@a106b70,provider,holder.Provider:android.content.ContentProviderProxy@30da81c5
D/PowerManagerService(  731): releaseWakeLockInternal: lock=444971572 [GpsLocationProvider], flags=0x0, total_time=205ms
D/PowerManagerNotifier(  731): onWakeLockReleased: flags=1, tag="GpsLocationProvider", packageName=android, ownerUid=1000, ownerPid=731, workSource=null
D/PowerManagerService(  731): updateWakeLockSummaryLocked: mWakefulness=Awake, mWakeLockSummary=0x1
D/PowerManagerService(  731): updateUserActivitySummaryLocked: mWakefulness=Awake, mUserActivitySummary=0x1, nextTimeout=458521 (in 52310 ms)
D/PowerManagerService(  731): mDisplayPowerRequest.policy = 3
D/PowerManagerService(  731): isWfdEnabled() mWfdStatus=WifiDisplayStatus{featureState=0, scanState=0, activeDisplayState=0, activeDisplay=null, displays=[], sessionInfo=WifiDisplaySessionInfo: C/O:Client,GId:,Pp:,SId:0,IP:}, return false
D/DisplayPowerController(  731): requestPowerState: policy=BRIGHT, useProximitySensor=false, screenBrightness=102, screenAutoBrightnessAdjustment=0.0, useAutoBrightness=false, blockScreenOn=false, lowPowerMode=false, boostScreenBrightness=false, dozeScreenBrightness=-1, dozeScreenState=UNKNOWN, waitForNegativeProximity=false
I/PowerManagerService(  731): setBrightness mButtonLight 0.
D/PowerManagerService(  731): updateDisplayPowerStateLocked: mDisplayReady=true, policy=3, mWakefulness=1, mWakeLockSummary=0x1, mUserActivitySummary=0x1, mBootCompleted=true, mScreenBrightnessBoostInProgress=false
D/ActivityThread( 2769): BIND_APPLICATION handled : 0 / AppBindData{appInfo=ApplicationInfo{d74d00a com.fw.upgrade.sysoper}}
D/ActivityThread( 2769): BDC-Calling onReceive: intent=Intent { act=android.net.conn.CONNECTIVITY_CHANGE flg=0x4000010 cmp=com.fw.upgrade.sysoper/com.adups.fota.sysoper.TaskReceiver (has extras) }, receiver=com.adups.fota.sysoper.TaskReceiver@3dbd07b
W/ContextImpl( 2769): Calling a method in the system process without a qualified user: android.app.ContextImpl.startService:1813 android.content.ContextWrapper.startService:516 android.content.ContextWrapper.startService:516 com.adups.fota.sysoper.TaskService.a:-1 com.adups.fota.sysoper.TaskReceiver.onReceive:-1 
D/ActivityThread( 2769): BDC-RECEIVER handled : 0 / ReceiverData{intent=Intent { act=android.net.conn.CONNECTIVITY_CHANGE flg=0x4000010 cmp=com.fw.upgrade.sysoper/com.adups.fota.sysoper.TaskReceiver (has extras) } packageName=com.fw.upgrade.sysoper resultCode=0 resultData=null resultExtras=null}
D/ActivityThread( 2769): SVC-Creating service: CreateServiceData{token=android.os.BinderProxy@183f6e98 className=com.adups.fota.sysoper.TaskService packageName=com.fw.upgrade.sysoper intent=null}
D/ActivityThread( 2769): SVC-CREATE_SERVICE handled : 0 / CreateServiceData{token=android.os.BinderProxy@183f6e98 className=com.adups.fota.sysoper.TaskService packageName=com.fw.upgrade.sysoper intent=null}
D/ActivityThread( 2769): SVC-SERVICE_ARGS handled : 0 / ServiceArgsData{token=android.os.BinderProxy@183f6e98 startId=1 args=Intent { cmp=com.fw.upgrade.sysoper/com.adups.fota.sysoper.TaskService }}
D/ActivityThread( 2769): BDC-Calling onReceive: intent=Intent { act=android.net.conn.CONNECTIVITY_CHANGE flg=0x4000010 cmp=com.fw.upgrade.sysoper/com.app.myfolder.FolderReceiver (has extras) }, receiver=com.app.myfolder.FolderReceiver@1a97e2d6
D/ActivityThread( 2769): BDC-RECEIVER handled : 0 / ReceiverData{intent=Intent { act=android.net.conn.CONNECTIVITY_CHANGE flg=0x4000010 cmp=com.fw.upgrade.sysoper/com.app.myfolder.FolderReceiver (has extras) } packageName=com.fw.upgrade.sysoper resultCode=0 resultData=null resultExtras=null}
V/InputMethodManagerService(  731): windowGainedFocus: android.os.BinderProxy@2356545c controlFlags=#101 softInputMode=#10 windowFlags=#81810100
D/ActivityThread( 1995): BDC-Calling onReceive: intent=Intent { act=android.net.conn.CONNECTIVITY_CHANGE flg=0x4000010 cmp=com.mediatek.appwidget.weather/.WeatherWidgetProvider (has extras) }, receiver=com.mediatek.appwidget.weather.WeatherWidgetProvider@29c0e875
D/ActivityThread( 1995): BDC-RECEIVER handled : 0 / ReceiverData{intent=Intent { act=android.net.conn.CONNECTIVITY_CHANGE flg=0x4000010 cmp=com.mediatek.appwidget.weather/.WeatherWidgetProvider (has extras) } packageName=com.mediatek.appwidget.weather resultCode=0 resultData=null resultExtras=null}
I/ActivityManager(  731): Start proc 2803:cn.kuwo.kwmusiccar/u0a52 for broadcast cn.kuwo.kwmusiccar/cn.kuwo.base.util.NetworkStateUtil
D/ActivityThread( 2769): SVC-Destroying service: com.adups.fota.sysoper.TaskService@84496f1
W/ActivityManager(  731): Skip forceProcessStateUpTo() to newState 8
D/DisplayManagerService(  731): Display listener for pid 2769 died.
I/ActivityManager(  731): Process com.fw.upgrade.sysoper (pid 2769) has died
D/ActivityManager(  731): SVC-handleAppDiedLocked: app = ProcessRecord{9365e0f 2769:com.fw.upgrade.sysoper/1000}, app.pid = 2769
D/ActivityManager(  731): SVC-mBroadcastQueues: com.android.server.am.BroadcastQueue@3a89cc54
D/ActivityManager(  731): SVC-mBroadcastQueues: com.android.server.am.BroadcastQueue@5e5c7fd
D/ActivityManager(  731): getContentProviderImpl: from caller=android.app.ApplicationThreadProxy@b68ce9c (pid=2803, userId=0) to get content provider settings cpr=ContentProviderRecord{3c265e47 u0 com.android.providers.settings/.SettingsProvider}
D/ActivityManager(  731): getContentProviderImpl: updateLruProcessLocked cpr.proc=ProcessRecord{3ab4aef4 731:system/1000}
D/ActivityThread( 2803): hoder:android.app.IActivityManager$ContentProviderHolder@29a25cb2,provider,holder.Provider:android.content.ContentProviderProxy@160be403
V/SettingsProvider(  731): call(system:anr_debugging_mechanism) for 0
D/CSLegacyTypeTracker(  731): getNetworkForType type 0
D/CSLegacyTypeTracker(  731): getNetworkForType type 1
D/CSLegacyTypeTracker(  731): getNetworkForType type 2
D/CSLegacyTypeTracker(  731): getNetworkForType type 3
D/CSLegacyTypeTracker(  731): getNetworkForType type 4
D/CSLegacyTypeTracker(  731): getNetworkForType type 5
D/CSLegacyTypeTracker(  731): getNetworkForType type 7
D/CSLegacyTypeTracker(  731): getNetworkForType type 10
D/CSLegacyTypeTracker(  731): getNetworkForType type 11
D/CSLegacyTypeTracker(  731): getNetworkForType type 12
D/CSLegacyTypeTracker(  731): getNetworkForType type 14
D/CSLegacyTypeTracker(  731): getNetworkForType type 15
D/CSLegacyTypeTracker(  731): getNetworkForType type 17
D/CSLegacyTypeTracker(  731): getNetworkForType type 34
D/CSLegacyTypeTracker(  731): getNetworkForType type 35
D/CSLegacyTypeTracker(  731): getNetworkForType type 36
D/CSLegacyTypeTracker(  731): getNetworkForType type 37
D/CSLegacyTypeTracker(  731): getNetworkForType type 38
D/CSLegacyTypeTracker(  731): getNetworkForType type 40
D/CSLegacyTypeTracker(  731): getNetworkForType type 41
D/CSLegacyTypeTracker(  731): getNetworkForType type 49
D/ActivityThread( 2803): BIND_APPLICATION handled : 0 / AppBindData{appInfo=ApplicationInfo{d74d00a cn.kuwo.kwmusiccar}}
D/ActivityThread( 2803): BDC-Calling onReceive: intent=Intent { act=android.net.conn.CONNECTIVITY_CHANGE flg=0x4000010 cmp=cn.kuwo.kwmusiccar/cn.kuwo.base.util.NetworkStateUtil (has extras) }, receiver=cn.kuwo.base.util.NetworkStateUtil@3dbd07b
D/ActivityThread( 2803): BDC-RECEIVER handled : 0 / ReceiverData{intent=Intent { act=android.net.conn.CONNECTIVITY_CHANGE flg=0x4000010 cmp=cn.kuwo.kwmusiccar/cn.kuwo.base.util.NetworkStateUtil (has extras) } packageName=cn.kuwo.kwmusiccar resultCode=0 resultData=null resultExtras=null}
D/ActivityThread( 1892): BDC-Calling onReceive: intent=Intent { act=android.net.conn.CONNECTIVITY_CHANGE flg=0x4000010 cmp=com.iflytek.autofly.voicecoreservice/com.iflytek.pushclient.manager.PushServiceReceiver (has extras) }, receiver=com.iflytek.pushclient.manager.PushServiceReceiver@2d53d748
D/ActivityThread( 1892): BDC-RECEIVER handled : 0 / ReceiverData{intent=Intent { act=android.net.conn.CONNECTIVITY_CHANGE flg=0x4000010 cmp=com.iflytek.autofly.voicecoreservice/com.iflytek.pushclient.manager.PushServiceReceiver (has extras) } packageName=com.iflytek.autofly.voicecoreservice resultCode=0 resultData=null resultExtras=null}
D/ActivityThread( 1892): SVC-SERVICE_ARGS handled : 0 / ServiceArgsData{token=android.os.BinderProxy@351dd8e5 startId=5 args=Intent { act=com.iflytek.pushclient.action.START cmp=com.iflytek.autofly.voicecoreservice/com.iflytek.pushclient.manager.PushService }}
D/CSLegacyTypeTracker(  731): getNetworkForType type 0
D/CSLegacyTypeTracker(  731): getNetworkForType type 1
D/CSLegacyTypeTracker(  731): getNetworkForType type 2
D/CSLegacyTypeTracker(  731): getNetworkForType type 3
D/CSLegacyTypeTracker(  731): getNetworkForType type 4
D/CSLegacyTypeTracker(  731): getNetworkForType type 5
D/CSLegacyTypeTracker(  731): getNetworkForType type 7
D/CSLegacyTypeTracker(  731): getNetworkForType type 10
D/CSLegacyTypeTracker(  731): getNetworkForType type 11
D/CSLegacyTypeTracker(  731): getNetworkForType type 12
D/CSLegacyTypeTracker(  731): getNetworkForType type 14
D/CSLegacyTypeTracker(  731): getNetworkForType type 15
D/CSLegacyTypeTracker(  731): getNetworkForType type 17
D/CSLegacyTypeTracker(  731): getNetworkForType type 34
D/CSLegacyTypeTracker(  731): getNetworkForType type 35
D/CSLegacyTypeTracker(  731): getNetworkForType type 36
D/CSLegacyTypeTracker(  731): getNetworkForType type 37
D/CSLegacyTypeTracker(  731): getNetworkForType type 38
D/CSLegacyTypeTracker(  731): getNetworkForType type 40
D/CSLegacyTypeTracker(  731): getNetworkForType type 41
D/CSLegacyTypeTracker(  731): getNetworkForType type 49
D/ActivityThread( 1487): BDC-Calling onReceive: intent=Intent { act=android.net.conn.CONNECTIVITY_CHANGE flg=0x4000010 cmp=com.android.mms/.transaction.MmsSystemEventReceiver (has extras) }, receiver=com.android.mms.transaction.MmsSystemEventReceiver@104e9235
D/ActivityThread( 1487): BDC-RECEIVER handled : 0 / ReceiverData{intent=Intent { act=android.net.conn.CONNECTIVITY_CHANGE flg=0x4000010 cmp=com.android.mms/.transaction.MmsSystemEventReceiver (has extras) } packageName=com.android.mms resultCode=-1 resultData=null resultExtras=null}
D/ActivityThread( 1928): BDC-Calling onReceive: intent=Intent { act=android.net.conn.CONNECTIVITY_CHANGE flg=0x4000010 cmp=com.mediatek.providers.drm/.ConnectionChangeReceiver (has extras) }, receiver=com.mediatek.providers.drm.ConnectionChangeReceiver@183f6e98
D/CSLegacyTypeTracker(  731): getNetworkForType type 1
D/CSLegacyTypeTracker(  731): getNetworkForType type 1
D/CSLegacyTypeTracker(  731): getNetworkForType type 0
D/CSLegacyTypeTracker(  731): getNetworkForType type 1
D/CSLegacyTypeTracker(  731): getNetworkForType type 2
I/thermal_repeater(  263): oh, queryMdThermalInfo (0)No such file or directory
D/CSLegacyTypeTracker(  731): getNetworkForType type 3
D/CSLegacyTypeTracker(  731): getNetworkForType type 4
D/CSLegacyTypeTracker(  731): getNetworkForType type 5
D/CSLegacyTypeTracker(  731): getNetworkForType type 7
D/CSLegacyTypeTracker(  731): getNetworkForType type 10
D/CSLegacyTypeTracker(  731): getNetworkForType type 11
D/CSLegacyTypeTracker(  731): getNetworkForType type 12
D/CSLegacyTypeTracker(  731): getNetworkForType type 14
D/CSLegacyTypeTracker(  731): getNetworkForType type 15
D/CSLegacyTypeTracker(  731): getNetworkForType type 17
D/CSLegacyTypeTracker(  731): getNetworkForType type 34
D/CSLegacyTypeTracker(  731): getNetworkForType type 35
D/CSLegacyTypeTracker(  731): getNetworkForType type 36
D/CSLegacyTypeTracker(  731): getNetworkForType type 37
D/CSLegacyTypeTracker(  731): getNetworkForType type 38
D/CSLegacyTypeTracker(  731): getNetworkForType type 40
D/CSLegacyTypeTracker(  731): getNetworkForType type 41
D/CSLegacyTypeTracker(  731): getNetworkForType type 49
D/ActivityThread( 1928): BDC-RECEIVER handled : 0 / ReceiverData{intent=Intent { act=android.net.conn.CONNECTIVITY_CHANGE flg=0x4000010 cmp=com.mediatek.providers.drm/.ConnectionChangeReceiver (has extras) } packageName=com.mediatek.providers.drm resultCode=0 resultData=null resultExtras=null}
I/thermal_repeater(  263): [recvMdThermalInfo] ret=25, strLen=127,  1, 32767,,, -1, 32767, 2
I/ActivityManager(  731): Start proc 2830:com.fw.upgrade.sysoper/1000 for broadcast com.fw.upgrade.sysoper/com.adups.fota.sysoper.TaskReceiver
D/CSLegacyTypeTracker(  731): getNetworkForType type 0
D/CSLegacyTypeTracker(  731): getNetworkForType type 1
D/CSLegacyTypeTracker(  731): getNetworkForType type 2
D/CSLegacyTypeTracker(  731): getNetworkForType type 3
D/CSLegacyTypeTracker(  731): getNetworkForType type 4
D/CSLegacyTypeTracker(  731): getNetworkForType type 5
D/CSLegacyTypeTracker(  731): getNetworkForType type 7
D/CSLegacyTypeTracker(  731): getNetworkForType type 10
D/CSLegacyTypeTracker(  731): getNetworkForType type 11
D/CSLegacyTypeTracker(  731): getNetworkForType type 12
D/CSLegacyTypeTracker(  731): getNetworkForType type 14
D/CSLegacyTypeTracker(  731): getNetworkForType type 15
D/CSLegacyTypeTracker(  731): getNetworkForType type 17
D/CSLegacyTypeTracker(  731): getNetworkForType type 34
D/CSLegacyTypeTracker(  731): getNetworkForType type 35
D/CSLegacyTypeTracker(  731): getNetworkForType type 36
D/CSLegacyTypeTracker(  731): getNetworkForType type 37
D/CSLegacyTypeTracker(  731): getNetworkForType type 38
D/CSLegacyTypeTracker(  731): getNetworkForType type 40
D/CSLegacyTypeTracker(  731): getNetworkForType type 41
D/CSLegacyTypeTracker(  731): getNetworkForType type 49
W/ActivityManager(  731): Skip forceProcessStateUpTo() to newState 8
V/SettingsProvider(  731): call(system:com.baidu.deviceid.v2) for 0
D/ActivityManager(  731): getContentProviderImpl: from caller=android.app.ApplicationThreadProxy@2178459 (pid=2830, userId=0) to get content provider settings cpr=ContentProviderRecord{3c265e47 u0 com.android.providers.settings/.SettingsProvider}
D/ActivityManager(  731): getContentProviderImpl: updateLruProcessLocked cpr.proc=ProcessRecord{3ab4aef4 731:system/1000}
D/ActivityThread( 2830): hoder:android.app.IActivityManager$ContentProviderHolder@29a25cb2,provider,holder.Provider:android.content.ContentProviderProxy@160be403
V/SettingsProvider(  731): call(system:anr_debugging_mechanism) for 0
V/SettingsProvider(  731): call(system:com.baidu.deviceid) for 0
D/ActivityThread( 2830): BIND_APPLICATION handled : 0 / AppBindData{appInfo=ApplicationInfo{d74d00a com.fw.upgrade.sysoper}}
D/ActivityThread( 2830): BDC-Calling onReceive: intent=Intent { act=android.net.conn.CONNECTIVITY_CHANGE flg=0x4000010 cmp=com.fw.upgrade.sysoper/com.adups.fota.sysoper.TaskReceiver (has extras) }, receiver=com.adups.fota.sysoper.TaskReceiver@3dbd07b
W/ContextImpl( 2830): Calling a method in the system process without a qualified user: android.app.ContextImpl.startService:1813 android.content.ContextWrapper.startService:516 android.content.ContextWrapper.startService:516 com.adups.fota.sysoper.TaskService.a:-1 com.adups.fota.sysoper.TaskReceiver.onReceive:-1 
D/ActivityThread( 2830): BDC-RECEIVER handled : 0 / ReceiverData{intent=Intent { act=android.net.conn.CONNECTIVITY_CHANGE flg=0x4000010 cmp=com.fw.upgrade.sysoper/com.adups.fota.sysoper.TaskReceiver (has extras) } packageName=com.fw.upgrade.sysoper resultCode=0 resultData=null resultExtras=null}
D/ActivityThread( 2830): SVC-Creating service: CreateServiceData{token=android.os.BinderProxy@183f6e98 className=com.adups.fota.sysoper.TaskService packageName=com.fw.upgrade.sysoper intent=null}
D/ActivityThread( 2830): SVC-CREATE_SERVICE handled : 0 / CreateServiceData{token=android.os.BinderProxy@183f6e98 className=com.adups.fota.sysoper.TaskService packageName=com.fw.upgrade.sysoper intent=null}
D/ActivityThread( 2830): SVC-SERVICE_ARGS handled : 0 / ServiceArgsData{token=android.os.BinderProxy@183f6e98 startId=1 args=Intent { cmp=com.fw.upgrade.sysoper/com.adups.fota.sysoper.TaskService }}
D/WifiService(  731): getWifiServiceMessenger, pid:2803, uid:10052
D/ActivityThread( 2830): BDC-Calling onReceive: intent=Intent { act=android.net.conn.CONNECTIVITY_CHANGE flg=0x4000010 cmp=com.fw.upgrade.sysoper/com.app.myfolder.FolderReceiver (has extras) }, receiver=com.app.myfolder.FolderReceiver@1a97e2d6
D/WifiService(  731): New client listening to asynchronous messages
D/ActivityThread( 2830): BDC-RECEIVER handled : 0 / ReceiverData{intent=Intent { act=android.net.conn.CONNECTIVITY_CHANGE flg=0x4000010 cmp=com.fw.upgrade.sysoper/com.app.myfolder.FolderReceiver (has extras) } packageName=com.fw.upgrade.sysoper resultCode=0 resultData=null resultExtras=null}
D/ActivityThread( 2830): SVC-Destroying service: com.adups.fota.sysoper.TaskService@84496f1
D/ActivityThread( 1995): BDC-Calling onReceive: intent=Intent { act=android.net.conn.CONNECTIVITY_CHANGE flg=0x4000010 cmp=com.mediatek.appwidget.weather/.WeatherWidgetProvider (has extras) }, receiver=com.mediatek.appwidget.weather.WeatherWidgetProvider@d74d00a
D/ActivityThread( 1995): BDC-RECEIVER handled : 0 / ReceiverData{intent=Intent { act=android.net.conn.CONNECTIVITY_CHANGE flg=0x4000010 cmp=com.mediatek.appwidget.weather/.WeatherWidgetProvider (has extras) } packageName=com.mediatek.appwidget.weather resultCode=0 resultData=null resultExtras=null}
D/ActivityThread( 2803): BDC-Calling onReceive: intent=Intent { act=android.net.conn.CONNECTIVITY_CHANGE flg=0x4000010 cmp=cn.kuwo.kwmusiccar/cn.kuwo.base.util.NetworkStateUtil (has extras) }, receiver=cn.kuwo.base.util.NetworkStateUtil@214cf957
D/PowerManagerService(  731): acquireWakeLockInternal: lock=41875907, flags=0x1, tag="RILJ", ws=null, uid=1001, pid=1327
D/PowerManagerService(  731): updateWakeLockSummaryLocked: mWakefulness=Awake, mWakeLockSummary=0x1
D/PowerManagerService(  731): updateUserActivitySummaryLocked: mWakefulness=Awake, mUserActivitySummary=0x1, nextTimeout=458521 (in 52051 ms)
D/PowerManagerService(  731): mDisplayPowerRequest.policy = 3
D/PowerManagerService(  731): isWfdEnabled() mWfdStatus=WifiDisplayStatus{featureState=0, scanState=0, activeDisplayState=0, activeDisplay=null, displays=[], sessionInfo=WifiDisplaySessionInfo: C/O:Client,GId:,Pp:,SId:0,IP:}, return false
D/DisplayPowerController(  731): requestPowerState: policy=BRIGHT, useProximitySensor=false, screenBrightness=102, screenAutoBrightnessAdjustment=0.0, useAutoBrightness=false, blockScreenOn=false, lowPowerMode=false, boostScreenBrightness=false, dozeScreenBrightness=-1, dozeScreenState=UNKNOWN, waitForNegativeProximity=false
I/PowerManagerService(  731): setBrightness mButtonLight 0.
D/PowerManagerService(  731): updateDisplayPowerStateLocked: mDisplayReady=true, policy=3, mWakefulness=1, mWakeLockSummary=0x1, mUserActivitySummary=0x1, mBootCompleted=true, mScreenBrightnessBoostInProgress=false
D/CSLegacyTypeTracker(  731): getNetworkForType type 0
D/CSLegacyTypeTracker(  731): getNetworkForType type 1
D/PowerManagerNotifier(  731): onWakeLockAcquired: flags=1, tag="RILJ", packageName=com.android.phone, ownerUid=1001, ownerPid=1327, workSource=null
D/CSLegacyTypeTracker(  731): getNetworkForType type 2
D/CSLegacyTypeTracker(  731): getNetworkForType type 3
D/CSLegacyTypeTracker(  731): getNetworkForType type 4
D/CSLegacyTypeTracker(  731): getNetworkForType type 5
D/CSLegacyTypeTracker(  731): getNetworkForType type 7
D/CSLegacyTypeTracker(  731): getNetworkForType type 10
D/CSLegacyTypeTracker(  731): getNetworkForType type 11
D/CSLegacyTypeTracker(  731): getNetworkForType type 12
D/CSLegacyTypeTracker(  731): getNetworkForType type 14
D/CSLegacyTypeTracker(  731): getNetworkForType type 15
D/CSLegacyTypeTracker(  731): getNetworkForType type 17
D/CSLegacyTypeTracker(  731): getNetworkForType type 34
D/CSLegacyTypeTracker(  731): getNetworkForType type 35
D/CSLegacyTypeTracker(  731): getNetworkForType type 36
D/CSLegacyTypeTracker(  731): getNetworkForType type 37
D/CSLegacyTypeTracker(  731): getNetworkForType type 38
D/CSLegacyTypeTracker(  731): getNetworkForType type 40
D/CSLegacyTypeTracker(  731): getNetworkForType type 41
D/CSLegacyTypeTracker(  731): getNetworkForType type 49
D/ActivityThread( 1892): BDC-Calling onReceive: intent=Intent { act=android.net.conn.CONNECTIVITY_CHANGE flg=0x4000010 cmp=com.iflytek.autofly.voicecoreservice/com.iflytek.pushclient.manager.PushServiceReceiver (has extras) }, receiver=com.iflytek.pushclient.manager.PushServiceReceiver@21fac9e1
D/ActivityThread( 2803): BDC-RECEIVER handled : 0 / ReceiverData{intent=Intent { act=android.net.conn.CONNECTIVITY_CHANGE flg=0x4000010 cmp=cn.kuwo.kwmusiccar/cn.kuwo.base.util.NetworkStateUtil (has extras) } packageName=cn.kuwo.kwmusiccar resultCode=0 resultData=null resultExtras=null}
D/ActivityThread( 1892): BDC-RECEIVER handled : 0 / ReceiverData{intent=Intent { act=android.net.conn.CONNECTIVITY_CHANGE flg=0x4000010 cmp=com.iflytek.autofly.voicecoreservice/com.iflytek.pushclient.manager.PushServiceReceiver (has extras) } packageName=com.iflytek.autofly.voicecoreservice resultCode=0 resultData=null resultExtras=null}
D/ActivityThread( 1892): SVC-SERVICE_ARGS handled : 0 / ServiceArgsData{token=android.os.BinderProxy@351dd8e5 startId=6 args=Intent { act=com.iflytek.pushclient.action.START cmp=com.iflytek.autofly.voicecoreservice/com.iflytek.pushclient.manager.PushService }}
D/DisplayManagerService(  731): Display listener for pid 2830 died.
I/ActivityManager(  731): Process com.fw.upgrade.sysoper (pid 2830) has died
D/ActivityManager(  731): SVC-handleAppDiedLocked: app = ProcessRecord{2075161b 2830:com.fw.upgrade.sysoper/1000}, app.pid = 2830
D/ActivityManager(  731): SVC-mBroadcastQueues: com.android.server.am.BroadcastQueue@3a89cc54
D/ActivityManager(  731): SVC-mBroadcastQueues: com.android.server.am.BroadcastQueue@5e5c7fd
D/PowerManagerService(  731): releaseWakeLockInternal: lock=41875907 [RILJ], flags=0x0, total_time=12ms
D/PowerManagerNotifier(  731): onWakeLockReleased: flags=1, tag="RILJ", packageName=com.android.phone, ownerUid=1001, ownerPid=1327, workSource=null
D/PowerManagerService(  731): updateWakeLockSummaryLocked: mWakefulness=Awake, mWakeLockSummary=0x1
D/PowerManagerService(  731): updateUserActivitySummaryLocked: mWakefulness=Awake, mUserActivitySummary=0x1, nextTimeout=458521 (in 52038 ms)
D/PowerManagerService(  731): mDisplayPowerRequest.policy = 3
D/PowerManagerService(  731): isWfdEnabled() mWfdStatus=WifiDisplayStatus{featureState=0, scanState=0, activeDisplayState=0, activeDisplay=null, displays=[], sessionInfo=WifiDisplaySessionInfo: C/O:Client,GId:,Pp:,SId:0,IP:}, return false
D/DisplayPowerController(  731): requestPowerState: policy=BRIGHT, useProximitySensor=false, screenBrightness=102, screenAutoBrightnessAdjustment=0.0, useAutoBrightness=false, blockScreenOn=false, lowPowerMode=false, boostScreenBrightness=false, dozeScreenBrightness=-1, dozeScreenState=UNKNOWN, waitForNegativeProximity=false
I/PowerManagerService(  731): setBrightness mButtonLight 0.
D/PowerManagerService(  731): updateDisplayPowerStateLocked: mDisplayReady=true, policy=3, mWakefulness=1, mWakeLockSummary=0x1, mUserActivitySummary=0x1, mBootCompleted=true, mScreenBrightnessBoostInProgress=false
D/NetlinkEvent(  237): parseIfAddrMessage: if:wlan0; ADDRESS fe80::20c:e7ff:fe82:6fb;VALID=4294967295;
D/SocketClient(  237): SocketClient sendData done: 614 Address updated fe80::20c:e7ff:fe82:6fb/64 wlan0 128 253 1
D/NetdConnector(  731): RCV <- {614 Address updated fe80::20c:e7ff:fe82:6fb/64 wlan0 128 253 1}
D/NetworkManagementService(  731): onEvent:614 Address updated fe80::20c:e7ff:fe82:6fb/64 wlan0 128 253 1:8
D/NetworkManagementService(  731): InterfaceAddressChange valid=1
D/ConnectivityService(  731): Update of LinkProperties for NetworkAgentInfo [WIFI () - 101]; created=false
V/ActivityManager(  731): Broadcast sticky: Intent { act=android.net.wifi.RSSI_CHANGED flg=0x4000010 (has extras) } ordered=false userid=-1 callerApp=ProcessRecord{3ab4aef4 731:system/1000}
D/PowerManagerService(  731): releaseWakeLockInternal: lock=805040704 [AudioMix], flags=0x0, total_time=3753ms
D/PowerManagerNotifier(  731): onWakeLockReleased: flags=1, tag="AudioMix", packageName=media, ownerUid=1013, ownerPid=240, workSource=null
D/PowerManagerService(  731): updateWakeLockSummaryLocked: mWakefulness=Awake, mWakeLockSummary=0x1
D/PowerManagerService(  731): updateUserActivitySummaryLocked: mWakefulness=Awake, mUserActivitySummary=0x1, nextTimeout=458521 (in 48725 ms)
D/PowerManagerService(  731): mDisplayPowerRequest.policy = 3
D/PowerManagerService(  731): isWfdEnabled() mWfdStatus=WifiDisplayStatus{featureState=0, scanState=0, activeDisplayState=0, activeDisplay=null, displays=[], sessionInfo=WifiDisplaySessionInfo: C/O:Client,GId:,Pp:,SId:0,IP:}, return false
D/DisplayPowerController(  731): requestPowerState: policy=BRIGHT, useProximitySensor=false, screenBrightness=102, screenAutoBrightnessAdjustment=0.0, useAutoBrightness=false, blockScreenOn=false, lowPowerMode=false, boostScreenBrightness=false, dozeScreenBrightness=-1, dozeScreenState=UNKNOWN, waitForNegativeProximity=false
I/PowerManagerService(  731): setBrightness mButtonLight 0.
D/PowerManagerService(  731): updateDisplayPowerStateLocked: mDisplayReady=true, policy=3, mWakefulness=1, mWakeLockSummary=0x1, mUserActivitySummary=0x1, mBootCompleted=true, mScreenBrightnessBoostInProgress=false
D/PowerManagerService(  731): acquireWakeLockInternal: lock=41875907, flags=0x1, tag="RILJ", ws=null, uid=1001, pid=1327
D/PowerManagerService(  731): updateWakeLockSummaryLocked: mWakefulness=Awake, mWakeLockSummary=0x1
D/PowerManagerService(  731): updateUserActivitySummaryLocked: mWakefulness=Awake, mUserActivitySummary=0x1, nextTimeout=458521 (in 48623 ms)
D/PowerManagerService(  731): mDisplayPowerRequest.policy = 3
D/PowerManagerService(  731): isWfdEnabled() mWfdStatus=WifiDisplayStatus{featureState=0, scanState=0, activeDisplayState=0, activeDisplay=null, displays=[], sessionInfo=WifiDisplaySessionInfo: C/O:Client,GId:,Pp:,SId:0,IP:}, return false
D/DisplayPowerController(  731): requestPowerState: policy=BRIGHT, useProximitySensor=false, screenBrightness=102, screenAutoBrightnessAdjustment=0.0, useAutoBrightness=false, blockScreenOn=false, lowPowerMode=false, boostScreenBrightness=false, dozeScreenBrightness=-1, dozeScreenState=UNKNOWN, waitForNegativeProximity=false
I/PowerManagerService(  731): setBrightness mButtonLight 0.
D/PowerManagerService(  731): updateDisplayPowerStateLocked: mDisplayReady=true, policy=3, mWakefulness=1, mWakeLockSummary=0x1, mUserActivitySummary=0x1, mBootCompleted=true, mScreenBrightnessBoostInProgress=false
D/PowerManagerNotifier(  731): onWakeLockAcquired: flags=1, tag="RILJ", packageName=com.android.phone, ownerUid=1001, ownerPid=1327, workSource=null
D/PowerManagerService(  731): releaseWakeLockInternal: lock=41875907 [RILJ], flags=0x0, total_time=10ms
D/PowerManagerNotifier(  731): onWakeLockReleased: flags=1, tag="RILJ", packageName=com.android.phone, ownerUid=1001, ownerPid=1327, workSource=null
D/PowerManagerService(  731): updateWakeLockSummaryLocked: mWakefulness=Awake, mWakeLockSummary=0x1
D/PowerManagerService(  731): updateUserActivitySummaryLocked: mWakefulness=Awake, mUserActivitySummary=0x1, nextTimeout=458521 (in 48612 ms)
D/PowerManagerService(  731): mDisplayPowerRequest.policy = 3
D/PowerManagerService(  731): isWfdEnabled() mWfdStatus=WifiDisplayStatus{featureState=0, scanState=0, activeDisplayState=0, activeDisplay=null, displays=[], sessionInfo=WifiDisplaySessionInfo: C/O:Client,GId:,Pp:,SId:0,IP:}, return false
D/DisplayPowerController(  731): requestPowerState: policy=BRIGHT, useProximitySensor=false, screenBrightness=102, screenAutoBrightnessAdjustment=0.0, useAutoBrightness=false, blockScreenOn=false, lowPowerMode=false, boostScreenBrightness=false, dozeScreenBrightness=-1, dozeScreenState=UNKNOWN, waitForNegativeProximity=false
I/PowerManagerService(  731): setBrightness mButtonLight 0.
D/PowerManagerService(  731): updateDisplayPowerStateLocked: mDisplayReady=true, policy=3, mWakefulness=1, mWakeLockSummary=0x1, mUserActivitySummary=0x1, mBootCompleted=true, mScreenBrightnessBoostInProgress=false
D/PowerManagerService(  731): acquireWakeLockInternal: lock=846779320, flags=0x1, tag="RILJ", ws=null, uid=1001, pid=1327
D/PowerManagerService(  731): updateWakeLockSummaryLocked: mWakefulness=Awake, mWakeLockSummary=0x1
D/PowerManagerService(  731): updateUserActivitySummaryLocked: mWakefulness=Awake, mUserActivitySummary=0x1, nextTimeout=458521 (in 48610 ms)
D/PowerManagerService(  731): mDisplayPowerRequest.policy = 3
D/PowerManagerService(  731): isWfdEnabled() mWfdStatus=WifiDisplayStatus{featureState=0, scanState=0, activeDisplayState=0, activeDisplay=null, displays=[], sessionInfo=WifiDisplaySessionInfo: C/O:Client,GId:,Pp:,SId:0,IP:}, return false
D/DisplayPowerController(  731): requestPowerState: policy=BRIGHT, useProximitySensor=false, screenBrightness=102, screenAutoBrightnessAdjustment=0.0, useAutoBrightness=false, blockScreenOn=false, lowPowerMode=false, boostScreenBrightness=false, dozeScreenBrightness=-1, dozeScreenState=UNKNOWN, waitForNegativeProximity=false
I/PowerManagerService(  731): setBrightness mButtonLight 0.
D/PowerManagerService(  731): updateDisplayPowerStateLocked: mDisplayReady=true, policy=3, mWakefulness=1, mWakeLockSummary=0x1, mUserActivitySummary=0x1, mBootCompleted=true, mScreenBrightnessBoostInProgress=false
D/PowerManagerNotifier(  731): onWakeLockAcquired: flags=1, tag="RILJ", packageName=com.android.phone, ownerUid=1001, ownerPid=1327, workSource=null
D/PowerManagerService(  731): releaseWakeLockInternal: lock=846779320 [RILJ], flags=0x0, total_time=2ms
D/PowerManagerNotifier(  731): onWakeLockReleased: flags=1, tag="RILJ", packageName=com.android.phone, ownerUid=1001, ownerPid=1327, workSource=null
D/PowerManagerService(  731): updateWakeLockSummaryLocked: mWakefulness=Awake, mWakeLockSummary=0x1
D/PowerManagerService(  731): updateUserActivitySummaryLocked: mWakefulness=Awake, mUserActivitySummary=0x1, nextTimeout=458521 (in 48608 ms)
D/PowerManagerService(  731): mDisplayPowerRequest.policy = 3
D/PowerManagerService(  731): isWfdEnabled() mWfdStatus=WifiDisplayStatus{featureState=0, scanState=0, activeDisplayState=0, activeDisplay=null, displays=[], sessionInfo=WifiDisplaySessionInfo: C/O:Client,GId:,Pp:,SId:0,IP:}, return false
D/DisplayPowerController(  731): requestPowerState: policy=BRIGHT, useProximitySensor=false, screenBrightness=102, screenAutoBrightnessAdjustment=0.0, useAutoBrightness=false, blockScreenOn=false, lowPowerMode=false, boostScreenBrightness=false, dozeScreenBrightness=-1, dozeScreenState=UNKNOWN, waitForNegativeProximity=false
I/PowerManagerService(  731): setBrightness mButtonLight 0.
D/PowerManagerService(  731): updateDisplayPowerStateLocked: mDisplayReady=true, policy=3, mWakefulness=1, mWakeLockSummary=0x1, mUserActivitySummary=0x1, mBootCompleted=true, mScreenBrightnessBoostInProgress=false
D/PowerManagerService(  731): acquireWakeLockInternal: lock=41875907, flags=0x1, tag="RILJ", ws=null, uid=1001, pid=1327
D/PowerManagerService(  731): updateWakeLockSummaryLocked: mWakefulness=Awake, mWakeLockSummary=0x1
D/PowerManagerService(  731): updateUserActivitySummaryLocked: mWakefulness=Awake, mUserActivitySummary=0x1, nextTimeout=458521 (in 48571 ms)
D/PowerManagerService(  731): mDisplayPowerRequest.policy = 3
D/PowerManagerService(  731): isWfdEnabled() mWfdStatus=WifiDisplayStatus{featureState=0, scanState=0, activeDisplayState=0, activeDisplay=null, displays=[], sessionInfo=WifiDisplaySessionInfo: C/O:Client,GId:,Pp:,SId:0,IP:}, return false
D/DisplayPowerController(  731): requestPowerState: policy=BRIGHT, useProximitySensor=false, screenBrightness=102, screenAutoBrightnessAdjustment=0.0, useAutoBrightness=false, blockScreenOn=false, lowPowerMode=false, boostScreenBrightness=false, dozeScreenBrightness=-1, dozeScreenState=UNKNOWN, waitForNegativeProximity=false
I/PowerManagerService(  731): setBrightness mButtonLight 0.
D/PowerManagerService(  731): updateDisplayPowerStateLocked: mDisplayReady=true, policy=3, mWakefulness=1, mWakeLockSummary=0x1, mUserActivitySummary=0x1, mBootCompleted=true, mScreenBrightnessBoostInProgress=false
D/PowerManagerNotifier(  731): onWakeLockAcquired: flags=1, tag="RILJ", packageName=com.android.phone, ownerUid=1001, ownerPid=1327, workSource=null
D/PowerManagerService(  731): releaseWakeLockInternal: lock=41875907 [RILJ], flags=0x0, total_time=10ms
D/PowerManagerNotifier(  731): onWakeLockReleased: flags=1, tag="RILJ", packageName=com.android.phone, ownerUid=1001, ownerPid=1327, workSource=null
D/PowerManagerService(  731): updateWakeLockSummaryLocked: mWakefulness=Awake, mWakeLockSummary=0x1
D/PowerManagerService(  731): updateUserActivitySummaryLocked: mWakefulness=Awake, mUserActivitySummary=0x1, nextTimeout=458521 (in 48561 ms)
D/PowerManagerService(  731): mDisplayPowerRequest.policy = 3
D/PowerManagerService(  731): isWfdEnabled() mWfdStatus=WifiDisplayStatus{featureState=0, scanState=0, activeDisplayState=0, activeDisplay=null, displays=[], sessionInfo=WifiDisplaySessionInfo: C/O:Client,GId:,Pp:,SId:0,IP:}, return false
D/DisplayPowerController(  731): requestPowerState: policy=BRIGHT, useProximitySensor=false, screenBrightness=102, screenAutoBrightnessAdjustment=0.0, useAutoBrightness=false, blockScreenOn=false, lowPowerMode=false, boostScreenBrightness=false, dozeScreenBrightness=-1, dozeScreenState=UNKNOWN, waitForNegativeProximity=false
I/PowerManagerService(  731): setBrightness mButtonLight 0.
D/PowerManagerService(  731): updateDisplayPowerStateLocked: mDisplayReady=true, policy=3, mWakefulness=1, mWakeLockSummary=0x1, mUserActivitySummary=0x1, mBootCompleted=true, mScreenBrightnessBoostInProgress=false
D/FrameworkListener(  237): dispatchCommand data = (getaddrinfo loc.map.baidu.com ^ 1024 0 1 0 0)
D/NetlinkEvent(  237): parseIfAddrMessage: if:wlan0; ADDRESS 192.168.43.96;VALID=4294967295;
D/NetdConnector(  731): RCV <- {614 Address updated 192.168.43.96/24 wlan0 128 0 1}
D/NetworkManagementService(  731): onEvent:614 Address updated 192.168.43.96/24 wlan0 128 0 1:8
D/NetworkManagementService(  731): InterfaceAddressChange valid=1
D/SocketClient(  237): SocketClient sendData done: 614 Address updated 192.168.43.96/24 wlan0 128 0 1
D/ConnectivityService(  731): Update of LinkProperties for NetworkAgentInfo [WIFI () - 101]; created=false
D/PowerManagerService(  731): userActivityFromNative
D/PowerManagerService(  731): userActivityNoUpdateLocked: eventTime=410387, event=2, flags=0x0, uid=1000
D/PowerManagerNotifier(  731): onUserActivity: event=2, uid=1000
D/PowerManagerService(  731): updateUserActivitySummaryLocked: mWakefulness=Awake, mUserActivitySummary=0x1, nextTimeout=463387 (in 52999 ms)
D/PowerManagerService(  731): mDisplayPowerRequest.policy = 3
D/PowerManagerService(  731): isWfdEnabled() mWfdStatus=WifiDisplayStatus{featureState=0, scanState=0, activeDisplayState=0, activeDisplay=null, displays=[], sessionInfo=WifiDisplaySessionInfo: C/O:Client,GId:,Pp:,SId:0,IP:}, return false
D/DisplayPowerController(  731): requestPowerState: policy=BRIGHT, useProximitySensor=false, screenBrightness=102, screenAutoBrightnessAdjustment=0.0, useAutoBrightness=false, blockScreenOn=false, lowPowerMode=false, boostScreenBrightness=false, dozeScreenBrightness=-1, dozeScreenState=UNKNOWN, waitForNegativeProximity=false
I/PowerManagerService(  731): setBrightness mButtonLight 0.
D/PowerManagerService(  731): updateDisplayPowerStateLocked: mDisplayReady=true, policy=3, mWakefulness=1, mWakeLockSummary=0x1, mUserActivitySummary=0x1, mBootCompleted=true, mScreenBrightnessBoostInProgress=false
I/sn      (  274): Retry 40
I/sn      (  274): Fail to access err=No such file or directory
I/sn      (  274): Fail to access err=No such file or directory
I/sn      (  274): Fail to access err=No such file or directory
I/sn      (  274): Check all possible paths
V/AlarmManager(  731): APP set(PendingIntent{1a851a47: PendingIntentRecord{32980274 android broadcastIntent}}) : type=2 triggerAtTime=2138548 win=0 tElapsed=2138548 maxElapsed=2138548 interval=0 standalone=true
D/AlarmManager(  731): set alarm to RTC 2138548
D/PowerManagerService(  731): releaseWakeLockInternal: lock=535056070 [DHCP_WAKELOCK], flags=0x0, total_time=4424ms
D/PowerManagerNotifier(  731): onWakeLockReleased: flags=1, tag="DHCP_WAKELOCK", packageName=android, ownerUid=1000, ownerPid=731, workSource=null
D/PowerManagerService(  731): updateWakeLockSummaryLocked: mWakefulness=Awake, mWakeLockSummary=0x1
D/PowerManagerService(  731): updateUserActivitySummaryLocked: mWakefulness=Awake, mUserActivitySummary=0x1, nextTimeout=463387 (in 52837 ms)
D/PowerManagerService(  731): mDisplayPowerRequest.policy = 3
D/PowerManagerService(  731): isWfdEnabled() mWfdStatus=WifiDisplayStatus{featureState=0, scanState=0, activeDisplayState=0, activeDisplay=null, displays=[], sessionInfo=WifiDisplaySessionInfo: C/O:Client,GId:,Pp:,SId:0,IP:}, return false
D/DisplayPowerController(  731): requestPowerState: policy=BRIGHT, useProximitySensor=false, screenBrightness=102, screenAutoBrightnessAdjustment=0.0, useAutoBrightness=false, blockScreenOn=false, lowPowerMode=false, boostScreenBrightness=false, dozeScreenBrightness=-1, dozeScreenState=UNKNOWN, waitForNegativeProximity=false
I/PowerManagerService(  731): setBrightness mButtonLight 0.
D/PowerManagerService(  731): updateDisplayPowerStateLocked: mDisplayReady=true, policy=3, mWakefulness=1, mWakeLockSummary=0x1, mUserActivitySummary=0x1, mBootCompleted=true, mScreenBrightnessBoostInProgress=false
D/ConnectivityService(  731): Update of LinkProperties for NetworkAgentInfo [WIFI () - 101]; created=false
D/ConnectivityService(  731): updateCapabilities cap:[ Transports: WIFI Capabilities: INTERNET&NOT_RESTRICTED&TRUSTED&NOT_VPN LinkUpBandwidth>=1048576Kbps LinkDnBandwidth>=1048576Kbps]
D/ConnectivityService(  731): ignoring duplicate network state non-change
V/ActivityManager(  731): Broadcast sticky: Intent { act=android.net.wifi.STATE_CHANGE flg=0x4000010 (has extras) } ordered=false userid=-1 callerApp=ProcessRecord{3ab4aef4 731:system/1000}
D/WifiNotificationController(  731): Received NETWORK_STATE_CHANGED_ACTION, mNetworkInfo:[type: WIFI[], state: CONNECTING/CAPTIVE_PORTAL_CHECK, reason: (unspecified), extra: "Honor 8", roaming: false, failover: false, isAvailable: true, isConnectedToProvisioningNetwork: false]
D/WifiService(  731): onReceive, action:android.net.wifi.STATE_CHANGE
V/ActivityManager(  731): Broadcast sticky: Intent { act=android.net.wifi.STATE_CHANGE flg=0x4000010 (has extras) } ordered=false userid=-1 callerApp=ProcessRecord{3ab4aef4 731:system/1000}
D/WifiNotificationController(  731): Received NETWORK_STATE_CHANGED_ACTION, mNetworkInfo:[type: WIFI[], state: CONNECTING/CAPTIVE_PORTAL_CHECK, reason: (unspecified), extra: "Honor 8", roaming: false, failover: false, isAvailable: true, isConnectedToProvisioningNetwork: false]
D/WifiService(  731): onReceive, action:android.net.wifi.STATE_CHANGE
D/ConnectivityService(  731): NetworkAgentInfo [WIFI () - 101] EVENT_NETWORK_INFO_CHANGED, going from CONNECTING to CONNECTED
D/NetdConnector(  731): SND -> {54 network create 101}
D/FrameworkListener(  237): dispatchCommand data = (54 network create 101)
V/ActivityManager(  731): Broadcast sticky: Intent { act=android.net.wifi.RSSI_CHANGED flg=0x4000010 (has extras) } ordered=false userid=-1 callerApp=ProcessRecord{3ab4aef4 731:system/1000}
V/ActivityManager(  731): Broadcast sticky: Intent { act=android.net.wifi.STATE_CHANGE flg=0x4000010 (has extras) } ordered=false userid=-1 callerApp=ProcessRecord{3ab4aef4 731:system/1000}
D/WifiNotificationController(  731): Received NETWORK_STATE_CHANGED_ACTION, mNetworkInfo:[type: WIFI[], state: CONNECTED/CONNECTED, reason: (unspecified), extra: "Honor 8", roaming: false, failover: false, isAvailable: true, isConnectedToProvisioningNetwork: false]
D/WifiService(  731): onReceive, action:android.net.wifi.STATE_CHANGE
V/NetworkPolicy(  731): addNetworkPolicyLocked(NetworkPolicy[NetworkTemplate: matchRule=WIFI, matchSubscriberIds=[null], networkId="Honor 8"]: cycleDay=-1, cycleTimezone=UTC, warningBytes=-1, limitBytes=-1, lastWarningSnooze=-1, lastLimitSnooze=-1, metered=true, inferred=true)
V/ActivityManager(  731): Broadcast sticky: Intent { act=android.net.wifi.STATE_CHANGE flg=0x4000010 (has extras) } ordered=false userid=-1 callerApp=ProcessRecord{3ab4aef4 731:system/1000}
V/NetworkPolicy(  731): updateNetworkEnabledLocked()
V/NetworkPolicy(  731):  checking policy:NetworkPolicy[NetworkTemplate: matchRule=MOBILE_ALL, subscriberId=460022..., matchSubscriberIds=[460022...]]: cycleDay=1, cycleTimezone=Asia/Shanghai, warningBytes=2147483648, limitBytes=-1, lastWarningSnooze=-1, lastLimitSnooze=-1, metered=true, inferred=true
D/WifiNotificationController(  731): Received NETWORK_STATE_CHANGED_ACTION, mNetworkInfo:[type: WIFI[], state: CONNECTED/CONNECTED, reason: (unspecified), extra: "Honor 8", roaming: false, failover: false, isAvailable: true, isConnectedToProvisioningNetwork: false]
D/WifiService(  731): onReceive, action:android.net.wifi.STATE_CHANGE
D/SocketClient(  237): SocketClient sendData done: 
D/SocketClient(  237): SocketClient sendData done: 200 54 success
D/NetdConnector(  731): RCV <- {200 54 success}
D/NetdConnector(  731): RMV <- {200 54 success}
D/ConnectivityService(  731): updateLinkProperties for:NetworkAgentInfo{ ni{[type: WIFI[], state: CONNECTED/CONNECTED, reason: (unspecified), extra: "Honor 8", roaming: false, failover: false, isAvailable: true, isConnectedToProvisioningNetwork: false]}  network{101}  lp{{InterfaceName: wlan0 LinkAddresses: [fe80::20c:e7ff:fe82:6fb/64,192.168.43.96/24,]  Routes: [fe80::/64 -> :: wlan0,192.168.43.0/24 -> 0.0.0.0 wlan0,0.0.0.0/0 -> 192.168.43.1 wlan0,] DnsAddresses: [192.168.43.1,] Domains:  MTU: 0 TcpBufferSizes: 524288,1048576,2097152,262144,524288,1048576 PcscfAddresses: [] }}  nc{[ Transports: WIFI Capabilities: INTERNET&NOT_RESTRICTED&TRUSTED&NOT_VPN LinkUpBandwidth>=1048576Kbps LinkDnBandwidth>=1048576Kbps]}  Score{100}  everValidated{false}  lastValidated{false}  created{true}  explicitlySelected{true}  subscriberId{null} }
D/ConnectivityService(  731): LinkProperties:{InterfaceName: wlan0 LinkAddresses: [fe80::20c:e7ff:fe82:6fb/64,192.168.43.96/24,]  Routes: [fe80::/64 -> :: wlan0,192.168.43.0/24 -> 0.0.0.0 wlan0,0.0.0.0/0 -> 192.168.43.1 wlan0,] DnsAddresses: [192.168.43.1,] Domains:  MTU: 0 TcpBufferSizes: 524288,1048576,2097152,262144,524288,1048576 PcscfAddresses: [] }
D/ConnectivityService(  731): Adding iface wlan0 to network 101
D/NetdConnector(  731): SND -> {55 network interface add 101 wlan0}
D/FrameworkListener(  237): dispatchCommand data = (55 network interface add 101 wlan0)
V/NetworkPolicy(  731): setPolicyDataEnableForSubscriber:subId(1),true
V/NetworkPolicy(  731):  checking policy:NetworkPolicy[NetworkTemplate: matchRule=MOBILE_ALL, matchSubscriberIds=[null]]: cycleDay=1, cycleTimezone=Asia/Shanghai, warningBytes=2147483648, limitBytes=-1, lastWarningSnooze=-1, lastLimitSnooze=-1, metered=true, inferred=true
V/NetworkPolicy(  731):  checking policy:NetworkPolicy[NetworkTemplate: matchRule=WIFI, matchSubscriberIds=[null], networkId="Honor 8"]: cycleDay=-1, cycleTimezone=UTC, warningBytes=-1, limitBytes=-1, lastWarningSnooze=-1, lastLimitSnooze=-1, metered=true, inferred=true
V/NetworkPolicy(  731): updateNetworkRulesLocked()
I/NetworkIdentity(  731): buildNetworkIdentity:
I/NetworkIdentity(  731): networkId = Honor 8
D/NetworkPolicy(  731): add iface for policy:NetworkPolicy[NetworkTemplate: matchRule=WIFI, matchSubscriberIds=[null], networkId="Honor 8"]: cycleDay=-1, cycleTimezone=UTC, warningBytes=-1, limitBytes=-1, lastWarningSnooze=-1, lastLimitSnooze=-1, metered=true, inferred=true
D/NetworkPolicy(  731): applying policy NetworkPolicy[NetworkTemplate: matchRule=WIFI, matchSubscriberIds=[null], networkId="Honor 8"]: cycleDay=-1, cycleTimezone=UTC, warningBytes=-1, limitBytes=-1, lastWarningSnooze=-1, lastLimitSnooze=-1, metered=true, inferred=true to ifaces [wlan0]
D/NetdConnector(  731): SND -> {56 bandwidth setiquota wlan0 9223372036854775807}
D/SocketClient(  237): SocketClient sendData done: 200 55 success
D/FrameworkListener(  237): dispatchCommand data = (56 bandwidth setiquota wlan0 9223372036854775807)
D/NetdConnector(  731): RCV <- {200 55 success}
D/NetdConnector(  731): RMV <- {200 55 success}
E/ConnectivityService(  731): Unexpected mtu value: 0, wlan0
D/ConnectivityService(  731): Adding Route [fe80::/64 -> :: wlan0] to network 101
D/NetdConnector(  731): SND -> {57 network route add 101 wlan0 fe80::/64}
D/SocketClient(  237): SocketClient sendData done: 200 56 Bandwidth command succeeeded
D/FrameworkListener(  237): dispatchCommand data = (57 network route add 101 wlan0 fe80::/64)
D/NetdConnector(  731): RCV <- {200 56 Bandwidth command succeeeded}
D/NetdConnector(  731): RMV <- {200 56 Bandwidth command succeeeded}
V/NetworkPolicy(  731): updateNotificationsLocked()
V/NetworkPolicy(  731): writePolicyLocked()
D/SocketClient(  237): SocketClient sendData done: 200 57 success
D/NetdConnector(  731): RCV <- {200 57 success}
D/NetdConnector(  731): RMV <- {200 57 success}
D/ConnectivityService(  731): Adding Route [192.168.43.0/24 -> 0.0.0.0 wlan0] to network 101
D/NetdConnector(  731): SND -> {58 network route add 101 wlan0 192.168.43.0/24}
D/FrameworkListener(  237): dispatchCommand data = (58 network route add 101 wlan0 192.168.43.0/24)
D/SocketClient(  237): SocketClient sendData done: 200 58 success
D/NetdConnector(  731): RCV <- {200 58 success}
D/NetdConnector(  731): RMV <- {200 58 success}
D/ConnectivityService(  731): Adding Route [0.0.0.0/0 -> 192.168.43.1 wlan0] to network 101
D/NetdConnector(  731): SND -> {59 network route add 101 wlan0 0.0.0.0/0 192.168.43.1}
D/FrameworkListener(  237): dispatchCommand data = (59 network route add 101 wlan0 0.0.0.0/0 192.168.43.1)
V/NetworkPolicy(  731): updateNetworkRulesLocked()
I/NetworkIdentity(  731): buildNetworkIdentity:
I/NetworkIdentity(  731): networkId = Honor 8
D/NetworkPolicy(  731): add iface for policy:NetworkPolicy[NetworkTemplate: matchRule=WIFI, matchSubscriberIds=[null], networkId="Honor 8"]: cycleDay=-1, cycleTimezone=UTC, warningBytes=-1, limitBytes=-1, lastWarningSnooze=-1, lastLimitSnooze=-1, metered=true, inferred=true
D/NetworkPolicy(  731): applying policy NetworkPolicy[NetworkTemplate: matchRule=WIFI, matchSubscriberIds=[null], networkId="Honor 8"]: cycleDay=-1, cycleTimezone=UTC, warningBytes=-1, limitBytes=-1, lastWarningSnooze=-1, lastLimitSnooze=-1, metered=true, inferred=true to ifaces [wlan0]
D/NetdConnector(  731): SND -> {60 bandwidth removeiquota wlan0}
D/SocketClient(  237): SocketClient sendData done: 200 59 success
D/FrameworkListener(  237): dispatchCommand data = (60 bandwidth removeiquota wlan0)
D/NetdConnector(  731): RCV <- {200 59 success}
D/NetdConnector(  731): RMV <- {200 59 success}
D/ConnectivityService(  731): Setting Dns servers for network 101 to [/192.168.43.1]
E/ConnectivityService(  731): Add google dns provided for 101 - using 8.8.8.8
D/NetdConnector(  731): SND -> {61 resolver setnetdns 101  192.168.43.1 8.8.8.8}
D/SocketClient(  237): SocketClient sendData done: 200 60 Bandwidth command succeeeded
D/FrameworkListener(  237): dispatchCommand data = (61 resolver setnetdns 101  192.168.43.1 8.8.8.8)
D/NetdConnector(  731): RCV <- {200 60 Bandwidth command succeeeded}
D/SocketClient(  237): SocketClient sendData done: 200 61 Resolver command succeeded
D/NetdConnector(  731): RMV <- {200 60 Bandwidth command succeeeded}
D/NetdConnector(  731): RCV <- {200 61 Resolver command succeeded}
